Initializing symbol table and scope stack...
Symbol table initialized successfully.
Parsing 'docs/input/cminus/03_fibonacci.txt'...
[LEX][1] SKIP_COMMENT
[LEX][3] VOID     -> 'void'
[LEX][3] ID       -> 'main'
[LEX][3] LPAREN   -> '('
[LEX][3] VOID     -> 'void'
[LEX][3] RPAREN   -> ')'
[LEX][4] LBRACE   -> '{'
[LEX][5] INT      -> 'int'
[LEX][5] ID       -> 'n'
[LEX][5] SEMI     -> ';'
[AST DBG] newNode kind=AST_VAR_DECL -> 0x5eaa45f358a0
[PARSER DBG] var_declaration: name=n[LEX][6] INT      -> 'int'
[LEX][6] ID       -> 'i'
[LEX][6] SEMI     -> ';'
[AST DBG] newNode kind=AST_VAR_DECL -> 0x5eaa45f359b0
[PARSER DBG] var_declaration: name=i[LEX][7] INT      -> 'int'
[LEX][7] ID       -> 'previous'
[LEX][7] SEMI     -> ';'
[AST DBG] newNode kind=AST_VAR_DECL -> 0x5eaa45f35ac0
[PARSER DBG] var_declaration: name=previous[LEX][8] INT      -> 'int'
[LEX][8] ID       -> 'current'
[LEX][8] SEMI     -> ';'
[AST DBG] newNode kind=AST_VAR_DECL -> 0x5eaa45f35bd0
[PARSER DBG] var_declaration: name=current[LEX][9] INT      -> 'int'
[LEX][9] ID       -> 'next'
[LEX][9] SEMI     -> ';'
[AST DBG] newNode kind=AST_VAR_DECL -> 0x5eaa45f35ce0
[PARSER DBG] var_declaration: name=next[LEX][11] ID       -> 'n'
[LEX][11] ASSIGN   -> '='
[AST DBG] newNode kind=AST_ID -> 0x5eaa45f35d40
[AST DBG] newIdNode("n") -> 0x5eaa45f35d40
[LEX][11] ID       -> 'input'
[LEX][11] LPAREN   -> '('
[LEX][11] RPAREN   -> ')'
[AST DBG] newNode kind=AST_CALL -> 0x5eaa45f35da0
[LEX][11] SEMI     -> ';'
[AST DBG] newNode kind=AST_ASSIGN -> 0x5eaa45f35e00
[AST DBG] addChild parent=0x5eaa45f35e00(AST_ASSIGN, lineno=11) child=0x5eaa45f35d40(AST_ID, lineno=11)
[AST DBG] addChild parent=0x5eaa45f35e00(AST_ASSIGN, lineno=11) child=0x5eaa45f35da0(AST_CALL, lineno=11)
[PARSER DBG] assignment: var=0x5eaa45f35d40 expr=0x5eaa45f35da0
[LEX][12] ID       -> 'i'
[LEX][12] ASSIGN   -> '='
[AST DBG] newNode kind=AST_ID -> 0x5eaa45f35e40
[AST DBG] newIdNode("i") -> 0x5eaa45f35e40
[LEX][12] NUM      -> '0' (0)
[AST DBG] newNode kind=AST_NUM -> 0x5eaa45f35ea0
[AST DBG] newNumNode(0) -> 0x5eaa45f35ea0
[LEX][12] SEMI     -> ';'
[AST DBG] newNode kind=AST_ASSIGN -> 0x5eaa45f35ee0
[AST DBG] addChild parent=0x5eaa45f35ee0(AST_ASSIGN, lineno=12) child=0x5eaa45f35e40(AST_ID, lineno=12)
[AST DBG] addChild parent=0x5eaa45f35ee0(AST_ASSIGN, lineno=12) child=0x5eaa45f35ea0(AST_NUM, lineno=12)
[PARSER DBG] assignment: var=0x5eaa45f35e40 expr=0x5eaa45f35ea0
[LEX][13] ID       -> 'previous'
[LEX][13] ASSIGN   -> '='
[AST DBG] newNode kind=AST_ID -> 0x5eaa45f35f20
[AST DBG] newIdNode("previous") -> 0x5eaa45f35f20
[LEX][13] NUM      -> '0' (0)
[AST DBG] newNode kind=AST_NUM -> 0x5eaa45f35f80
[AST DBG] newNumNode(0) -> 0x5eaa45f35f80
[LEX][13] SEMI     -> ';'
[AST DBG] newNode kind=AST_ASSIGN -> 0x5eaa45f35fc0
[AST DBG] addChild parent=0x5eaa45f35fc0(AST_ASSIGN, lineno=13) child=0x5eaa45f35f20(AST_ID, lineno=13)
[AST DBG] addChild parent=0x5eaa45f35fc0(AST_ASSIGN, lineno=13) child=0x5eaa45f35f80(AST_NUM, lineno=13)
[PARSER DBG] assignment: var=0x5eaa45f35f20 expr=0x5eaa45f35f80
[LEX][14] ID       -> 'current'
[LEX][14] ASSIGN   -> '='
[AST DBG] newNode kind=AST_ID -> 0x5eaa45f36000
[AST DBG] newIdNode("current") -> 0x5eaa45f36000
[LEX][14] NUM      -> '1' (1)
[AST DBG] newNode kind=AST_NUM -> 0x5eaa45f36060
[AST DBG] newNumNode(1) -> 0x5eaa45f36060
[LEX][14] SEMI     -> ';'
[AST DBG] newNode kind=AST_ASSIGN -> 0x5eaa45f360a0
[AST DBG] addChild parent=0x5eaa45f360a0(AST_ASSIGN, lineno=14) child=0x5eaa45f36000(AST_ID, lineno=14)
[AST DBG] addChild parent=0x5eaa45f360a0(AST_ASSIGN, lineno=14) child=0x5eaa45f36060(AST_NUM, lineno=14)
[PARSER DBG] assignment: var=0x5eaa45f36000 expr=0x5eaa45f36060
[LEX][15] ID       -> 'next'
[LEX][15] ASSIGN   -> '='
[AST DBG] newNode kind=AST_ID -> 0x5eaa45f360e0
[AST DBG] newIdNode("next") -> 0x5eaa45f360e0
[LEX][15] NUM      -> '0' (0)
[AST DBG] newNode kind=AST_NUM -> 0x5eaa45f36140
[AST DBG] newNumNode(0) -> 0x5eaa45f36140
[LEX][15] SEMI     -> ';'
[AST DBG] newNode kind=AST_ASSIGN -> 0x5eaa45f36180
[AST DBG] addChild parent=0x5eaa45f36180(AST_ASSIGN, lineno=15) child=0x5eaa45f360e0(AST_ID, lineno=15)
[AST DBG] addChild parent=0x5eaa45f36180(AST_ASSIGN, lineno=15) child=0x5eaa45f36140(AST_NUM, lineno=15)
[PARSER DBG] assignment: var=0x5eaa45f360e0 expr=0x5eaa45f36140
[LEX][17] WHILE    -> 'while'
[LEX][17] LPAREN   -> '('
[LEX][17] ID       -> 'i'
[LEX][17] LT       -> '<'
[AST DBG] newNode kind=AST_ID -> 0x5eaa45f361c0
[AST DBG] newIdNode("i") -> 0x5eaa45f361c0
[AST DBG] newNode kind=AST_OP -> 0x5eaa45f36220
[LEX][17] ID       -> 'n'
[LEX][17] RPAREN   -> ')'
[AST DBG] newNode kind=AST_ID -> 0x5eaa45f36280
[AST DBG] newIdNode("n") -> 0x5eaa45f36280
[AST DBG] newNode kind=AST_BINOP -> 0x5eaa45f362e0
[AST DBG] addChild parent=0x5eaa45f362e0(AST_BINOP, lineno=17) child=0x5eaa45f361c0(AST_ID, lineno=17)
[AST DBG] addChild parent=0x5eaa45f362e0(AST_BINOP, lineno=17) child=0x5eaa45f36220(AST_OP, lineno=17)
[AST DBG] addChild parent=0x5eaa45f362e0(AST_BINOP, lineno=17) child=0x5eaa45f36280(AST_ID, lineno=17)
[PARSER DBG] binop: left=0x5eaa45f361c0 op=0x5eaa45f36220 right=0x5eaa45f36280
[LEX][17] LBRACE   -> '{'
[LEX][18] ID       -> 'next'
[LEX][18] ASSIGN   -> '='
[AST DBG] newNode kind=AST_ID -> 0x5eaa45f36360
[AST DBG] newIdNode("next") -> 0x5eaa45f36360
[LEX][18] ID       -> 'previous'
[LEX][18] PLUS     -> '+'
[AST DBG] newNode kind=AST_ID -> 0x5eaa45f363c0
[AST DBG] newIdNode("previous") -> 0x5eaa45f363c0
[AST DBG] newNode kind=AST_OP -> 0x5eaa45f36420
[LEX][18] ID       -> 'current'
[LEX][18] SEMI     -> ';'
[AST DBG] newNode kind=AST_ID -> 0x5eaa45f36480
[AST DBG] newIdNode("current") -> 0x5eaa45f36480
[AST DBG] newNode kind=AST_BINOP -> 0x5eaa45f364e0
[AST DBG] addChild parent=0x5eaa45f364e0(AST_BINOP, lineno=18) child=0x5eaa45f363c0(AST_ID, lineno=18)
[AST DBG] addChild parent=0x5eaa45f364e0(AST_BINOP, lineno=18) child=0x5eaa45f36420(AST_OP, lineno=18)
[AST DBG] addChild parent=0x5eaa45f364e0(AST_BINOP, lineno=18) child=0x5eaa45f36480(AST_ID, lineno=18)
[AST DBG] newNode kind=AST_ASSIGN -> 0x5eaa45f36520
[AST DBG] addChild parent=0x5eaa45f36520(AST_ASSIGN, lineno=18) child=0x5eaa45f36360(AST_ID, lineno=18)
[AST DBG] addChild parent=0x5eaa45f36520(AST_ASSIGN, lineno=18) child=0x5eaa45f364e0(AST_BINOP, lineno=18)
[PARSER DBG] assignment: var=0x5eaa45f36360 expr=0x5eaa45f364e0
[LEX][19] ID       -> 'previous'
[LEX][19] ASSIGN   -> '='
[AST DBG] newNode kind=AST_ID -> 0x5eaa45f36560
[AST DBG] newIdNode("previous") -> 0x5eaa45f36560
[LEX][19] ID       -> 'current'
[LEX][19] SEMI     -> ';'
[AST DBG] newNode kind=AST_ID -> 0x5eaa45f365c0
[AST DBG] newIdNode("current") -> 0x5eaa45f365c0
[AST DBG] newNode kind=AST_ASSIGN -> 0x5eaa45f36620
[AST DBG] addChild parent=0x5eaa45f36620(AST_ASSIGN, lineno=19) child=0x5eaa45f36560(AST_ID, lineno=19)
[AST DBG] addChild parent=0x5eaa45f36620(AST_ASSIGN, lineno=19) child=0x5eaa45f365c0(AST_ID, lineno=19)
[PARSER DBG] assignment: var=0x5eaa45f36560 expr=0x5eaa45f365c0
[LEX][20] ID       -> 'current'
[LEX][20] ASSIGN   -> '='
[AST DBG] newNode kind=AST_ID -> 0x5eaa45f36660
[AST DBG] newIdNode("current") -> 0x5eaa45f36660
[LEX][20] ID       -> 'next'
[LEX][20] SEMI     -> ';'
[AST DBG] newNode kind=AST_ID -> 0x5eaa45f366c0
[AST DBG] newIdNode("next") -> 0x5eaa45f366c0
[AST DBG] newNode kind=AST_ASSIGN -> 0x5eaa45f36720
[AST DBG] addChild parent=0x5eaa45f36720(AST_ASSIGN, lineno=20) child=0x5eaa45f36660(AST_ID, lineno=20)
[AST DBG] addChild parent=0x5eaa45f36720(AST_ASSIGN, lineno=20) child=0x5eaa45f366c0(AST_ID, lineno=20)
[PARSER DBG] assignment: var=0x5eaa45f36660 expr=0x5eaa45f366c0
[LEX][21] ID       -> 'i'
[LEX][21] ASSIGN   -> '='
[AST DBG] newNode kind=AST_ID -> 0x5eaa45f36760
[AST DBG] newIdNode("i") -> 0x5eaa45f36760
[LEX][21] ID       -> 'i'
[LEX][21] PLUS     -> '+'
[AST DBG] newNode kind=AST_ID -> 0x5eaa45f367c0
[AST DBG] newIdNode("i") -> 0x5eaa45f367c0
[AST DBG] newNode kind=AST_OP -> 0x5eaa45f36820
[LEX][21] NUM      -> '1' (1)
[AST DBG] newNode kind=AST_NUM -> 0x5eaa45f36860
[AST DBG] newNumNode(1) -> 0x5eaa45f36860
[LEX][21] SEMI     -> ';'
[AST DBG] newNode kind=AST_BINOP -> 0x5eaa45f368a0
[AST DBG] addChild parent=0x5eaa45f368a0(AST_BINOP, lineno=21) child=0x5eaa45f367c0(AST_ID, lineno=21)
[AST DBG] addChild parent=0x5eaa45f368a0(AST_BINOP, lineno=21) child=0x5eaa45f36820(AST_OP, lineno=21)
[AST DBG] addChild parent=0x5eaa45f368a0(AST_BINOP, lineno=21) child=0x5eaa45f36860(AST_NUM, lineno=21)
[AST DBG] newNode kind=AST_ASSIGN -> 0x5eaa45f368e0
[AST DBG] addChild parent=0x5eaa45f368e0(AST_ASSIGN, lineno=21) child=0x5eaa45f36760(AST_ID, lineno=21)
[AST DBG] addChild parent=0x5eaa45f368e0(AST_ASSIGN, lineno=21) child=0x5eaa45f368a0(AST_BINOP, lineno=21)
[PARSER DBG] assignment: var=0x5eaa45f36760 expr=0x5eaa45f368a0
[LEX][22] RBRACE   -> '}'
[AST DBG] newNode kind=AST_BLOCK -> 0x5eaa45f36920
[AST DBG] addChild parent=0x5eaa45f36920(AST_BLOCK, lineno=22) child=0x5eaa45f36520(AST_ASSIGN, lineno=18)
[AST DBG] addChild parent=0x5eaa45f36920(AST_BLOCK, lineno=22) child=0x5eaa45f36620(AST_ASSIGN, lineno=19)
[AST DBG] addChild parent=0x5eaa45f36920(AST_BLOCK, lineno=22) child=0x5eaa45f36720(AST_ASSIGN, lineno=20)
[AST DBG] addChild parent=0x5eaa45f36920(AST_BLOCK, lineno=22) child=0x5eaa45f368e0(AST_ASSIGN, lineno=21)
[PARSER DBG] compound_stmt: scope=main#block0#block1 decls=(nil) stmts=0x5eaa45f36520
[AST DBG] newNode kind=AST_WHILE -> 0x5eaa45f36960
[AST DBG] addChild parent=0x5eaa45f36960(AST_WHILE, lineno=17) child=0x5eaa45f362e0(AST_BINOP, lineno=17)
[AST DBG] addChild parent=0x5eaa45f36960(AST_WHILE, lineno=17) child=0x5eaa45f36920(AST_BLOCK, lineno=22)
[LEX][24] ID       -> 'output'
[LEX][24] LPAREN   -> '('
[LEX][24] ID       -> 'previous'
[LEX][24] RPAREN   -> ')'
[AST DBG] newNode kind=AST_ID -> 0x5eaa45f369c0
[AST DBG] newIdNode("previous") -> 0x5eaa45f369c0
[AST DBG] newNode kind=AST_ARG_LIST -> 0x5eaa45f36a20
[AST DBG] addChild parent=0x5eaa45f36a20(AST_ARG_LIST, lineno=24) child=0x5eaa45f369c0(AST_ID, lineno=24)
[AST DBG] newNode kind=AST_CALL -> 0x5eaa45f36a60
[AST DBG] addChild parent=0x5eaa45f36a60(AST_CALL, lineno=24) child=0x5eaa45f36a20(AST_ARG_LIST, lineno=24)
[LEX][24] SEMI     -> ';'
[LEX][25] RETURN   -> 'return'
[LEX][25] SEMI     -> ';'
[AST DBG] newNode kind=AST_RETURN -> 0x5eaa45f36aa0
[LEX][26] RBRACE   -> '}'
[AST DBG] newNode kind=AST_BLOCK -> 0x5eaa45f36ae0
[AST DBG] addChild parent=0x5eaa45f36ae0(AST_BLOCK, lineno=26) child=0x5eaa45f358a0(AST_VAR_DECL, lineno=5)
[AST DBG] addChild parent=0x5eaa45f36ae0(AST_BLOCK, lineno=26) child=0x5eaa45f35e00(AST_ASSIGN, lineno=11)
[AST DBG] addChild parent=0x5eaa45f36ae0(AST_BLOCK, lineno=26) child=0x5eaa45f35ee0(AST_ASSIGN, lineno=12)
[AST DBG] addChild parent=0x5eaa45f36ae0(AST_BLOCK, lineno=26) child=0x5eaa45f35fc0(AST_ASSIGN, lineno=13)
[AST DBG] addChild parent=0x5eaa45f36ae0(AST_BLOCK, lineno=26) child=0x5eaa45f360a0(AST_ASSIGN, lineno=14)
[AST DBG] addChild parent=0x5eaa45f36ae0(AST_BLOCK, lineno=26) child=0x5eaa45f36180(AST_ASSIGN, lineno=15)
[AST DBG] addChild parent=0x5eaa45f36ae0(AST_BLOCK, lineno=26) child=0x5eaa45f36960(AST_WHILE, lineno=17)
[AST DBG] addChild parent=0x5eaa45f36ae0(AST_BLOCK, lineno=26) child=0x5eaa45f36a60(AST_CALL, lineno=24)
[AST DBG] addChild parent=0x5eaa45f36ae0(AST_BLOCK, lineno=26) child=0x5eaa45f36aa0(AST_RETURN, lineno=25)
[PARSER DBG] compound_stmt: scope=main#block0 decls=0x5eaa45f358a0 stmts=0x5eaa45f35e00
[AST DBG] newNode kind=AST_FUN_DECL -> 0x5eaa45f36b20
[AST DBG] addChild parent=0x5eaa45f36b20(AST_FUN_DECL, lineno=3) child=0x5eaa45f36ae0(AST_BLOCK, lineno=26)
[PARSER DBG] fun_declaration: name=main, params=(nil), body=0x5eaa45f36ae0
[LEX][27] EOF
[AST DBG] newNode kind=AST_PROGRAM -> 0x5eaa45f36b60
[AST DBG] addChild parent=0x5eaa45f36b60(AST_PROGRAM, lineno=3) child=0x5eaa45f36b20(AST_FUN_DECL, lineno=3)
Parse successful.

=== AST ===
Program (lineno=3)
  FunDecl(name=main, lineno=3)
    Block (lineno=26)
      VarDecl(name=n, lineno=5)
      VarDecl(name=i, lineno=6)
      VarDecl(name=previous, lineno=7)
      VarDecl(name=current, lineno=8)
      VarDecl(name=next, lineno=9)
      Assign (lineno=11)
        Id(name=n, lineno=11)
        Call(name=input, lineno=11)
      Assign (lineno=12)
        Id(name=i, lineno=12)
        Num(value=0, lineno=12)
      Assign (lineno=13)
        Id(name=previous, lineno=13)
        Num(value=0, lineno=13)
      Assign (lineno=14)
        Id(name=current, lineno=14)
        Num(value=1, lineno=14)
      Assign (lineno=15)
        Id(name=next, lineno=15)
        Num(value=0, lineno=15)
      While (lineno=17)
        BinOp (lineno=17)
          Id(name=i, lineno=17)
          Op(op='<', lineno=17)
          Id(name=n, lineno=17)
        Block (lineno=22)
          Assign (lineno=18)
            Id(name=next, lineno=18)
            BinOp (lineno=18)
              Id(name=previous, lineno=18)
              Op(op='+', lineno=18)
              Id(name=current, lineno=18)
          Assign (lineno=19)
            Id(name=previous, lineno=19)
            Id(name=current, lineno=19)
          Assign (lineno=20)
            Id(name=current, lineno=20)
            Id(name=next, lineno=20)
          Assign (lineno=21)
            Id(name=i, lineno=21)
            BinOp (lineno=21)
              Id(name=i, lineno=21)
              Op(op='+', lineno=21)
              Num(value=1, lineno=21)
      Call(name=output, lineno=24)
        ArgList (lineno=24)
          Id(name=previous, lineno=24)
      Return (lineno=25)
AST has been saved to: docs/generated/frontend/syntax_tree/ast.txt
Semantic analysis completed successfully with no errors.

=== IR ===

[IR_DBG] === Starting IR Generation ===
[IR_DBG] Pass 1: Searching for global variable declarations...
[IR_DBG] > generate_ir_for_node: Processing node kind AST_PROGRAM at line 3
[IR_DBG]   Case AST_PROGRAM
[IR_DBG] > generate_ir_for_node: Processing node kind AST_FUN_DECL at line 3
[IR_DBG]   Case AST_FUN_DECL for 'main'
[IR_DBG] Creating new name operand: main
[IR_DBG] Emitting instruction with opcode 15
[IR_DBG] > generate_ir_for_node: Processing node kind AST_BLOCK at line 26
[IR_DBG]   Case AST_BLOCK
[IR_DBG] > generate_ir_for_node: Processing node kind AST_ASSIGN at line 11
[IR_DBG]   Case AST_ASSIGN (as statement)
[IR_DBG] >> generate_ir_for_expr: Processing expression kind AST_ASSIGN at line 11
[IR_DBG]    Case AST_ASSIGN
[IR_DBG] >> generate_ir_for_expr: Processing expression kind AST_CALL at line 11
[IR_DBG]    Case AST_CALL for function 'input'
[IR_DBG] Creating new temporary: t0
[IR_DBG] Creating new constant: 0
[IR_DBG] Creating new name operand: input
[IR_DBG] Emitting instruction with opcode 22
[IR_DBG] << generate_ir_for_expr: Finished processing expression kind AST_CALL
[IR_DBG] Creating new name operand: n
[IR_DBG] Emitting instruction with opcode 0
[IR_DBG] << generate_ir_for_expr: Finished processing expression kind AST_ASSIGN
[IR_DBG] < generate_ir_for_node: Finished processing node kind AST_ASSIGN
[IR_DBG] > generate_ir_for_node: Processing node kind AST_ASSIGN at line 12
[IR_DBG]   Case AST_ASSIGN (as statement)
[IR_DBG] >> generate_ir_for_expr: Processing expression kind AST_ASSIGN at line 12
[IR_DBG]    Case AST_ASSIGN
[IR_DBG] >> generate_ir_for_expr: Processing expression kind AST_NUM at line 12
[IR_DBG]    Case AST_NUM
[IR_DBG] Creating new constant: 0
[IR_DBG] << generate_ir_for_expr: Finished processing expression kind AST_NUM
[IR_DBG] Creating new name operand: i
[IR_DBG] Emitting instruction with opcode 0
[IR_DBG] << generate_ir_for_expr: Finished processing expression kind AST_ASSIGN
[IR_DBG] < generate_ir_for_node: Finished processing node kind AST_ASSIGN
[IR_DBG] > generate_ir_for_node: Processing node kind AST_ASSIGN at line 13
[IR_DBG]   Case AST_ASSIGN (as statement)
[IR_DBG] >> generate_ir_for_expr: Processing expression kind AST_ASSIGN at line 13
[IR_DBG]    Case AST_ASSIGN
[IR_DBG] >> generate_ir_for_expr: Processing expression kind AST_NUM at line 13
[IR_DBG]    Case AST_NUM
[IR_DBG] Creating new constant: 0
[IR_DBG] << generate_ir_for_expr: Finished processing expression kind AST_NUM
[IR_DBG] Creating new name operand: previous
[IR_DBG] Emitting instruction with opcode 0
[IR_DBG] << generate_ir_for_expr: Finished processing expression kind AST_ASSIGN
[IR_DBG] < generate_ir_for_node: Finished processing node kind AST_ASSIGN
[IR_DBG] > generate_ir_for_node: Processing node kind AST_ASSIGN at line 14
[IR_DBG]   Case AST_ASSIGN (as statement)
[IR_DBG] >> generate_ir_for_expr: Processing expression kind AST_ASSIGN at line 14
[IR_DBG]    Case AST_ASSIGN
[IR_DBG] >> generate_ir_for_expr: Processing expression kind AST_NUM at line 14
[IR_DBG]    Case AST_NUM
[IR_DBG] Creating new constant: 1
[IR_DBG] << generate_ir_for_expr: Finished processing expression kind AST_NUM
[IR_DBG] Creating new name operand: current
[IR_DBG] Emitting instruction with opcode 0
[IR_DBG] << generate_ir_for_expr: Finished processing expression kind AST_ASSIGN
[IR_DBG] < generate_ir_for_node: Finished processing node kind AST_ASSIGN
[IR_DBG] > generate_ir_for_node: Processing node kind AST_ASSIGN at line 15
[IR_DBG]   Case AST_ASSIGN (as statement)
[IR_DBG] >> generate_ir_for_expr: Processing expression kind AST_ASSIGN at line 15
[IR_DBG]    Case AST_ASSIGN
[IR_DBG] >> generate_ir_for_expr: Processing expression kind AST_NUM at line 15
[IR_DBG]    Case AST_NUM
[IR_DBG] Creating new constant: 0
[IR_DBG] << generate_ir_for_expr: Finished processing expression kind AST_NUM
[IR_DBG] Creating new name operand: next
[IR_DBG] Emitting instruction with opcode 0
[IR_DBG] << generate_ir_for_expr: Finished processing expression kind AST_ASSIGN
[IR_DBG] < generate_ir_for_node: Finished processing node kind AST_ASSIGN
[IR_DBG] > generate_ir_for_node: Processing node kind AST_WHILE at line 17
[IR_DBG]   Case AST_WHILE
[IR_DBG] Creating new label: L0
[IR_DBG] Creating new label: L1
[IR_DBG] Emitting instruction with opcode 15
[IR_DBG] >> generate_ir_for_expr: Processing expression kind AST_BINOP at line 17
[IR_DBG]    Case AST_BINOP
[IR_DBG]      Operator: '<'
[IR_DBG] >> generate_ir_for_expr: Processing expression kind AST_ID at line 17
[IR_DBG]    Case AST_ID
[IR_DBG] Creating new name operand: i
[IR_DBG] << generate_ir_for_expr: Finished processing expression kind AST_ID
[IR_DBG] >> generate_ir_for_expr: Processing expression kind AST_ID at line 17
[IR_DBG]    Case AST_ID
[IR_DBG] Creating new name operand: n
[IR_DBG] << generate_ir_for_expr: Finished processing expression kind AST_ID
[IR_DBG] Creating new temporary: t1
[IR_DBG] Emitting instruction with opcode 11
[IR_DBG] << generate_ir_for_expr: Finished processing expression kind AST_BINOP
[IR_DBG] Emitting instruction with opcode 17
[IR_DBG] > generate_ir_for_node: Processing node kind AST_BLOCK at line 22
[IR_DBG]   Case AST_BLOCK
[IR_DBG] > generate_ir_for_node: Processing node kind AST_ASSIGN at line 18
[IR_DBG]   Case AST_ASSIGN (as statement)
[IR_DBG] >> generate_ir_for_expr: Processing expression kind AST_ASSIGN at line 18
[IR_DBG]    Case AST_ASSIGN
[IR_DBG] >> generate_ir_for_expr: Processing expression kind AST_BINOP at line 18
[IR_DBG]    Case AST_BINOP
[IR_DBG]      Operator: '+'
[IR_DBG] >> generate_ir_for_expr: Processing expression kind AST_ID at line 18
[IR_DBG]    Case AST_ID
[IR_DBG] Creating new name operand: previous
[IR_DBG] << generate_ir_for_expr: Finished processing expression kind AST_ID
[IR_DBG] >> generate_ir_for_expr: Processing expression kind AST_ID at line 18
[IR_DBG]    Case AST_ID
[IR_DBG] Creating new name operand: current
[IR_DBG] << generate_ir_for_expr: Finished processing expression kind AST_ID
[IR_DBG] Creating new temporary: t2
[IR_DBG] Emitting instruction with opcode 5
[IR_DBG] << generate_ir_for_expr: Finished processing expression kind AST_BINOP
[IR_DBG] Creating new name operand: next
[IR_DBG] Emitting instruction with opcode 0
[IR_DBG] << generate_ir_for_expr: Finished processing expression kind AST_ASSIGN
[IR_DBG] < generate_ir_for_node: Finished processing node kind AST_ASSIGN
[IR_DBG] > generate_ir_for_node: Processing node kind AST_ASSIGN at line 19
[IR_DBG]   Case AST_ASSIGN (as statement)
[IR_DBG] >> generate_ir_for_expr: Processing expression kind AST_ASSIGN at line 19
[IR_DBG]    Case AST_ASSIGN
[IR_DBG] >> generate_ir_for_expr: Processing expression kind AST_ID at line 19
[IR_DBG]    Case AST_ID
[IR_DBG] Creating new name operand: current
[IR_DBG] << generate_ir_for_expr: Finished processing expression kind AST_ID
[IR_DBG] Creating new name operand: previous
[IR_DBG] Emitting instruction with opcode 0
[IR_DBG] << generate_ir_for_expr: Finished processing expression kind AST_ASSIGN
[IR_DBG] < generate_ir_for_node: Finished processing node kind AST_ASSIGN
[IR_DBG] > generate_ir_for_node: Processing node kind AST_ASSIGN at line 20
[IR_DBG]   Case AST_ASSIGN (as statement)
[IR_DBG] >> generate_ir_for_expr: Processing expression kind AST_ASSIGN at line 20
[IR_DBG]    Case AST_ASSIGN
[IR_DBG] >> generate_ir_for_expr: Processing expression kind AST_ID at line 20
[IR_DBG]    Case AST_ID
[IR_DBG] Creating new name operand: next
[IR_DBG] << generate_ir_for_expr: Finished processing expression kind AST_ID
[IR_DBG] Creating new name operand: current
[IR_DBG] Emitting instruction with opcode 0
[IR_DBG] << generate_ir_for_expr: Finished processing expression kind AST_ASSIGN
[IR_DBG] < generate_ir_for_node: Finished processing node kind AST_ASSIGN
[IR_DBG] > generate_ir_for_node: Processing node kind AST_ASSIGN at line 21
[IR_DBG]   Case AST_ASSIGN (as statement)
[IR_DBG] >> generate_ir_for_expr: Processing expression kind AST_ASSIGN at line 21
[IR_DBG]    Case AST_ASSIGN
[IR_DBG] >> generate_ir_for_expr: Processing expression kind AST_BINOP at line 21
[IR_DBG]    Case AST_BINOP
[IR_DBG]      Operator: '+'
[IR_DBG] >> generate_ir_for_expr: Processing expression kind AST_ID at line 21
[IR_DBG]    Case AST_ID
[IR_DBG] Creating new name operand: i
[IR_DBG] << generate_ir_for_expr: Finished processing expression kind AST_ID
[IR_DBG] >> generate_ir_for_expr: Processing expression kind AST_NUM at line 21
[IR_DBG]    Case AST_NUM
[IR_DBG] Creating new constant: 1
[IR_DBG] << generate_ir_for_expr: Finished processing expression kind AST_NUM
[IR_DBG] Creating new temporary: t3
[IR_DBG] Emitting instruction with opcode 5
[IR_DBG] << generate_ir_for_expr: Finished processing expression kind AST_BINOP
[IR_DBG] Creating new name operand: i
[IR_DBG] Emitting instruction with opcode 0
[IR_DBG] << generate_ir_for_expr: Finished processing expression kind AST_ASSIGN
[IR_DBG] < generate_ir_for_node: Finished processing node kind AST_ASSIGN
[IR_DBG] < generate_ir_for_node: Finished processing node kind AST_BLOCK
[IR_DBG] Emitting instruction with opcode 16
[IR_DBG] Emitting instruction with opcode 15
[IR_DBG] < generate_ir_for_node: Finished processing node kind AST_WHILE
[IR_DBG] > generate_ir_for_node: Processing node kind AST_CALL at line 24
[IR_DBG]   Case AST_CALL (as statement)
[IR_DBG] >> generate_ir_for_expr: Processing expression kind AST_CALL at line 24
[IR_DBG]    Case AST_CALL for function 'output'
[IR_DBG] >> generate_ir_for_expr: Processing expression kind AST_ID at line 24
[IR_DBG]    Case AST_ID
[IR_DBG] Creating new name operand: previous
[IR_DBG] << generate_ir_for_expr: Finished processing expression kind AST_ID
[IR_DBG] Emitting instruction with opcode 20
[IR_DBG] Creating new constant: 1
[IR_DBG] Creating new name operand: output
[IR_DBG] Emitting instruction with opcode 21
[IR_DBG] << generate_ir_for_expr: Finished processing expression kind AST_CALL
[IR_DBG] < generate_ir_for_node: Finished processing node kind AST_CALL
[IR_DBG] > generate_ir_for_node: Processing node kind AST_RETURN at line 25
[IR_DBG]   Case AST_RETURN
[IR_DBG] Emitting instruction with opcode 18
[IR_DBG] < generate_ir_for_node: Finished processing node kind AST_RETURN
[IR_DBG] < generate_ir_for_node: Finished processing node kind AST_BLOCK
[IR_DBG] Emitting instruction with opcode 18
[IR_DBG] < generate_ir_for_node: Finished processing node kind AST_FUN_DECL
[IR_DBG] < generate_ir_for_node: Finished processing node kind AST_PROGRAM
[IR_DBG] === Finished IR Generation ===

--- BEGIN IR DUMP (Terminal) ---
main:
  t0 := call input, 0
  n := t0
  i := 0
  previous := 0
  current := 1
  next := 0
L0:
  t1 := i < n
  if_false t1 goto L1
  t2 := previous + current
  next := t2
  previous := current
  current := next
  t3 := i + 1
  i := t3
  goto L0
L1:
  arg previous
  call output, 1
  return _
--- END IR DUMP ---
IR dump has been saved to: docs/generated/intermediate/semantic/ir/generated_IR.txt
======= SYMBOL TABLE =======
Name            Scope      Kind   Decl Lines           Use Lines            Type  
--------------------------------------------------------------------------
next            main#block0 VAR    9	15,18,20	INT
current         main#block0 VAR    8	14,18,19,20	INT
previous        main#block0 VAR    7	13,18,19,24	INT
i               main#block0 VAR    6	12,17,21,21	INT
n               main#block0 VAR    5	11,17	INT
main            global     FUNC   3		VOID
output          global     FUNC   0	24	VOID
input           global     FUNC   0	11	INT
======= END OF TABLE =======
Symbol table has been saved to: docs/generated/frontend/symbol_table/symbol_table.txt
