Initializing symbol table and scope stack...
Symbol table initialized successfully.
Parsing 'docs/input/cminus/04_numero_primo.txt'...
[LEX][1] SKIP_COMMENT
[LEX][3] VOID     -> 'void'
[LEX][3] ID       -> 'main'
[LEX][3] LPAREN   -> '('
[LEX][3] VOID     -> 'void'
[LEX][3] RPAREN   -> ')'
[LEX][4] LBRACE   -> '{'
[LEX][5] INT      -> 'int'
[LEX][5] ID       -> 'n'
[LEX][5] SEMI     -> ';'
[AST DBG] newNode kind=AST_VAR_DECL -> 0x5645eb41f8a0
[PARSER DBG] var_declaration: name=n[LEX][6] INT      -> 'int'
[LEX][6] ID       -> 'divisor'
[LEX][6] SEMI     -> ';'
[AST DBG] newNode kind=AST_VAR_DECL -> 0x5645eb41f9b0
[PARSER DBG] var_declaration: name=divisor[LEX][7] INT      -> 'int'
[LEX][7] ID       -> 'quotient'
[LEX][7] SEMI     -> ';'
[AST DBG] newNode kind=AST_VAR_DECL -> 0x5645eb41fac0
[PARSER DBG] var_declaration: name=quotient[LEX][8] INT      -> 'int'
[LEX][8] ID       -> 'remainder'
[LEX][8] SEMI     -> ';'
[AST DBG] newNode kind=AST_VAR_DECL -> 0x5645eb41fbd0
[PARSER DBG] var_declaration: name=remainder[LEX][9] INT      -> 'int'
[LEX][9] ID       -> 'is_prime'
[LEX][9] SEMI     -> ';'
[AST DBG] newNode kind=AST_VAR_DECL -> 0x5645eb41fce0
[PARSER DBG] var_declaration: name=is_prime[LEX][11] ID       -> 'n'
[LEX][11] ASSIGN   -> '='
[AST DBG] newNode kind=AST_ID -> 0x5645eb41fd40
[AST DBG] newIdNode("n") -> 0x5645eb41fd40
[LEX][11] ID       -> 'input'
[LEX][11] LPAREN   -> '('
[LEX][11] RPAREN   -> ')'
[AST DBG] newNode kind=AST_CALL -> 0x5645eb41fda0
[LEX][11] SEMI     -> ';'
[AST DBG] newNode kind=AST_ASSIGN -> 0x5645eb41fe00
[AST DBG] addChild parent=0x5645eb41fe00(AST_ASSIGN, lineno=11) child=0x5645eb41fd40(AST_ID, lineno=11)
[AST DBG] addChild parent=0x5645eb41fe00(AST_ASSIGN, lineno=11) child=0x5645eb41fda0(AST_CALL, lineno=11)
[PARSER DBG] assignment: var=0x5645eb41fd40 expr=0x5645eb41fda0
[LEX][12] ID       -> 'divisor'
[LEX][12] ASSIGN   -> '='
[AST DBG] newNode kind=AST_ID -> 0x5645eb41fe40
[AST DBG] newIdNode("divisor") -> 0x5645eb41fe40
[LEX][12] NUM      -> '2' (2)
[AST DBG] newNode kind=AST_NUM -> 0x5645eb41fea0
[AST DBG] newNumNode(2) -> 0x5645eb41fea0
[LEX][12] SEMI     -> ';'
[AST DBG] newNode kind=AST_ASSIGN -> 0x5645eb41fee0
[AST DBG] addChild parent=0x5645eb41fee0(AST_ASSIGN, lineno=12) child=0x5645eb41fe40(AST_ID, lineno=12)
[AST DBG] addChild parent=0x5645eb41fee0(AST_ASSIGN, lineno=12) child=0x5645eb41fea0(AST_NUM, lineno=12)
[PARSER DBG] assignment: var=0x5645eb41fe40 expr=0x5645eb41fea0
[LEX][13] ID       -> 'quotient'
[LEX][13] ASSIGN   -> '='
[AST DBG] newNode kind=AST_ID -> 0x5645eb41ff20
[AST DBG] newIdNode("quotient") -> 0x5645eb41ff20
[LEX][13] NUM      -> '0' (0)
[AST DBG] newNode kind=AST_NUM -> 0x5645eb41ff80
[AST DBG] newNumNode(0) -> 0x5645eb41ff80
[LEX][13] SEMI     -> ';'
[AST DBG] newNode kind=AST_ASSIGN -> 0x5645eb41ffc0
[AST DBG] addChild parent=0x5645eb41ffc0(AST_ASSIGN, lineno=13) child=0x5645eb41ff20(AST_ID, lineno=13)
[AST DBG] addChild parent=0x5645eb41ffc0(AST_ASSIGN, lineno=13) child=0x5645eb41ff80(AST_NUM, lineno=13)
[PARSER DBG] assignment: var=0x5645eb41ff20 expr=0x5645eb41ff80
[LEX][14] ID       -> 'remainder'
[LEX][14] ASSIGN   -> '='
[AST DBG] newNode kind=AST_ID -> 0x5645eb420000
[AST DBG] newIdNode("remainder") -> 0x5645eb420000
[LEX][14] NUM      -> '0' (0)
[AST DBG] newNode kind=AST_NUM -> 0x5645eb420060
[AST DBG] newNumNode(0) -> 0x5645eb420060
[LEX][14] SEMI     -> ';'
[AST DBG] newNode kind=AST_ASSIGN -> 0x5645eb4200a0
[AST DBG] addChild parent=0x5645eb4200a0(AST_ASSIGN, lineno=14) child=0x5645eb420000(AST_ID, lineno=14)
[AST DBG] addChild parent=0x5645eb4200a0(AST_ASSIGN, lineno=14) child=0x5645eb420060(AST_NUM, lineno=14)
[PARSER DBG] assignment: var=0x5645eb420000 expr=0x5645eb420060
[LEX][15] ID       -> 'is_prime'
[LEX][15] ASSIGN   -> '='
[AST DBG] newNode kind=AST_ID -> 0x5645eb4200e0
[AST DBG] newIdNode("is_prime") -> 0x5645eb4200e0
[LEX][15] NUM      -> '1' (1)
[AST DBG] newNode kind=AST_NUM -> 0x5645eb420140
[AST DBG] newNumNode(1) -> 0x5645eb420140
[LEX][15] SEMI     -> ';'
[AST DBG] newNode kind=AST_ASSIGN -> 0x5645eb420180
[AST DBG] addChild parent=0x5645eb420180(AST_ASSIGN, lineno=15) child=0x5645eb4200e0(AST_ID, lineno=15)
[AST DBG] addChild parent=0x5645eb420180(AST_ASSIGN, lineno=15) child=0x5645eb420140(AST_NUM, lineno=15)
[PARSER DBG] assignment: var=0x5645eb4200e0 expr=0x5645eb420140
[LEX][17] IF       -> 'if'
[LEX][17] LPAREN   -> '('
[LEX][17] ID       -> 'n'
[LEX][17] LT       -> '<'
[AST DBG] newNode kind=AST_ID -> 0x5645eb4201c0
[AST DBG] newIdNode("n") -> 0x5645eb4201c0
[AST DBG] newNode kind=AST_OP -> 0x5645eb420220
[LEX][17] NUM      -> '2' (2)
[AST DBG] newNode kind=AST_NUM -> 0x5645eb420260
[AST DBG] newNumNode(2) -> 0x5645eb420260
[LEX][17] RPAREN   -> ')'
[AST DBG] newNode kind=AST_BINOP -> 0x5645eb4202a0
[AST DBG] addChild parent=0x5645eb4202a0(AST_BINOP, lineno=17) child=0x5645eb4201c0(AST_ID, lineno=17)
[AST DBG] addChild parent=0x5645eb4202a0(AST_BINOP, lineno=17) child=0x5645eb420220(AST_OP, lineno=17)
[AST DBG] addChild parent=0x5645eb4202a0(AST_BINOP, lineno=17) child=0x5645eb420260(AST_NUM, lineno=17)
[PARSER DBG] binop: left=0x5645eb4201c0 op=0x5645eb420220 right=0x5645eb420260
[LEX][17] LBRACE   -> '{'
[LEX][18] ID       -> 'is_prime'
[LEX][18] ASSIGN   -> '='
[AST DBG] newNode kind=AST_ID -> 0x5645eb420340
[AST DBG] newIdNode("is_prime") -> 0x5645eb420340
[LEX][18] NUM      -> '0' (0)
[AST DBG] newNode kind=AST_NUM -> 0x5645eb4203a0
[AST DBG] newNumNode(0) -> 0x5645eb4203a0
[LEX][18] SEMI     -> ';'
[AST DBG] newNode kind=AST_ASSIGN -> 0x5645eb4203e0
[AST DBG] addChild parent=0x5645eb4203e0(AST_ASSIGN, lineno=18) child=0x5645eb420340(AST_ID, lineno=18)
[AST DBG] addChild parent=0x5645eb4203e0(AST_ASSIGN, lineno=18) child=0x5645eb4203a0(AST_NUM, lineno=18)
[PARSER DBG] assignment: var=0x5645eb420340 expr=0x5645eb4203a0
[LEX][19] RBRACE   -> '}'
[AST DBG] newNode kind=AST_BLOCK -> 0x5645eb420420
[AST DBG] addChild parent=0x5645eb420420(AST_BLOCK, lineno=19) child=0x5645eb4203e0(AST_ASSIGN, lineno=18)
[PARSER DBG] compound_stmt: scope=main#block0#block1 decls=(nil) stmts=0x5645eb4203e0
[LEX][21] WHILE    -> 'while'
[AST DBG] newNode kind=AST_IF -> 0x5645eb420460
[AST DBG] addChild parent=0x5645eb420460(AST_IF, lineno=17) child=0x5645eb4202a0(AST_BINOP, lineno=17)
[AST DBG] addChild parent=0x5645eb420460(AST_IF, lineno=17) child=0x5645eb420420(AST_BLOCK, lineno=19)
[LEX][21] LPAREN   -> '('
[LEX][21] ID       -> 'divisor'
[LEX][21] LT       -> '<'
[AST DBG] newNode kind=AST_ID -> 0x5645eb4204a0
[AST DBG] newIdNode("divisor") -> 0x5645eb4204a0
[AST DBG] newNode kind=AST_OP -> 0x5645eb4204e0
[LEX][21] ID       -> 'n'
[LEX][21] RPAREN   -> ')'
[AST DBG] newNode kind=AST_ID -> 0x5645eb420540
[AST DBG] newIdNode("n") -> 0x5645eb420540
[AST DBG] newNode kind=AST_BINOP -> 0x5645eb4205a0
[AST DBG] addChild parent=0x5645eb4205a0(AST_BINOP, lineno=21) child=0x5645eb4204a0(AST_ID, lineno=21)
[AST DBG] addChild parent=0x5645eb4205a0(AST_BINOP, lineno=21) child=0x5645eb4204e0(AST_OP, lineno=21)
[AST DBG] addChild parent=0x5645eb4205a0(AST_BINOP, lineno=21) child=0x5645eb420540(AST_ID, lineno=21)
[PARSER DBG] binop: left=0x5645eb4204a0 op=0x5645eb4204e0 right=0x5645eb420540
[LEX][21] LBRACE   -> '{'
[LEX][22] ID       -> 'quotient'
[LEX][22] ASSIGN   -> '='
[AST DBG] newNode kind=AST_ID -> 0x5645eb420620
[AST DBG] newIdNode("quotient") -> 0x5645eb420620
[LEX][22] ID       -> 'n'
[LEX][22] DIV      -> '/'
[AST DBG] newNode kind=AST_ID -> 0x5645eb420680
[AST DBG] newIdNode("n") -> 0x5645eb420680
[AST DBG] newNode kind=AST_OP -> 0x5645eb4206e0
[LEX][22] ID       -> 'divisor'
[LEX][22] SEMI     -> ';'
[AST DBG] newNode kind=AST_ID -> 0x5645eb420740
[AST DBG] newIdNode("divisor") -> 0x5645eb420740
[AST DBG] newNode kind=AST_BINOP -> 0x5645eb4207a0
[AST DBG] addChild parent=0x5645eb4207a0(AST_BINOP, lineno=22) child=0x5645eb420680(AST_ID, lineno=22)
[AST DBG] addChild parent=0x5645eb4207a0(AST_BINOP, lineno=22) child=0x5645eb4206e0(AST_OP, lineno=22)
[AST DBG] addChild parent=0x5645eb4207a0(AST_BINOP, lineno=22) child=0x5645eb420740(AST_ID, lineno=22)
[AST DBG] newNode kind=AST_ASSIGN -> 0x5645eb4207e0
[AST DBG] addChild parent=0x5645eb4207e0(AST_ASSIGN, lineno=22) child=0x5645eb420620(AST_ID, lineno=22)
[AST DBG] addChild parent=0x5645eb4207e0(AST_ASSIGN, lineno=22) child=0x5645eb4207a0(AST_BINOP, lineno=22)
[PARSER DBG] assignment: var=0x5645eb420620 expr=0x5645eb4207a0
[LEX][23] ID       -> 'remainder'
[LEX][23] ASSIGN   -> '='
[AST DBG] newNode kind=AST_ID -> 0x5645eb420820
[AST DBG] newIdNode("remainder") -> 0x5645eb420820
[LEX][23] ID       -> 'n'
[LEX][23] MINUS    -> '-'
[AST DBG] newNode kind=AST_ID -> 0x5645eb420880
[AST DBG] newIdNode("n") -> 0x5645eb420880
[AST DBG] newNode kind=AST_OP -> 0x5645eb4208e0
[LEX][23] ID       -> 'quotient'
[LEX][23] TIMES    -> '*'
[AST DBG] newNode kind=AST_ID -> 0x5645eb420940
[AST DBG] newIdNode("quotient") -> 0x5645eb420940
[AST DBG] newNode kind=AST_OP -> 0x5645eb4209a0
[LEX][23] ID       -> 'divisor'
[LEX][23] SEMI     -> ';'
[AST DBG] newNode kind=AST_ID -> 0x5645eb420a00
[AST DBG] newIdNode("divisor") -> 0x5645eb420a00
[AST DBG] newNode kind=AST_BINOP -> 0x5645eb420a60
[AST DBG] addChild parent=0x5645eb420a60(AST_BINOP, lineno=23) child=0x5645eb420940(AST_ID, lineno=23)
[AST DBG] addChild parent=0x5645eb420a60(AST_BINOP, lineno=23) child=0x5645eb4209a0(AST_OP, lineno=23)
[AST DBG] addChild parent=0x5645eb420a60(AST_BINOP, lineno=23) child=0x5645eb420a00(AST_ID, lineno=23)
[AST DBG] newNode kind=AST_BINOP -> 0x5645eb420aa0
[AST DBG] addChild parent=0x5645eb420aa0(AST_BINOP, lineno=23) child=0x5645eb420880(AST_ID, lineno=23)
[AST DBG] addChild parent=0x5645eb420aa0(AST_BINOP, lineno=23) child=0x5645eb4208e0(AST_OP, lineno=23)
[AST DBG] addChild parent=0x5645eb420aa0(AST_BINOP, lineno=23) child=0x5645eb420a60(AST_BINOP, lineno=23)
[AST DBG] newNode kind=AST_ASSIGN -> 0x5645eb420ae0
[AST DBG] addChild parent=0x5645eb420ae0(AST_ASSIGN, lineno=23) child=0x5645eb420820(AST_ID, lineno=23)
[AST DBG] addChild parent=0x5645eb420ae0(AST_ASSIGN, lineno=23) child=0x5645eb420aa0(AST_BINOP, lineno=23)
[PARSER DBG] assignment: var=0x5645eb420820 expr=0x5645eb420aa0
[LEX][24] IF       -> 'if'
[LEX][24] LPAREN   -> '('
[LEX][24] ID       -> 'remainder'
[LEX][24] EQ       -> '=='
[AST DBG] newNode kind=AST_ID -> 0x5645eb420b20
[AST DBG] newIdNode("remainder") -> 0x5645eb420b20
[AST DBG] newNode kind=AST_OP -> 0x5645eb420b80
[LEX][24] NUM      -> '0' (0)
[AST DBG] newNode kind=AST_NUM -> 0x5645eb420bc0
[AST DBG] newNumNode(0) -> 0x5645eb420bc0
[LEX][24] RPAREN   -> ')'
[AST DBG] newNode kind=AST_BINOP -> 0x5645eb420c00
[AST DBG] addChild parent=0x5645eb420c00(AST_BINOP, lineno=24) child=0x5645eb420b20(AST_ID, lineno=24)
[AST DBG] addChild parent=0x5645eb420c00(AST_BINOP, lineno=24) child=0x5645eb420b80(AST_OP, lineno=24)
[AST DBG] addChild parent=0x5645eb420c00(AST_BINOP, lineno=24) child=0x5645eb420bc0(AST_NUM, lineno=24)
[PARSER DBG] binop: left=0x5645eb420b20 op=0x5645eb420b80 right=0x5645eb420bc0
[LEX][24] LBRACE   -> '{'
[LEX][25] ID       -> 'is_prime'
[LEX][25] ASSIGN   -> '='
[AST DBG] newNode kind=AST_ID -> 0x5645eb420cc0
[AST DBG] newIdNode("is_prime") -> 0x5645eb420cc0
[LEX][25] NUM      -> '0' (0)
[AST DBG] newNode kind=AST_NUM -> 0x5645eb420d20
[AST DBG] newNumNode(0) -> 0x5645eb420d20
[LEX][25] SEMI     -> ';'
[AST DBG] newNode kind=AST_ASSIGN -> 0x5645eb420d60
[AST DBG] addChild parent=0x5645eb420d60(AST_ASSIGN, lineno=25) child=0x5645eb420cc0(AST_ID, lineno=25)
[AST DBG] addChild parent=0x5645eb420d60(AST_ASSIGN, lineno=25) child=0x5645eb420d20(AST_NUM, lineno=25)
[PARSER DBG] assignment: var=0x5645eb420cc0 expr=0x5645eb420d20
[LEX][26] RBRACE   -> '}'
[AST DBG] newNode kind=AST_BLOCK -> 0x5645eb420da0
[AST DBG] addChild parent=0x5645eb420da0(AST_BLOCK, lineno=26) child=0x5645eb420d60(AST_ASSIGN, lineno=25)
[PARSER DBG] compound_stmt: scope=main#block0#block2#block3 decls=(nil) stmts=0x5645eb420d60
[LEX][27] ID       -> 'divisor'
[AST DBG] newNode kind=AST_IF -> 0x5645eb420de0
[AST DBG] addChild parent=0x5645eb420de0(AST_IF, lineno=24) child=0x5645eb420c00(AST_BINOP, lineno=24)
[AST DBG] addChild parent=0x5645eb420de0(AST_IF, lineno=24) child=0x5645eb420da0(AST_BLOCK, lineno=26)
[LEX][27] ASSIGN   -> '='
[AST DBG] newNode kind=AST_ID -> 0x5645eb420e20
[AST DBG] newIdNode("divisor") -> 0x5645eb420e20
[LEX][27] ID       -> 'divisor'
[LEX][27] PLUS     -> '+'
[AST DBG] newNode kind=AST_ID -> 0x5645eb420e80
[AST DBG] newIdNode("divisor") -> 0x5645eb420e80
[AST DBG] newNode kind=AST_OP -> 0x5645eb420ee0
[LEX][27] NUM      -> '1' (1)
[AST DBG] newNode kind=AST_NUM -> 0x5645eb420f20
[AST DBG] newNumNode(1) -> 0x5645eb420f20
[LEX][27] SEMI     -> ';'
[AST DBG] newNode kind=AST_BINOP -> 0x5645eb420f60
[AST DBG] addChild parent=0x5645eb420f60(AST_BINOP, lineno=27) child=0x5645eb420e80(AST_ID, lineno=27)
[AST DBG] addChild parent=0x5645eb420f60(AST_BINOP, lineno=27) child=0x5645eb420ee0(AST_OP, lineno=27)
[AST DBG] addChild parent=0x5645eb420f60(AST_BINOP, lineno=27) child=0x5645eb420f20(AST_NUM, lineno=27)
[AST DBG] newNode kind=AST_ASSIGN -> 0x5645eb420fa0
[AST DBG] addChild parent=0x5645eb420fa0(AST_ASSIGN, lineno=27) child=0x5645eb420e20(AST_ID, lineno=27)
[AST DBG] addChild parent=0x5645eb420fa0(AST_ASSIGN, lineno=27) child=0x5645eb420f60(AST_BINOP, lineno=27)
[PARSER DBG] assignment: var=0x5645eb420e20 expr=0x5645eb420f60
[LEX][28] RBRACE   -> '}'
[AST DBG] newNode kind=AST_BLOCK -> 0x5645eb420fe0
[AST DBG] addChild parent=0x5645eb420fe0(AST_BLOCK, lineno=28) child=0x5645eb4207e0(AST_ASSIGN, lineno=22)
[AST DBG] addChild parent=0x5645eb420fe0(AST_BLOCK, lineno=28) child=0x5645eb420ae0(AST_ASSIGN, lineno=23)
[AST DBG] addChild parent=0x5645eb420fe0(AST_BLOCK, lineno=28) child=0x5645eb420de0(AST_IF, lineno=24)
[AST DBG] addChild parent=0x5645eb420fe0(AST_BLOCK, lineno=28) child=0x5645eb420fa0(AST_ASSIGN, lineno=27)
[PARSER DBG] compound_stmt: scope=main#block0#block2 decls=(nil) stmts=0x5645eb4207e0
[AST DBG] newNode kind=AST_WHILE -> 0x5645eb421020
[AST DBG] addChild parent=0x5645eb421020(AST_WHILE, lineno=21) child=0x5645eb4205a0(AST_BINOP, lineno=21)
[AST DBG] addChild parent=0x5645eb421020(AST_WHILE, lineno=21) child=0x5645eb420fe0(AST_BLOCK, lineno=28)
[LEX][30] ID       -> 'output'
[LEX][30] LPAREN   -> '('
[LEX][30] ID       -> 'is_prime'
[LEX][30] RPAREN   -> ')'
[AST DBG] newNode kind=AST_ID -> 0x5645eb421080
[AST DBG] newIdNode("is_prime") -> 0x5645eb421080
[AST DBG] newNode kind=AST_ARG_LIST -> 0x5645eb4210e0
[AST DBG] addChild parent=0x5645eb4210e0(AST_ARG_LIST, lineno=30) child=0x5645eb421080(AST_ID, lineno=30)
[AST DBG] newNode kind=AST_CALL -> 0x5645eb421120
[AST DBG] addChild parent=0x5645eb421120(AST_CALL, lineno=30) child=0x5645eb4210e0(AST_ARG_LIST, lineno=30)
[LEX][30] SEMI     -> ';'
[LEX][31] RETURN   -> 'return'
[LEX][31] SEMI     -> ';'
[AST DBG] newNode kind=AST_RETURN -> 0x5645eb421160
[LEX][32] RBRACE   -> '}'
[AST DBG] newNode kind=AST_BLOCK -> 0x5645eb4211a0
[AST DBG] addChild parent=0x5645eb4211a0(AST_BLOCK, lineno=32) child=0x5645eb41f8a0(AST_VAR_DECL, lineno=5)
[AST DBG] addChild parent=0x5645eb4211a0(AST_BLOCK, lineno=32) child=0x5645eb41fe00(AST_ASSIGN, lineno=11)
[AST DBG] addChild parent=0x5645eb4211a0(AST_BLOCK, lineno=32) child=0x5645eb41fee0(AST_ASSIGN, lineno=12)
[AST DBG] addChild parent=0x5645eb4211a0(AST_BLOCK, lineno=32) child=0x5645eb41ffc0(AST_ASSIGN, lineno=13)
[AST DBG] addChild parent=0x5645eb4211a0(AST_BLOCK, lineno=32) child=0x5645eb4200a0(AST_ASSIGN, lineno=14)
[AST DBG] addChild parent=0x5645eb4211a0(AST_BLOCK, lineno=32) child=0x5645eb420180(AST_ASSIGN, lineno=15)
[AST DBG] addChild parent=0x5645eb4211a0(AST_BLOCK, lineno=32) child=0x5645eb420460(AST_IF, lineno=17)
[AST DBG] addChild parent=0x5645eb4211a0(AST_BLOCK, lineno=32) child=0x5645eb421020(AST_WHILE, lineno=21)
[AST DBG] addChild parent=0x5645eb4211a0(AST_BLOCK, lineno=32) child=0x5645eb421120(AST_CALL, lineno=30)
[AST DBG] addChild parent=0x5645eb4211a0(AST_BLOCK, lineno=32) child=0x5645eb421160(AST_RETURN, lineno=31)
[PARSER DBG] compound_stmt: scope=main#block0 decls=0x5645eb41f8a0 stmts=0x5645eb41fe00
[AST DBG] newNode kind=AST_FUN_DECL -> 0x5645eb4211e0
[AST DBG] addChild parent=0x5645eb4211e0(AST_FUN_DECL, lineno=3) child=0x5645eb4211a0(AST_BLOCK, lineno=32)
[PARSER DBG] fun_declaration: name=main, params=(nil), body=0x5645eb4211a0
[LEX][33] EOF
[AST DBG] newNode kind=AST_PROGRAM -> 0x5645eb421220
[AST DBG] addChild parent=0x5645eb421220(AST_PROGRAM, lineno=3) child=0x5645eb4211e0(AST_FUN_DECL, lineno=3)
Parse successful.

=== AST ===
Program (lineno=3)
  FunDecl(name=main, lineno=3)
    Block (lineno=32)
      VarDecl(name=n, lineno=5)
      VarDecl(name=divisor, lineno=6)
      VarDecl(name=quotient, lineno=7)
      VarDecl(name=remainder, lineno=8)
      VarDecl(name=is_prime, lineno=9)
      Assign (lineno=11)
        Id(name=n, lineno=11)
        Call(name=input, lineno=11)
      Assign (lineno=12)
        Id(name=divisor, lineno=12)
        Num(value=2, lineno=12)
      Assign (lineno=13)
        Id(name=quotient, lineno=13)
        Num(value=0, lineno=13)
      Assign (lineno=14)
        Id(name=remainder, lineno=14)
        Num(value=0, lineno=14)
      Assign (lineno=15)
        Id(name=is_prime, lineno=15)
        Num(value=1, lineno=15)
      If (lineno=17)
        BinOp (lineno=17)
          Id(name=n, lineno=17)
          Op(op='<', lineno=17)
          Num(value=2, lineno=17)
        Block (lineno=19)
          Assign (lineno=18)
            Id(name=is_prime, lineno=18)
            Num(value=0, lineno=18)
      While (lineno=21)
        BinOp (lineno=21)
          Id(name=divisor, lineno=21)
          Op(op='<', lineno=21)
          Id(name=n, lineno=21)
        Block (lineno=28)
          Assign (lineno=22)
            Id(name=quotient, lineno=22)
            BinOp (lineno=22)
              Id(name=n, lineno=22)
              Op(op='/', lineno=22)
              Id(name=divisor, lineno=22)
          Assign (lineno=23)
            Id(name=remainder, lineno=23)
            BinOp (lineno=23)
              Id(name=n, lineno=23)
              Op(op='-', lineno=23)
              BinOp (lineno=23)
                Id(name=quotient, lineno=23)
                Op(op='*', lineno=23)
                Id(name=divisor, lineno=23)
          If (lineno=24)
            BinOp (lineno=24)
              Id(name=remainder, lineno=24)
              Op(op='==', lineno=24)
              Num(value=0, lineno=24)
            Block (lineno=26)
              Assign (lineno=25)
                Id(name=is_prime, lineno=25)
                Num(value=0, lineno=25)
          Assign (lineno=27)
            Id(name=divisor, lineno=27)
            BinOp (lineno=27)
              Id(name=divisor, lineno=27)
              Op(op='+', lineno=27)
              Num(value=1, lineno=27)
      Call(name=output, lineno=30)
        ArgList (lineno=30)
          Id(name=is_prime, lineno=30)
      Return (lineno=31)
AST has been saved to: docs/generated/frontend/syntax_tree/ast.txt
Semantic analysis completed successfully with no errors.

=== IR ===

[IR_DBG] === Starting IR Generation ===
[IR_DBG] Pass 1: Searching for global variable declarations...
[IR_DBG] > generate_ir_for_node: Processing node kind AST_PROGRAM at line 3
[IR_DBG]   Case AST_PROGRAM
[IR_DBG] > generate_ir_for_node: Processing node kind AST_FUN_DECL at line 3
[IR_DBG]   Case AST_FUN_DECL for 'main'
[IR_DBG] Creating new name operand: main
[IR_DBG] Emitting instruction with opcode 15
[IR_DBG] > generate_ir_for_node: Processing node kind AST_BLOCK at line 32
[IR_DBG]   Case AST_BLOCK
[IR_DBG] > generate_ir_for_node: Processing node kind AST_ASSIGN at line 11
[IR_DBG]   Case AST_ASSIGN (as statement)
[IR_DBG] >> generate_ir_for_expr: Processing expression kind AST_ASSIGN at line 11
[IR_DBG]    Case AST_ASSIGN
[IR_DBG] >> generate_ir_for_expr: Processing expression kind AST_CALL at line 11
[IR_DBG]    Case AST_CALL for function 'input'
[IR_DBG] Creating new temporary: t0
[IR_DBG] Creating new constant: 0
[IR_DBG] Creating new name operand: input
[IR_DBG] Emitting instruction with opcode 22
[IR_DBG] << generate_ir_for_expr: Finished processing expression kind AST_CALL
[IR_DBG] Creating new name operand: n
[IR_DBG] Emitting instruction with opcode 0
[IR_DBG] << generate_ir_for_expr: Finished processing expression kind AST_ASSIGN
[IR_DBG] < generate_ir_for_node: Finished processing node kind AST_ASSIGN
[IR_DBG] > generate_ir_for_node: Processing node kind AST_ASSIGN at line 12
[IR_DBG]   Case AST_ASSIGN (as statement)
[IR_DBG] >> generate_ir_for_expr: Processing expression kind AST_ASSIGN at line 12
[IR_DBG]    Case AST_ASSIGN
[IR_DBG] >> generate_ir_for_expr: Processing expression kind AST_NUM at line 12
[IR_DBG]    Case AST_NUM
[IR_DBG] Creating new constant: 2
[IR_DBG] << generate_ir_for_expr: Finished processing expression kind AST_NUM
[IR_DBG] Creating new name operand: divisor
[IR_DBG] Emitting instruction with opcode 0
[IR_DBG] << generate_ir_for_expr: Finished processing expression kind AST_ASSIGN
[IR_DBG] < generate_ir_for_node: Finished processing node kind AST_ASSIGN
[IR_DBG] > generate_ir_for_node: Processing node kind AST_ASSIGN at line 13
[IR_DBG]   Case AST_ASSIGN (as statement)
[IR_DBG] >> generate_ir_for_expr: Processing expression kind AST_ASSIGN at line 13
[IR_DBG]    Case AST_ASSIGN
[IR_DBG] >> generate_ir_for_expr: Processing expression kind AST_NUM at line 13
[IR_DBG]    Case AST_NUM
[IR_DBG] Creating new constant: 0
[IR_DBG] << generate_ir_for_expr: Finished processing expression kind AST_NUM
[IR_DBG] Creating new name operand: quotient
[IR_DBG] Emitting instruction with opcode 0
[IR_DBG] << generate_ir_for_expr: Finished processing expression kind AST_ASSIGN
[IR_DBG] < generate_ir_for_node: Finished processing node kind AST_ASSIGN
[IR_DBG] > generate_ir_for_node: Processing node kind AST_ASSIGN at line 14
[IR_DBG]   Case AST_ASSIGN (as statement)
[IR_DBG] >> generate_ir_for_expr: Processing expression kind AST_ASSIGN at line 14
[IR_DBG]    Case AST_ASSIGN
[IR_DBG] >> generate_ir_for_expr: Processing expression kind AST_NUM at line 14
[IR_DBG]    Case AST_NUM
[IR_DBG] Creating new constant: 0
[IR_DBG] << generate_ir_for_expr: Finished processing expression kind AST_NUM
[IR_DBG] Creating new name operand: remainder
[IR_DBG] Emitting instruction with opcode 0
[IR_DBG] << generate_ir_for_expr: Finished processing expression kind AST_ASSIGN
[IR_DBG] < generate_ir_for_node: Finished processing node kind AST_ASSIGN
[IR_DBG] > generate_ir_for_node: Processing node kind AST_ASSIGN at line 15
[IR_DBG]   Case AST_ASSIGN (as statement)
[IR_DBG] >> generate_ir_for_expr: Processing expression kind AST_ASSIGN at line 15
[IR_DBG]    Case AST_ASSIGN
[IR_DBG] >> generate_ir_for_expr: Processing expression kind AST_NUM at line 15
[IR_DBG]    Case AST_NUM
[IR_DBG] Creating new constant: 1
[IR_DBG] << generate_ir_for_expr: Finished processing expression kind AST_NUM
[IR_DBG] Creating new name operand: is_prime
[IR_DBG] Emitting instruction with opcode 0
[IR_DBG] << generate_ir_for_expr: Finished processing expression kind AST_ASSIGN
[IR_DBG] < generate_ir_for_node: Finished processing node kind AST_ASSIGN
[IR_DBG] > generate_ir_for_node: Processing node kind AST_IF at line 17
[IR_DBG]   Case AST_IF
[IR_DBG] Creating new label: L0
[IR_DBG] Creating new label: L1
[IR_DBG] >> generate_ir_for_expr: Processing expression kind AST_BINOP at line 17
[IR_DBG]    Case AST_BINOP
[IR_DBG]      Operator: '<'
[IR_DBG] >> generate_ir_for_expr: Processing expression kind AST_ID at line 17
[IR_DBG]    Case AST_ID
[IR_DBG] Creating new name operand: n
[IR_DBG] << generate_ir_for_expr: Finished processing expression kind AST_ID
[IR_DBG] >> generate_ir_for_expr: Processing expression kind AST_NUM at line 17
[IR_DBG]    Case AST_NUM
[IR_DBG] Creating new constant: 2
[IR_DBG] << generate_ir_for_expr: Finished processing expression kind AST_NUM
[IR_DBG] Creating new temporary: t1
[IR_DBG] Emitting instruction with opcode 11
[IR_DBG] << generate_ir_for_expr: Finished processing expression kind AST_BINOP
[IR_DBG] Emitting instruction with opcode 17
[IR_DBG] > generate_ir_for_node: Processing node kind AST_BLOCK at line 19
[IR_DBG]   Case AST_BLOCK
[IR_DBG] > generate_ir_for_node: Processing node kind AST_ASSIGN at line 18
[IR_DBG]   Case AST_ASSIGN (as statement)
[IR_DBG] >> generate_ir_for_expr: Processing expression kind AST_ASSIGN at line 18
[IR_DBG]    Case AST_ASSIGN
[IR_DBG] >> generate_ir_for_expr: Processing expression kind AST_NUM at line 18
[IR_DBG]    Case AST_NUM
[IR_DBG] Creating new constant: 0
[IR_DBG] << generate_ir_for_expr: Finished processing expression kind AST_NUM
[IR_DBG] Creating new name operand: is_prime
[IR_DBG] Emitting instruction with opcode 0
[IR_DBG] << generate_ir_for_expr: Finished processing expression kind AST_ASSIGN
[IR_DBG] < generate_ir_for_node: Finished processing node kind AST_ASSIGN
[IR_DBG] < generate_ir_for_node: Finished processing node kind AST_BLOCK
[IR_DBG] Emitting instruction with opcode 16
[IR_DBG] Emitting instruction with opcode 15
[IR_DBG] Emitting instruction with opcode 15
[IR_DBG] < generate_ir_for_node: Finished processing node kind AST_IF
[IR_DBG] > generate_ir_for_node: Processing node kind AST_WHILE at line 21
[IR_DBG]   Case AST_WHILE
[IR_DBG] Creating new label: L2
[IR_DBG] Creating new label: L3
[IR_DBG] Emitting instruction with opcode 15
[IR_DBG] >> generate_ir_for_expr: Processing expression kind AST_BINOP at line 21
[IR_DBG]    Case AST_BINOP
[IR_DBG]      Operator: '<'
[IR_DBG] >> generate_ir_for_expr: Processing expression kind AST_ID at line 21
[IR_DBG]    Case AST_ID
[IR_DBG] Creating new name operand: divisor
[IR_DBG] << generate_ir_for_expr: Finished processing expression kind AST_ID
[IR_DBG] >> generate_ir_for_expr: Processing expression kind AST_ID at line 21
[IR_DBG]    Case AST_ID
[IR_DBG] Creating new name operand: n
[IR_DBG] << generate_ir_for_expr: Finished processing expression kind AST_ID
[IR_DBG] Creating new temporary: t2
[IR_DBG] Emitting instruction with opcode 11
[IR_DBG] << generate_ir_for_expr: Finished processing expression kind AST_BINOP
[IR_DBG] Emitting instruction with opcode 17
[IR_DBG] > generate_ir_for_node: Processing node kind AST_BLOCK at line 28
[IR_DBG]   Case AST_BLOCK
[IR_DBG] > generate_ir_for_node: Processing node kind AST_ASSIGN at line 22
[IR_DBG]   Case AST_ASSIGN (as statement)
[IR_DBG] >> generate_ir_for_expr: Processing expression kind AST_ASSIGN at line 22
[IR_DBG]    Case AST_ASSIGN
[IR_DBG] >> generate_ir_for_expr: Processing expression kind AST_BINOP at line 22
[IR_DBG]    Case AST_BINOP
[IR_DBG]      Operator: '/'
[IR_DBG] >> generate_ir_for_expr: Processing expression kind AST_ID at line 22
[IR_DBG]    Case AST_ID
[IR_DBG] Creating new name operand: n
[IR_DBG] << generate_ir_for_expr: Finished processing expression kind AST_ID
[IR_DBG] >> generate_ir_for_expr: Processing expression kind AST_ID at line 22
[IR_DBG]    Case AST_ID
[IR_DBG] Creating new name operand: divisor
[IR_DBG] << generate_ir_for_expr: Finished processing expression kind AST_ID
[IR_DBG] Creating new temporary: t3
[IR_DBG] Emitting instruction with opcode 8
[IR_DBG] << generate_ir_for_expr: Finished processing expression kind AST_BINOP
[IR_DBG] Creating new name operand: quotient
[IR_DBG] Emitting instruction with opcode 0
[IR_DBG] << generate_ir_for_expr: Finished processing expression kind AST_ASSIGN
[IR_DBG] < generate_ir_for_node: Finished processing node kind AST_ASSIGN
[IR_DBG] > generate_ir_for_node: Processing node kind AST_ASSIGN at line 23
[IR_DBG]   Case AST_ASSIGN (as statement)
[IR_DBG] >> generate_ir_for_expr: Processing expression kind AST_ASSIGN at line 23
[IR_DBG]    Case AST_ASSIGN
[IR_DBG] >> generate_ir_for_expr: Processing expression kind AST_BINOP at line 23
[IR_DBG]    Case AST_BINOP
[IR_DBG]      Operator: '-'
[IR_DBG] >> generate_ir_for_expr: Processing expression kind AST_ID at line 23
[IR_DBG]    Case AST_ID
[IR_DBG] Creating new name operand: n
[IR_DBG] << generate_ir_for_expr: Finished processing expression kind AST_ID
[IR_DBG] >> generate_ir_for_expr: Processing expression kind AST_BINOP at line 23
[IR_DBG]    Case AST_BINOP
[IR_DBG]      Operator: '*'
[IR_DBG] >> generate_ir_for_expr: Processing expression kind AST_ID at line 23
[IR_DBG]    Case AST_ID
[IR_DBG] Creating new name operand: quotient
[IR_DBG] << generate_ir_for_expr: Finished processing expression kind AST_ID
[IR_DBG] >> generate_ir_for_expr: Processing expression kind AST_ID at line 23
[IR_DBG]    Case AST_ID
[IR_DBG] Creating new name operand: divisor
[IR_DBG] << generate_ir_for_expr: Finished processing expression kind AST_ID
[IR_DBG] Creating new temporary: t4
[IR_DBG] Emitting instruction with opcode 7
[IR_DBG] << generate_ir_for_expr: Finished processing expression kind AST_BINOP
[IR_DBG] Creating new temporary: t5
[IR_DBG] Emitting instruction with opcode 6
[IR_DBG] << generate_ir_for_expr: Finished processing expression kind AST_BINOP
[IR_DBG] Creating new name operand: remainder
[IR_DBG] Emitting instruction with opcode 0
[IR_DBG] << generate_ir_for_expr: Finished processing expression kind AST_ASSIGN
[IR_DBG] < generate_ir_for_node: Finished processing node kind AST_ASSIGN
[IR_DBG] > generate_ir_for_node: Processing node kind AST_IF at line 24
[IR_DBG]   Case AST_IF
[IR_DBG] Creating new label: L4
[IR_DBG] Creating new label: L5
[IR_DBG] >> generate_ir_for_expr: Processing expression kind AST_BINOP at line 24
[IR_DBG]    Case AST_BINOP
[IR_DBG]      Operator: '=='
[IR_DBG] >> generate_ir_for_expr: Processing expression kind AST_ID at line 24
[IR_DBG]    Case AST_ID
[IR_DBG] Creating new name operand: remainder
[IR_DBG] << generate_ir_for_expr: Finished processing expression kind AST_ID
[IR_DBG] >> generate_ir_for_expr: Processing expression kind AST_NUM at line 24
[IR_DBG]    Case AST_NUM
[IR_DBG] Creating new constant: 0
[IR_DBG] << generate_ir_for_expr: Finished processing expression kind AST_NUM
[IR_DBG] Creating new temporary: t6
[IR_DBG] Emitting instruction with opcode 9
[IR_DBG] << generate_ir_for_expr: Finished processing expression kind AST_BINOP
[IR_DBG] Emitting instruction with opcode 17
[IR_DBG] > generate_ir_for_node: Processing node kind AST_BLOCK at line 26
[IR_DBG]   Case AST_BLOCK
[IR_DBG] > generate_ir_for_node: Processing node kind AST_ASSIGN at line 25
[IR_DBG]   Case AST_ASSIGN (as statement)
[IR_DBG] >> generate_ir_for_expr: Processing expression kind AST_ASSIGN at line 25
[IR_DBG]    Case AST_ASSIGN
[IR_DBG] >> generate_ir_for_expr: Processing expression kind AST_NUM at line 25
[IR_DBG]    Case AST_NUM
[IR_DBG] Creating new constant: 0
[IR_DBG] << generate_ir_for_expr: Finished processing expression kind AST_NUM
[IR_DBG] Creating new name operand: is_prime
[IR_DBG] Emitting instruction with opcode 0
[IR_DBG] << generate_ir_for_expr: Finished processing expression kind AST_ASSIGN
[IR_DBG] < generate_ir_for_node: Finished processing node kind AST_ASSIGN
[IR_DBG] < generate_ir_for_node: Finished processing node kind AST_BLOCK
[IR_DBG] Emitting instruction with opcode 16
[IR_DBG] Emitting instruction with opcode 15
[IR_DBG] Emitting instruction with opcode 15
[IR_DBG] < generate_ir_for_node: Finished processing node kind AST_IF
[IR_DBG] > generate_ir_for_node: Processing node kind AST_ASSIGN at line 27
[IR_DBG]   Case AST_ASSIGN (as statement)
[IR_DBG] >> generate_ir_for_expr: Processing expression kind AST_ASSIGN at line 27
[IR_DBG]    Case AST_ASSIGN
[IR_DBG] >> generate_ir_for_expr: Processing expression kind AST_BINOP at line 27
[IR_DBG]    Case AST_BINOP
[IR_DBG]      Operator: '+'
[IR_DBG] >> generate_ir_for_expr: Processing expression kind AST_ID at line 27
[IR_DBG]    Case AST_ID
[IR_DBG] Creating new name operand: divisor
[IR_DBG] << generate_ir_for_expr: Finished processing expression kind AST_ID
[IR_DBG] >> generate_ir_for_expr: Processing expression kind AST_NUM at line 27
[IR_DBG]    Case AST_NUM
[IR_DBG] Creating new constant: 1
[IR_DBG] << generate_ir_for_expr: Finished processing expression kind AST_NUM
[IR_DBG] Creating new temporary: t7
[IR_DBG] Emitting instruction with opcode 5
[IR_DBG] << generate_ir_for_expr: Finished processing expression kind AST_BINOP
[IR_DBG] Creating new name operand: divisor
[IR_DBG] Emitting instruction with opcode 0
[IR_DBG] << generate_ir_for_expr: Finished processing expression kind AST_ASSIGN
[IR_DBG] < generate_ir_for_node: Finished processing node kind AST_ASSIGN
[IR_DBG] < generate_ir_for_node: Finished processing node kind AST_BLOCK
[IR_DBG] Emitting instruction with opcode 16
[IR_DBG] Emitting instruction with opcode 15
[IR_DBG] < generate_ir_for_node: Finished processing node kind AST_WHILE
[IR_DBG] > generate_ir_for_node: Processing node kind AST_CALL at line 30
[IR_DBG]   Case AST_CALL (as statement)
[IR_DBG] >> generate_ir_for_expr: Processing expression kind AST_CALL at line 30
[IR_DBG]    Case AST_CALL for function 'output'
[IR_DBG] >> generate_ir_for_expr: Processing expression kind AST_ID at line 30
[IR_DBG]    Case AST_ID
[IR_DBG] Creating new name operand: is_prime
[IR_DBG] << generate_ir_for_expr: Finished processing expression kind AST_ID
[IR_DBG] Emitting instruction with opcode 20
[IR_DBG] Creating new constant: 1
[IR_DBG] Creating new name operand: output
[IR_DBG] Emitting instruction with opcode 21
[IR_DBG] << generate_ir_for_expr: Finished processing expression kind AST_CALL
[IR_DBG] < generate_ir_for_node: Finished processing node kind AST_CALL
[IR_DBG] > generate_ir_for_node: Processing node kind AST_RETURN at line 31
[IR_DBG]   Case AST_RETURN
[IR_DBG] Emitting instruction with opcode 18
[IR_DBG] < generate_ir_for_node: Finished processing node kind AST_RETURN
[IR_DBG] < generate_ir_for_node: Finished processing node kind AST_BLOCK
[IR_DBG] Emitting instruction with opcode 18
[IR_DBG] < generate_ir_for_node: Finished processing node kind AST_FUN_DECL
[IR_DBG] < generate_ir_for_node: Finished processing node kind AST_PROGRAM
[IR_DBG] === Finished IR Generation ===

--- BEGIN IR DUMP (Terminal) ---
main:
  t0 := call input, 0
  n := t0
  divisor := 2
  quotient := 0
  remainder := 0
  is_prime := 1
  t1 := n < 2
  if_false t1 goto L0
  is_prime := 0
  goto L1
L0:
L1:
L2:
  t2 := divisor < n
  if_false t2 goto L3
  t3 := n / divisor
  quotient := t3
  t4 := quotient * divisor
  t5 := n - t4
  remainder := t5
  t6 := remainder == 0
  if_false t6 goto L4
  is_prime := 0
  goto L5
L4:
L5:
  t7 := divisor + 1
  divisor := t7
  goto L2
L3:
  arg is_prime
  call output, 1
  return _
--- END IR DUMP ---
IR dump has been saved to: docs/generated/intermediate/semantic/ir/generated_IR.txt
======= SYMBOL TABLE =======
Name            Scope      Kind   Decl Lines           Use Lines            Type  
--------------------------------------------------------------------------
is_prime        main#block0 VAR    9	15,18,25,30	INT
remainder       main#block0 VAR    8	14,23,24	INT
quotient        main#block0 VAR    7	13,22,23	INT
divisor         main#block0 VAR    6	12,21,22,23,27,27	INT
n               main#block0 VAR    5	11,17,21,22,23	INT
main            global     FUNC   3		VOID
output          global     FUNC   0	30	VOID
input           global     FUNC   0	11	INT
======= END OF TABLE =======
Symbol table has been saved to: docs/generated/frontend/symbol_table/symbol_table.txt
