

=== INICIANDO GERAÇÃO DE ASSEMBLY ===

--- Passagem 1A: Coletando definições de funções ---
[Passagem 1A] Função encontrada: 'main'
[ALLOC_INIT] Inicializando alocador para a função 'main'
[ALLOC_INIT] Pool de registradores definido: ['r4', 'r5', 'r6', 'r7', 'r8', 'r9', 'r10', 'r11', 'r12', 'r13', 'r14', 'r15', 'r16', 'r17', 'r18', 'r19', 'r20', 'r21', 'r22', 'r23', 'r24', 'r25', 'r26']
[ALLOC_INIT] Registrador de spill reservado: r30
[ALLOC_INIT] Estado inicial: 23 registradores livres.
[FUNC_CTX] Contexto para a função 'main' criado.

--- Passagem 1B: Construindo a Tabela de Símbolos Globais ---
--- Fim da Passagem 1: 0 símbolos globais encontrados. ---

--- Passagem 2: Traduzindo o IR para cada função ---

[Processando Função] -> 'main'
-> IR isolado para 'main' contém 33 instruções.
[DEBUG] Função 'main': all_vars=['n', 'divisor', 'quotient', 'remainder', 'is_prime'], defined_vars={'n', 'is_prime', 'remainder', 'divisor', 'quotient'}, params=[]
--> Parâmetros para 'main': []
--> Variáveis Locais para 'main': ['n', 'divisor', 'quotient', 'remainder', 'is_prime']
--> Criando o layout da pilha para 'main'...
    -> Mapeando 'n' para o offset [fp, #-1] (size=1)
    -> Mapeando 'divisor' para o offset [fp, #-2] (size=1)
    -> Mapeando 'quotient' para o offset [fp, #-3] (size=1)
    -> Mapeando 'remainder' para o offset [fp, #-4] (size=1)
    -> Mapeando 'is_prime' para o offset [fp, #-5] (size=1)
--> Tamanho total do frame para 'main': 13 palavras.

--- [TRANSLATE] Processando IR: t0 := call input, 0 ---
[TRANSLATE] -> Detalhes: Destino='t0', Expressão='call input, 0'
[TRANSLATE] -> Caminho: Chamada de Função
[SPILL_CALL] Preparando spill completo antes de chamada.
[SPILL_ALL] Verificando registradores sujos para salvar. Sujos: set()
[GET_TEMP] Solicitando registrador para o temporário 't0'.
[GET_FREE] -> Encontrado registrador livre: r4. Restantes: 22.
[ASSIGN_REG] Mapeando 't0' para r4.
[GET_TEMP] -> 't0' alocado no registrador r4.
[ADD_INSTR] Adicionando instrução para 'main': in: r4

--- [TRANSLATE] Processando IR: n := t0 ---
[TRANSLATE] -> Detalhes: Destino='n', Expressão='t0'
[TRANSLATE] -> Caminho: Atribuição Simples
[ENSURE] Tentando garantir 't0' em um registrador.
[ENSURE] -> Sucesso! 't0' já está em r4.
[TRANSLATE_ASSIGN] -> Armazenando 'n' na sua posição da pilha.
[ADD_INSTR] Adicionando instrução para 'main': subi: r30 = r31, 1
[ADD_INSTR] Adicionando instrução para 'main': store: [r30] = r4
[UPDATE_MAP] Mapeando 'n' para o registrador r4 (que contém o valor de origem).
[ASSIGN_REG] Mapeando 'n' para r4.
[ASSIGN_REG] -> Registrador r4 já continha 't0'. Liberando o mapeamento antigo.
[UNASSIGN_REG] Desmapeado r4 de 't0'.
[UNASSIGN_REG] -> Estado atual: 23 registradores livres. Mapeamentos: {}

--- [TRANSLATE] Processando IR: divisor := 2 ---
[TRANSLATE] -> Detalhes: Destino='divisor', Expressão='2'
[TRANSLATE] -> Caminho: Atribuição Simples
[ENSURE] Tentando garantir '2' em um registrador.
[GET_FREE] -> Encontrado registrador livre: r5. Restantes: 22.
[ENSURE] -> Alocando r5 para a constante '2'.
[ADD_INSTR] Adicionando instrução para 'main': movi: r5 = 2
[TRANSLATE_ASSIGN] -> Armazenando 'divisor' na sua posição da pilha.
[ADD_INSTR] Adicionando instrução para 'main': subi: r30 = r31, 2
[ADD_INSTR] Adicionando instrução para 'main': store: [r30] = r5
[UPDATE_MAP] Mapeando 'divisor' para o registrador r5 (que contém o valor de origem).
[ASSIGN_REG] Mapeando 'divisor' para r5.

--- [TRANSLATE] Processando IR: quotient := 0 ---
[TRANSLATE] -> Detalhes: Destino='quotient', Expressão='0'
[TRANSLATE] -> Caminho: Atribuição Simples
[ENSURE] Tentando garantir '0' em um registrador.
[GET_FREE] -> Encontrado registrador livre: r6. Restantes: 21.
[ENSURE] -> Alocando r6 para a constante '0'.
[ADD_INSTR] Adicionando instrução para 'main': movi: r6 = 0
[TRANSLATE_ASSIGN] -> Armazenando 'quotient' na sua posição da pilha.
[ADD_INSTR] Adicionando instrução para 'main': subi: r30 = r31, 3
[ADD_INSTR] Adicionando instrução para 'main': store: [r30] = r6
[UPDATE_MAP] Mapeando 'quotient' para o registrador r6 (que contém o valor de origem).
[ASSIGN_REG] Mapeando 'quotient' para r6.

--- [TRANSLATE] Processando IR: remainder := 0 ---
[TRANSLATE] -> Detalhes: Destino='remainder', Expressão='0'
[TRANSLATE] -> Caminho: Atribuição Simples
[ENSURE] Tentando garantir '0' em um registrador.
[GET_FREE] -> Encontrado registrador livre: r7. Restantes: 20.
[ENSURE] -> Alocando r7 para a constante '0'.
[ADD_INSTR] Adicionando instrução para 'main': movi: r7 = 0
[TRANSLATE_ASSIGN] -> Armazenando 'remainder' na sua posição da pilha.
[ADD_INSTR] Adicionando instrução para 'main': subi: r30 = r31, 4
[ADD_INSTR] Adicionando instrução para 'main': store: [r30] = r7
[UPDATE_MAP] Mapeando 'remainder' para o registrador r7 (que contém o valor de origem).
[ASSIGN_REG] Mapeando 'remainder' para r7.

--- [TRANSLATE] Processando IR: is_prime := 1 ---
[TRANSLATE] -> Detalhes: Destino='is_prime', Expressão='1'
[TRANSLATE] -> Caminho: Atribuição Simples
[ENSURE] Tentando garantir '1' em um registrador.
[GET_FREE] -> Encontrado registrador livre: r8. Restantes: 19.
[ENSURE] -> Alocando r8 para a constante '1'.
[ADD_INSTR] Adicionando instrução para 'main': movi: r8 = 1
[TRANSLATE_ASSIGN] -> Armazenando 'is_prime' na sua posição da pilha.
[ADD_INSTR] Adicionando instrução para 'main': subi: r30 = r31, 5
[ADD_INSTR] Adicionando instrução para 'main': store: [r30] = r8
[UPDATE_MAP] Mapeando 'is_prime' para o registrador r8 (que contém o valor de origem).
[ASSIGN_REG] Mapeando 'is_prime' para r8.

--- [TRANSLATE] Processando IR: t1 := n < 2 ---
[TRANSLATE] -> Detalhes: Destino='t1', Expressão='n < 2'
[TRANSLATE] -> Caminho: Comparação (condicional)
[ENSURE] Tentando garantir 'n' em um registrador.
[ENSURE] -> Sucesso! 'n' já está em r4.
[ENSURE] Tentando garantir '2' em um registrador.
[GET_FREE] -> Encontrado registrador livre: r9. Restantes: 18.
[ENSURE] -> Alocando r9 para a constante '2'.
[ADD_INSTR] Adicionando instrução para 'main': movi: r9 = 2
[ADD_INSTR] Adicionando instrução para 'main': subs: r0 = r4, r9

--- [TRANSLATE] Processando IR: if_false t1 goto L0 ---
[TRANSLATE] -> Caminho: Desvio Condicional (if_false)
[ADD_INSTR] Adicionando instrução para 'main': bigteq: L0

--- [TRANSLATE] Processando IR: is_prime := 0 ---
[TRANSLATE] -> Detalhes: Destino='is_prime', Expressão='0'
[TRANSLATE] -> Caminho: Atribuição Simples
[ENSURE] Tentando garantir '0' em um registrador.
[GET_FREE] -> Encontrado registrador livre: r10. Restantes: 17.
[ENSURE] -> Alocando r10 para a constante '0'.
[ADD_INSTR] Adicionando instrução para 'main': movi: r10 = 0
[TRANSLATE_ASSIGN] -> Armazenando 'is_prime' na sua posição da pilha.
[ADD_INSTR] Adicionando instrução para 'main': subi: r30 = r31, 5
[ADD_INSTR] Adicionando instrução para 'main': store: [r30] = r10
[UPDATE_MAP] Mapeando 'is_prime' para o registrador r10 (que contém o valor de origem).
[ASSIGN_REG] Mapeando 'is_prime' para r10.
[ASSIGN_REG] -> Variável 'is_prime' já estava em r8. Liberando o mapeamento antigo.
[UNASSIGN_REG] Desmapeado r8 de 'is_prime'.
[UNASSIGN_REG] -> Estado atual: 18 registradores livres. Mapeamentos: {'n': 'r4', 'divisor': 'r5', 'quotient': 'r6', 'remainder': 'r7'}

--- [TRANSLATE] Processando IR: goto L1 ---
[TRANSLATE] -> Desvio incondicional detectado: L1
[SPILL_ALL] Verificando registradores sujos para salvar. Sujos: {'r4'}
[SPILL_ALL] -> Salvando variável local 'n' do registrador r4 na pilha [fp, #-1].
[ADD_INSTR] Adicionando instrução para 'main': subi: r30 = r31, 1
[ADD_INSTR] Adicionando instrução para 'main': store: [r30] = r4
[ADD_INSTR] Adicionando instrução para 'main': bi: L1
[UNASSIGN_REG] Desmapeado r4 de 'n'.
[UNASSIGN_REG] -> Estado atual: 18 registradores livres. Mapeamentos: {'divisor': 'r5', 'quotient': 'r6', 'remainder': 'r7', 'is_prime': 'r10'}
[UNASSIGN_REG] Desmapeado r5 de 'divisor'.
[UNASSIGN_REG] -> Estado atual: 19 registradores livres. Mapeamentos: {'quotient': 'r6', 'remainder': 'r7', 'is_prime': 'r10'}
[UNASSIGN_REG] Desmapeado r6 de 'quotient'.
[UNASSIGN_REG] -> Estado atual: 20 registradores livres. Mapeamentos: {'remainder': 'r7', 'is_prime': 'r10'}
[UNASSIGN_REG] Desmapeado r7 de 'remainder'.
[UNASSIGN_REG] -> Estado atual: 21 registradores livres. Mapeamentos: {'is_prime': 'r10'}
[UNASSIGN_REG] Desmapeado r10 de 'is_prime'.
[UNASSIGN_REG] -> Estado atual: 22 registradores livres. Mapeamentos: {}

--- [TRANSLATE] Processando IR: L0: ---
[TRANSLATE] -> Rótulo detectado: L0:
[SPILL_ALL] Verificando registradores sujos para salvar. Sujos: set()
[ADD_INSTR] Adicionando instrução para 'main': L0:

--- [TRANSLATE] Processando IR: L1: ---
[TRANSLATE] -> Rótulo detectado: L1:
[SPILL_ALL] Verificando registradores sujos para salvar. Sujos: set()
[ADD_INSTR] Adicionando instrução para 'main': L1:

--- [TRANSLATE] Processando IR: L2: ---
[TRANSLATE] -> Rótulo detectado: L2:
[SPILL_ALL] Verificando registradores sujos para salvar. Sujos: set()
[ADD_INSTR] Adicionando instrução para 'main': L2:

--- [TRANSLATE] Processando IR: t2 := divisor < n ---
[TRANSLATE] -> Detalhes: Destino='t2', Expressão='divisor < n'
[TRANSLATE] -> Caminho: Comparação (condicional)
[ENSURE] Tentando garantir 'divisor' em um registrador.
[ENSURE] -> 'divisor' é uma variável da pilha. Carregando...
[GET_FREE] -> Encontrado registrador livre: r11. Restantes: 21.
[ADD_INSTR] Adicionando instrução para 'main': subi: r30 = r31, 2
[ADD_INSTR] Adicionando instrução para 'main': load: r11 = [r30]
[ASSIGN_REG] Mapeando 'divisor' para r11.
[ENSURE] Tentando garantir 'n' em um registrador.
[ENSURE] -> 'n' é uma variável da pilha. Carregando...
[GET_FREE] -> Encontrado registrador livre: r12. Restantes: 20.
[ADD_INSTR] Adicionando instrução para 'main': subi: r30 = r31, 1
[ADD_INSTR] Adicionando instrução para 'main': load: r12 = [r30]
[ASSIGN_REG] Mapeando 'n' para r12.
[ADD_INSTR] Adicionando instrução para 'main': subs: r0 = r11, r12

--- [TRANSLATE] Processando IR: if_false t2 goto L3 ---
[TRANSLATE] -> Caminho: Desvio Condicional (if_false)
[ADD_INSTR] Adicionando instrução para 'main': bigteq: L3

--- [TRANSLATE] Processando IR: t3 := n / divisor ---
[TRANSLATE] -> Detalhes: Destino='t3', Expressão='n / divisor'
[TRANSLATE] -> Caminho: Operação Aritmética
[ENSURE] Tentando garantir 'n' em um registrador.
[ENSURE] -> Sucesso! 'n' já está em r12.
[ENSURE] Tentando garantir 'divisor' em um registrador.
[ENSURE] -> Sucesso! 'divisor' já está em r11.
[GET_TEMP] Solicitando registrador para o temporário 't3'.
[GET_FREE] -> Encontrado registrador livre: r13. Restantes: 19.
[ASSIGN_REG] Mapeando 't3' para r13.
[GET_TEMP] -> 't3' alocado no registrador r13.
[ADD_INSTR] Adicionando instrução para 'main': div: r13 = r12, r11

--- [TRANSLATE] Processando IR: quotient := t3 ---
[TRANSLATE] -> Detalhes: Destino='quotient', Expressão='t3'
[TRANSLATE] -> Caminho: Atribuição Simples
[ENSURE] Tentando garantir 't3' em um registrador.
[ENSURE] -> Sucesso! 't3' já está em r13.
[TRANSLATE_ASSIGN] -> Armazenando 'quotient' na sua posição da pilha.
[ADD_INSTR] Adicionando instrução para 'main': subi: r30 = r31, 3
[ADD_INSTR] Adicionando instrução para 'main': store: [r30] = r13
[UPDATE_MAP] Mapeando 'quotient' para o registrador r13 (que contém o valor de origem).
[ASSIGN_REG] Mapeando 'quotient' para r13.
[ASSIGN_REG] -> Registrador r13 já continha 't3'. Liberando o mapeamento antigo.
[UNASSIGN_REG] Desmapeado r13 de 't3'.
[UNASSIGN_REG] -> Estado atual: 20 registradores livres. Mapeamentos: {'divisor': 'r11', 'n': 'r12'}

--- [TRANSLATE] Processando IR: t4 := quotient * divisor ---
[TRANSLATE] -> Detalhes: Destino='t4', Expressão='quotient * divisor'
[TRANSLATE] -> Caminho: Operação Aritmética
[ENSURE] Tentando garantir 'quotient' em um registrador.
[ENSURE] -> Sucesso! 'quotient' já está em r13.
[ENSURE] Tentando garantir 'divisor' em um registrador.
[ENSURE] -> Sucesso! 'divisor' já está em r11.
[GET_TEMP] Solicitando registrador para o temporário 't4'.
[GET_FREE] -> Encontrado registrador livre: r14. Restantes: 19.
[ASSIGN_REG] Mapeando 't4' para r14.
[GET_TEMP] -> 't4' alocado no registrador r14.
[ADD_INSTR] Adicionando instrução para 'main': mul: r14 = r13, r11

--- [TRANSLATE] Processando IR: t5 := n - t4 ---
[TRANSLATE] -> Detalhes: Destino='t5', Expressão='n - t4'
[TRANSLATE] -> Caminho: Operação Aritmética
[ENSURE] Tentando garantir 'n' em um registrador.
[ENSURE] -> Sucesso! 'n' já está em r12.
[ENSURE] Tentando garantir 't4' em um registrador.
[ENSURE] -> Sucesso! 't4' já está em r14.
[GET_TEMP] Solicitando registrador para o temporário 't5'.
[GET_FREE] -> Encontrado registrador livre: r15. Restantes: 18.
[ASSIGN_REG] Mapeando 't5' para r15.
[GET_TEMP] -> 't5' alocado no registrador r15.
[ADD_INSTR] Adicionando instrução para 'main': sub: r15 = r12, r14
[FREE_TEMP] Liberando registrador r14 que continha o temporário 't4'.
[UNASSIGN_REG] Desmapeado r14 de 't4'.
[UNASSIGN_REG] -> Estado atual: 19 registradores livres. Mapeamentos: {'divisor': 'r11', 'n': 'r12', 'quotient': 'r13', 't5': 'r15'}

--- [TRANSLATE] Processando IR: remainder := t5 ---
[TRANSLATE] -> Detalhes: Destino='remainder', Expressão='t5'
[TRANSLATE] -> Caminho: Atribuição Simples
[ENSURE] Tentando garantir 't5' em um registrador.
[ENSURE] -> Sucesso! 't5' já está em r15.
[TRANSLATE_ASSIGN] -> Armazenando 'remainder' na sua posição da pilha.
[ADD_INSTR] Adicionando instrução para 'main': subi: r30 = r31, 4
[ADD_INSTR] Adicionando instrução para 'main': store: [r30] = r15
[UPDATE_MAP] Mapeando 'remainder' para o registrador r15 (que contém o valor de origem).
[ASSIGN_REG] Mapeando 'remainder' para r15.
[ASSIGN_REG] -> Registrador r15 já continha 't5'. Liberando o mapeamento antigo.
[UNASSIGN_REG] Desmapeado r15 de 't5'.
[UNASSIGN_REG] -> Estado atual: 20 registradores livres. Mapeamentos: {'divisor': 'r11', 'n': 'r12', 'quotient': 'r13'}

--- [TRANSLATE] Processando IR: t6 := remainder == 0 ---
[TRANSLATE] -> Detalhes: Destino='t6', Expressão='remainder == 0'
[TRANSLATE] -> Caminho: Comparação (condicional)
[ENSURE] Tentando garantir 'remainder' em um registrador.
[ENSURE] -> Sucesso! 'remainder' já está em r15.
[ENSURE] Tentando garantir '0' em um registrador.
[GET_FREE] -> Encontrado registrador livre: r16. Restantes: 19.
[ENSURE] -> Alocando r16 para a constante '0'.
[ADD_INSTR] Adicionando instrução para 'main': movi: r16 = 0
[ADD_INSTR] Adicionando instrução para 'main': subs: r0 = r15, r16

--- [TRANSLATE] Processando IR: if_false t6 goto L4 ---
[TRANSLATE] -> Caminho: Desvio Condicional (if_false)
[ADD_INSTR] Adicionando instrução para 'main': bineq: L4

--- [TRANSLATE] Processando IR: is_prime := 0 ---
[TRANSLATE] -> Detalhes: Destino='is_prime', Expressão='0'
[TRANSLATE] -> Caminho: Atribuição Simples
[ENSURE] Tentando garantir '0' em um registrador.
[GET_FREE] -> Encontrado registrador livre: r17. Restantes: 18.
[ENSURE] -> Alocando r17 para a constante '0'.
[ADD_INSTR] Adicionando instrução para 'main': movi: r17 = 0
[TRANSLATE_ASSIGN] -> Armazenando 'is_prime' na sua posição da pilha.
[ADD_INSTR] Adicionando instrução para 'main': subi: r30 = r31, 5
[ADD_INSTR] Adicionando instrução para 'main': store: [r30] = r17
[UPDATE_MAP] Mapeando 'is_prime' para o registrador r17 (que contém o valor de origem).
[ASSIGN_REG] Mapeando 'is_prime' para r17.

--- [TRANSLATE] Processando IR: goto L5 ---
[TRANSLATE] -> Desvio incondicional detectado: L5
[SPILL_ALL] Verificando registradores sujos para salvar. Sujos: {'r14', 'r13', 'r15'}
[SPILL_ALL] -> Salvando variável local 'quotient' do registrador r13 na pilha [fp, #-3].
[ADD_INSTR] Adicionando instrução para 'main': subi: r30 = r31, 3
[ADD_INSTR] Adicionando instrução para 'main': store: [r30] = r13
[SPILL_ALL] -> Salvando variável local 'remainder' do registrador r15 na pilha [fp, #-4].
[ADD_INSTR] Adicionando instrução para 'main': subi: r30 = r31, 4
[ADD_INSTR] Adicionando instrução para 'main': store: [r30] = r15
[ADD_INSTR] Adicionando instrução para 'main': bi: L5
[UNASSIGN_REG] Desmapeado r11 de 'divisor'.
[UNASSIGN_REG] -> Estado atual: 19 registradores livres. Mapeamentos: {'n': 'r12', 'quotient': 'r13', 'remainder': 'r15', 'is_prime': 'r17'}
[UNASSIGN_REG] Desmapeado r12 de 'n'.
[UNASSIGN_REG] -> Estado atual: 20 registradores livres. Mapeamentos: {'quotient': 'r13', 'remainder': 'r15', 'is_prime': 'r17'}
[UNASSIGN_REG] Desmapeado r13 de 'quotient'.
[UNASSIGN_REG] -> Estado atual: 20 registradores livres. Mapeamentos: {'remainder': 'r15', 'is_prime': 'r17'}
[UNASSIGN_REG] Desmapeado r15 de 'remainder'.
[UNASSIGN_REG] -> Estado atual: 20 registradores livres. Mapeamentos: {'is_prime': 'r17'}
[UNASSIGN_REG] Desmapeado r17 de 'is_prime'.
[UNASSIGN_REG] -> Estado atual: 21 registradores livres. Mapeamentos: {}

--- [TRANSLATE] Processando IR: L4: ---
[TRANSLATE] -> Rótulo detectado: L4:
[SPILL_ALL] Verificando registradores sujos para salvar. Sujos: set()
[ADD_INSTR] Adicionando instrução para 'main': L4:

--- [TRANSLATE] Processando IR: L5: ---
[TRANSLATE] -> Rótulo detectado: L5:
[SPILL_ALL] Verificando registradores sujos para salvar. Sujos: set()
[ADD_INSTR] Adicionando instrução para 'main': L5:

--- [TRANSLATE] Processando IR: t7 := divisor + 1 ---
[TRANSLATE] -> Detalhes: Destino='t7', Expressão='divisor + 1'
[TRANSLATE] -> Caminho: Operação Aritmética
[ENSURE] Tentando garantir 'divisor' em um registrador.
[ENSURE] -> 'divisor' é uma variável da pilha. Carregando...
[GET_FREE] -> Encontrado registrador livre: r18. Restantes: 20.
[ADD_INSTR] Adicionando instrução para 'main': subi: r30 = r31, 2
[ADD_INSTR] Adicionando instrução para 'main': load: r18 = [r30]
[ASSIGN_REG] Mapeando 'divisor' para r18.
[TRANSLATE] -> Operando 2 é um imediato: 1
[GET_TEMP] Solicitando registrador para o temporário 't7'.
[GET_FREE] -> Encontrado registrador livre: r19. Restantes: 19.
[ASSIGN_REG] Mapeando 't7' para r19.
[GET_TEMP] -> 't7' alocado no registrador r19.
[ADD_INSTR] Adicionando instrução para 'main': addi: r19 = r18, 1

--- [TRANSLATE] Processando IR: divisor := t7 ---
[TRANSLATE] -> Detalhes: Destino='divisor', Expressão='t7'
[TRANSLATE] -> Caminho: Atribuição Simples
[ENSURE] Tentando garantir 't7' em um registrador.
[ENSURE] -> Sucesso! 't7' já está em r19.
[TRANSLATE_ASSIGN] -> Armazenando 'divisor' na sua posição da pilha.
[ADD_INSTR] Adicionando instrução para 'main': subi: r30 = r31, 2
[ADD_INSTR] Adicionando instrução para 'main': store: [r30] = r19
[UPDATE_MAP] Mapeando 'divisor' para o registrador r19 (que contém o valor de origem).
[ASSIGN_REG] Mapeando 'divisor' para r19.
[ASSIGN_REG] -> Variável 'divisor' já estava em r18. Liberando o mapeamento antigo.
[UNASSIGN_REG] Desmapeado r18 de 'divisor'.
[UNASSIGN_REG] -> Estado atual: 20 registradores livres. Mapeamentos: {'t7': 'r19'}
[ASSIGN_REG] -> Registrador r19 já continha 't7'. Liberando o mapeamento antigo.
[UNASSIGN_REG] Desmapeado r19 de 't7'.
[UNASSIGN_REG] -> Estado atual: 21 registradores livres. Mapeamentos: {}

--- [TRANSLATE] Processando IR: goto L2 ---
[TRANSLATE] -> Desvio incondicional detectado: L2
[SPILL_ALL] Verificando registradores sujos para salvar. Sujos: {'r19'}
[SPILL_ALL] -> Salvando variável local 'divisor' do registrador r19 na pilha [fp, #-2].
[ADD_INSTR] Adicionando instrução para 'main': subi: r30 = r31, 2
[ADD_INSTR] Adicionando instrução para 'main': store: [r30] = r19
[ADD_INSTR] Adicionando instrução para 'main': bi: L2
[UNASSIGN_REG] Desmapeado r19 de 'divisor'.
[UNASSIGN_REG] -> Estado atual: 21 registradores livres. Mapeamentos: {}

--- [TRANSLATE] Processando IR: L3: ---
[TRANSLATE] -> Rótulo detectado: L3:
[SPILL_ALL] Verificando registradores sujos para salvar. Sujos: set()
[ADD_INSTR] Adicionando instrução para 'main': L3:

--- [TRANSLATE] Processando IR: arg is_prime ---
[TRANSLATE] -> Caminho: Enfileirando argumento 1

--- [TRANSLATE] Processando IR: call output, 1 ---
[TRANSLATE] -> Caminho: Chamada de Procedimento
[SPILL_CALL] Preparando spill completo antes de chamada.
[SPILL_ALL] Verificando registradores sujos para salvar. Sujos: set()
[ENSURE] Tentando garantir 'is_prime' em um registrador.
[ENSURE] -> 'is_prime' é uma variável da pilha. Carregando...
[GET_FREE] -> Encontrado registrador livre: r20. Restantes: 20.
[ADD_INSTR] Adicionando instrução para 'main': subi: r30 = r31, 5
[ADD_INSTR] Adicionando instrução para 'main': load: r20 = [r30]
[ASSIGN_REG] Mapeando 'is_prime' para r20.
[ADD_INSTR] Adicionando instrução para 'main': mov: r1 = r20
[ADD_INSTR] Adicionando instrução para 'main': out: r1
[UNASSIGN_REG] Desmapeado r20 de 'is_prime'.
[UNASSIGN_REG] -> Estado atual: 21 registradores livres. Mapeamentos: {}

--- [TRANSLATE] Processando IR: return _ ---
[TRANSLATE] -> Caminho: Retorno de Função
[SPILL_ALL] Verificando registradores sujos para salvar. Sujos: set()
[TRANSLATE] -> Pular para a seção de epílogo.
[ADD_INSTR] Adicionando instrução para 'main': bi: main_epilogue
-> Finalizando a função 'main', fazendo spill de todos os registradores sujos.
[SPILL_ALL] Verificando registradores sujos para salvar. Sujos: set()
--- Fim da Passagem 2 ---

--- Montagem Final: Construindo o arquivo assembly completo ---
[Montagem] Processando função 'main' com 67 instruções.
[Montagem] Adicionando a seção .data.
[Montagem] -> Variáveis a serem declaradas: []
=== GERAÇÃO DE ASSEMBLY CONCLUÍDA ===
--- ASSEMBLY CODE READY FOR YOUR ASSEMBLER ---
.text
.global main

	bi: main
main:
	movi: r29 = 63
	mov: r31 = r29
	subi: r29 = r29, 13
	in: r4
	subi: r30 = r31, 1
	store: [r30] = r4
	movi: r5 = 2
	subi: r30 = r31, 2
	store: [r30] = r5
	movi: r6 = 0
	subi: r30 = r31, 3
	store: [r30] = r6
	movi: r7 = 0
	subi: r30 = r31, 4
	store: [r30] = r7
	movi: r8 = 1
	subi: r30 = r31, 5
	store: [r30] = r8
	movi: r9 = 2
	subs: r0 = r4, r9
	bigteq: L0
	movi: r10 = 0
	subi: r30 = r31, 5
	store: [r30] = r10
	subi: r30 = r31, 1
	store: [r30] = r4
	bi: L1
L0:
L1:
L2:
	subi: r30 = r31, 2
	load: r11 = [r30]
	subi: r30 = r31, 1
	load: r12 = [r30]
	subs: r0 = r11, r12
	bigteq: L3
	div: r13 = r12, r11
	subi: r30 = r31, 3
	store: [r30] = r13
	mul: r14 = r13, r11
	sub: r15 = r12, r14
	subi: r30 = r31, 4
	store: [r30] = r15
	movi: r16 = 0
	subs: r0 = r15, r16
	bineq: L4
	movi: r17 = 0
	subi: r30 = r31, 5
	store: [r30] = r17
	subi: r30 = r31, 3
	store: [r30] = r13
	subi: r30 = r31, 4
	store: [r30] = r15
	bi: L5
L4:
L5:
	subi: r30 = r31, 2
	load: r18 = [r30]
	addi: r19 = r18, 1
	subi: r30 = r31, 2
	store: [r30] = r19
	subi: r30 = r31, 2
	store: [r30] = r19
	bi: L2
L3:
	subi: r30 = r31, 5
	load: r20 = [r30]
	mov: r1 = r20
	out: r1
	bi: main_epilogue
main_epilogue:
	ret:

.data
stack_space: .space 64
---------------------------------------------
--- DEBUG OUTPUT ---
00001110000000000000000000000001 -> bi: main
00000010100011101000000000111111 -> movi: r29 = 63
00000000100011111000001110100000 -> mov: r31 = r29
00000010000111101111010000001101 -> subi: r29 = r29, 13
00000000100100100000000000000000 -> in: r4
00000010000111110111110000000001 -> subi: r30 = r31, 1
00000100000000000001001111000000 -> store: [r30] = r4
00000010100000101000000000000010 -> movi: r5 = 2
00000010000111110111110000000010 -> subi: r30 = r31, 2
00000100000000000001011111000000 -> store: [r30] = r5
00000010100000110000000000000000 -> movi: r6 = 0
00000010000111110111110000000011 -> subi: r30 = r31, 3
00000100000000000001101111000000 -> store: [r30] = r6
00000010100000111000000000000000 -> movi: r7 = 0
00000010000111110111110000000100 -> subi: r30 = r31, 4
00000100000000000001111111000000 -> store: [r30] = r7
00000010100001000000000000000001 -> movi: r8 = 1
00000010000111110111110000000101 -> subi: r30 = r31, 5
00000100000000000010001111000000 -> store: [r30] = r8
00000010100001001000000000000010 -> movi: r9 = 2
00000001000100000001000100100000 -> subs: r0 = r4, r9
01001110000000000000000000000111 -> bigteq: L0
00000010100001010000000000000000 -> movi: r10 = 0
00000010000111110111110000000101 -> subi: r30 = r31, 5
00000100000000000010101111000000 -> store: [r30] = r10
00000010000111110111110000000001 -> subi: r30 = r31, 1
00000100000000000001001111000000 -> store: [r30] = r4
00001110000000000000000000000001 -> bi: L1
00000010000111110111110000000010 -> subi: r30 = r31, 2
00000100000101011000001111000000 -> load: r11 = [r30]
00000010000111110111110000000001 -> subi: r30 = r31, 1
00000100000101100000001111000000 -> load: r12 = [r30]
00000001000100000010110110000000 -> subs: r0 = r11, r12
01001110000000000000000000011011 -> bigteq: L3
00000000001101101011000101100000 -> div: r13 = r12, r11
00000010000111110111110000000011 -> subi: r30 = r31, 3
00000100000000000011011111000000 -> store: [r30] = r13
00000000001001110011010101100000 -> mul: r14 = r13, r11
00000000000101111011000111000000 -> sub: r15 = r12, r14
00000010000111110111110000000100 -> subi: r30 = r31, 4
00000100000000000011111111000000 -> store: [r30] = r15
00000010100010000000000000000000 -> movi: r16 = 0
00000001000100000011111000000000 -> subs: r0 = r15, r16
00101110000000000000000000001001 -> bineq: L4
00000010100010001000000000000000 -> movi: r17 = 0
00000010000111110111110000000101 -> subi: r30 = r31, 5
00000100000000000100011111000000 -> store: [r30] = r17
00000010000111110111110000000011 -> subi: r30 = r31, 3
00000100000000000011011111000000 -> store: [r30] = r13
00000010000111110111110000000100 -> subi: r30 = r31, 4
00000100000000000011111111000000 -> store: [r30] = r15
00001110000000000000000000000001 -> bi: L5
00000010000111110111110000000010 -> subi: r30 = r31, 2
00000100000110010000001111000000 -> load: r18 = [r30]
00000010000010011100100000000001 -> addi: r19 = r18, 1
00000010000111110111110000000010 -> subi: r30 = r31, 2
00000100000000000100111111000000 -> store: [r30] = r19
00000010000111110111110000000010 -> subi: r30 = r31, 2
00000100000000000100111111000000 -> store: [r30] = r19
00001110000000000000001111100001 -> bi: L2
00000010000111110111110000000101 -> subi: r30 = r31, 5
00000100000110100000001111000000 -> load: r20 = [r30]
00000000100000001000001010000000 -> mov: r1 = r20
00000000101000000000000000100000 -> out: r1
00001110000000000000000000000001 -> bi: main_epilogue
00001110000000000000000000000000 -> ret -> bi 0
00000000000000000000000000000000 -> data stack_space[0] .space
00000000000000000000000000000000 -> data stack_space[1] .space
00000000000000000000000000000000 -> data stack_space[2] .space
00000000000000000000000000000000 -> data stack_space[3] .space
00000000000000000000000000000000 -> data stack_space[4] .space
00000000000000000000000000000000 -> data stack_space[5] .space
00000000000000000000000000000000 -> data stack_space[6] .space
00000000000000000000000000000000 -> data stack_space[7] .space
00000000000000000000000000000000 -> data stack_space[8] .space
00000000000000000000000000000000 -> data stack_space[9] .space
00000000000000000000000000000000 -> data stack_space[10] .space
00000000000000000000000000000000 -> data stack_space[11] .space
00000000000000000000000000000000 -> data stack_space[12] .space
00000000000000000000000000000000 -> data stack_space[13] .space
00000000000000000000000000000000 -> data stack_space[14] .space
00000000000000000000000000000000 -> data stack_space[15] .space
00000000000000000000000000000000 -> data stack_space[16] .space
00000000000000000000000000000000 -> data stack_space[17] .space
00000000000000000000000000000000 -> data stack_space[18] .space
00000000000000000000000000000000 -> data stack_space[19] .space
00000000000000000000000000000000 -> data stack_space[20] .space
00000000000000000000000000000000 -> data stack_space[21] .space
00000000000000000000000000000000 -> data stack_space[22] .space
00000000000000000000000000000000 -> data stack_space[23] .space
00000000000000000000000000000000 -> data stack_space[24] .space
00000000000000000000000000000000 -> data stack_space[25] .space
00000000000000000000000000000000 -> data stack_space[26] .space
00000000000000000000000000000000 -> data stack_space[27] .space
00000000000000000000000000000000 -> data stack_space[28] .space
00000000000000000000000000000000 -> data stack_space[29] .space
00000000000000000000000000000000 -> data stack_space[30] .space
00000000000000000000000000000000 -> data stack_space[31] .space
00000000000000000000000000000000 -> data stack_space[32] .space
00000000000000000000000000000000 -> data stack_space[33] .space
00000000000000000000000000000000 -> data stack_space[34] .space
00000000000000000000000000000000 -> data stack_space[35] .space
00000000000000000000000000000000 -> data stack_space[36] .space
00000000000000000000000000000000 -> data stack_space[37] .space
00000000000000000000000000000000 -> data stack_space[38] .space
00000000000000000000000000000000 -> data stack_space[39] .space
00000000000000000000000000000000 -> data stack_space[40] .space
00000000000000000000000000000000 -> data stack_space[41] .space
00000000000000000000000000000000 -> data stack_space[42] .space
00000000000000000000000000000000 -> data stack_space[43] .space
00000000000000000000000000000000 -> data stack_space[44] .space
00000000000000000000000000000000 -> data stack_space[45] .space
00000000000000000000000000000000 -> data stack_space[46] .space
00000000000000000000000000000000 -> data stack_space[47] .space
00000000000000000000000000000000 -> data stack_space[48] .space
00000000000000000000000000000000 -> data stack_space[49] .space
00000000000000000000000000000000 -> data stack_space[50] .space
00000000000000000000000000000000 -> data stack_space[51] .space
00000000000000000000000000000000 -> data stack_space[52] .space
00000000000000000000000000000000 -> data stack_space[53] .space
00000000000000000000000000000000 -> data stack_space[54] .space
00000000000000000000000000000000 -> data stack_space[55] .space
00000000000000000000000000000000 -> data stack_space[56] .space
00000000000000000000000000000000 -> data stack_space[57] .space
00000000000000000000000000000000 -> data stack_space[58] .space
00000000000000000000000000000000 -> data stack_space[59] .space
00000000000000000000000000000000 -> data stack_space[60] .space
00000000000000000000000000000000 -> data stack_space[61] .space
00000000000000000000000000000000 -> data stack_space[62] .space
00000000000000000000000000000000 -> data stack_space[63] .space
Mapeamento assembly->máquina salvo em: docs/generated/diagnostics/assembler/assembly_to_machine.txt

Código de máquina gerado com sucesso em: docs/generated/final/assembler/machine_code/generated_machine_code.txt
--- MACHINE CODE DECODED ---
