

=== INICIANDO GERAÇÃO DE ASSEMBLY ===

--- Passagem 1A: Coletando definições de funções ---
[Passagem 1A] Função encontrada: 'main'
[ALLOC_INIT] Inicializando alocador para a função 'main'
[ALLOC_INIT] Pool de registradores definido: ['r4', 'r5', 'r6', 'r7', 'r8', 'r9', 'r10', 'r11', 'r12', 'r13', 'r14', 'r15', 'r16', 'r17', 'r18', 'r19', 'r20', 'r21', 'r22', 'r23', 'r24', 'r25', 'r26']
[ALLOC_INIT] Registrador de spill reservado: r30
[ALLOC_INIT] Estado inicial: 23 registradores livres.
[FUNC_CTX] Contexto para a função 'main' criado.

--- Passagem 1B: Construindo a Tabela de Símbolos Globais ---
[Passagem 1B] Declaração de Vetor Global encontrada: 'values' de tamanho 6
[SymbolTable] Adding symbol: <Symbol(name='values', type=ARRAY(size=6, base_type=INT), scope='global', addr=64)>
--- Fim da Passagem 1: 1 símbolos globais encontrados. ---

--- Passagem 2: Traduzindo o IR para cada função ---

[Processando Função] -> 'main'
-> IR isolado para 'main' contém 79 instruções.
[DEBUG] Função 'main': all_vars=['i', 'j', 'temporary', 'values'], defined_vars={'temporary', 'j', 'i'}, params=[]
--> Parâmetros para 'main': []
--> Variáveis Locais para 'main': ['i', 'j', 'temporary']
--> Criando o layout da pilha para 'main'...
    -> Mapeando 'i' para o offset [fp, #-1] (size=1)
    -> Mapeando 'j' para o offset [fp, #-2] (size=1)
    -> Mapeando 'temporary' para o offset [fp, #-3] (size=1)
--> Tamanho total do frame para 'main': 45 palavras.

--- [TRANSLATE] Processando IR: i := 0 ---
[TRANSLATE] -> Detalhes: Destino='i', Expressão='0'
[TRANSLATE] -> Caminho: Atribuição Simples
[ENSURE] Tentando garantir '0' em um registrador.
[GET_FREE] -> Encontrado registrador livre: r4. Restantes: 22.
[ENSURE] -> Alocando r4 para a constante '0'.
[ADD_INSTR] Adicionando instrução para 'main': movi: r4 = 0
[TRANSLATE_ASSIGN] -> Armazenando 'i' na sua posição da pilha.
[ADD_INSTR] Adicionando instrução para 'main': subi: r30 = r31, 1
[ADD_INSTR] Adicionando instrução para 'main': store: [r30] = r4
[UPDATE_MAP] Mapeando 'i' para o registrador r4 (que contém o valor de origem).
[ASSIGN_REG] Mapeando 'i' para r4.

--- [TRANSLATE] Processando IR: j := 0 ---
[TRANSLATE] -> Detalhes: Destino='j', Expressão='0'
[TRANSLATE] -> Caminho: Atribuição Simples
[ENSURE] Tentando garantir '0' em um registrador.
[GET_FREE] -> Encontrado registrador livre: r5. Restantes: 21.
[ENSURE] -> Alocando r5 para a constante '0'.
[ADD_INSTR] Adicionando instrução para 'main': movi: r5 = 0
[TRANSLATE_ASSIGN] -> Armazenando 'j' na sua posição da pilha.
[ADD_INSTR] Adicionando instrução para 'main': subi: r30 = r31, 2
[ADD_INSTR] Adicionando instrução para 'main': store: [r30] = r5
[UPDATE_MAP] Mapeando 'j' para o registrador r5 (que contém o valor de origem).
[ASSIGN_REG] Mapeando 'j' para r5.

--- [TRANSLATE] Processando IR: temporary := 0 ---
[TRANSLATE] -> Detalhes: Destino='temporary', Expressão='0'
[TRANSLATE] -> Caminho: Atribuição Simples
[ENSURE] Tentando garantir '0' em um registrador.
[GET_FREE] -> Encontrado registrador livre: r6. Restantes: 20.
[ENSURE] -> Alocando r6 para a constante '0'.
[ADD_INSTR] Adicionando instrução para 'main': movi: r6 = 0
[TRANSLATE_ASSIGN] -> Armazenando 'temporary' na sua posição da pilha.
[ADD_INSTR] Adicionando instrução para 'main': subi: r30 = r31, 3
[ADD_INSTR] Adicionando instrução para 'main': store: [r30] = r6
[UPDATE_MAP] Mapeando 'temporary' para o registrador r6 (que contém o valor de origem).
[ASSIGN_REG] Mapeando 'temporary' para r6.

--- [TRANSLATE] Processando IR: t0 := &values ---
[TRANSLATE] -> Detalhes: Destino='t0', Expressão='&values'
[GET_TEMP] Solicitando registrador para o temporário 't0'.
[GET_FREE] -> Encontrado registrador livre: r7. Restantes: 19.
[ASSIGN_REG] Mapeando 't0' para r7.
[GET_TEMP] -> 't0' alocado no registrador r7.
[ADD_INSTR] Adicionando instrução para 'main': movi: r7 = 64

--- [TRANSLATE] Processando IR: t1 := t0 + 0 ---
[TRANSLATE] -> Detalhes: Destino='t1', Expressão='t0 + 0'
[TRANSLATE] -> Caminho: Operação Aritmética
[ENSURE] Tentando garantir 't0' em um registrador.
[ENSURE] -> Sucesso! 't0' já está em r7.
[TRANSLATE] -> Operando 2 é um imediato: 0
[GET_TEMP] Solicitando registrador para o temporário 't1'.
[GET_FREE] -> Encontrado registrador livre: r8. Restantes: 18.
[ASSIGN_REG] Mapeando 't1' para r8.
[GET_TEMP] -> 't1' alocado no registrador r8.
[ADD_INSTR] Adicionando instrução para 'main': addi: r8 = r7, 0
[FREE_TEMP] Liberando registrador r7 que continha o temporário 't0'.
[UNASSIGN_REG] Desmapeado r7 de 't0'.
[UNASSIGN_REG] -> Estado atual: 19 registradores livres. Mapeamentos: {'i': 'r4', 'j': 'r5', 'temporary': 'r6', 't1': 'r8'}

--- [TRANSLATE] Processando IR: *t1 := 9 ---
[TRANSLATE] -> Detalhes: Destino='*t1', Expressão='9'
[TRANSLATE] -> Caminho: Armazenar em Ponteiro (*)
[ENSURE] Tentando garantir '9' em um registrador.
[GET_FREE] -> Encontrado registrador livre: r9. Restantes: 18.
[ENSURE] -> Alocando r9 para a constante '9'.
[ADD_INSTR] Adicionando instrução para 'main': movi: r9 = 9
[TRANSLATE] -> Endereço de destino é uma variável temporária. Usando registrador temporário.
[ENSURE] Tentando garantir 't1' em um registrador.
[ENSURE] -> Sucesso! 't1' já está em r8.
[ADD_INSTR] Adicionando instrução para 'main': store: [r8] = r9
[UNASSIGN_REG] r9 já estava desmapeado.
[UNASSIGN_REG] -> Estado atual: 19 registradores livres. Mapeamentos: {'i': 'r4', 'j': 'r5', 'temporary': 'r6', 't1': 'r8'}
[UNASSIGN_REG] Desmapeado r8 de 't1'.
[UNASSIGN_REG] -> Estado atual: 20 registradores livres. Mapeamentos: {'i': 'r4', 'j': 'r5', 'temporary': 'r6'}

--- [TRANSLATE] Processando IR: t2 := &values ---
[TRANSLATE] -> Detalhes: Destino='t2', Expressão='&values'
[GET_TEMP] Solicitando registrador para o temporário 't2'.
[GET_FREE] -> Encontrado registrador livre: r10. Restantes: 19.
[ASSIGN_REG] Mapeando 't2' para r10.
[GET_TEMP] -> 't2' alocado no registrador r10.
[ADD_INSTR] Adicionando instrução para 'main': movi: r10 = 64

--- [TRANSLATE] Processando IR: t3 := t2 + 1 ---
[TRANSLATE] -> Detalhes: Destino='t3', Expressão='t2 + 1'
[TRANSLATE] -> Caminho: Operação Aritmética
[ENSURE] Tentando garantir 't2' em um registrador.
[ENSURE] -> Sucesso! 't2' já está em r10.
[TRANSLATE] -> Operando 2 é um imediato: 1
[GET_TEMP] Solicitando registrador para o temporário 't3'.
[GET_FREE] -> Encontrado registrador livre: r11. Restantes: 18.
[ASSIGN_REG] Mapeando 't3' para r11.
[GET_TEMP] -> 't3' alocado no registrador r11.
[ADD_INSTR] Adicionando instrução para 'main': addi: r11 = r10, 1
[FREE_TEMP] Liberando registrador r10 que continha o temporário 't2'.
[UNASSIGN_REG] Desmapeado r10 de 't2'.
[UNASSIGN_REG] -> Estado atual: 19 registradores livres. Mapeamentos: {'i': 'r4', 'j': 'r5', 'temporary': 'r6', 't3': 'r11'}

--- [TRANSLATE] Processando IR: *t3 := 1 ---
[TRANSLATE] -> Detalhes: Destino='*t3', Expressão='1'
[TRANSLATE] -> Caminho: Armazenar em Ponteiro (*)
[ENSURE] Tentando garantir '1' em um registrador.
[GET_FREE] -> Encontrado registrador livre: r12. Restantes: 18.
[ENSURE] -> Alocando r12 para a constante '1'.
[ADD_INSTR] Adicionando instrução para 'main': movi: r12 = 1
[TRANSLATE] -> Endereço de destino é uma variável temporária. Usando registrador temporário.
[ENSURE] Tentando garantir 't3' em um registrador.
[ENSURE] -> Sucesso! 't3' já está em r11.
[ADD_INSTR] Adicionando instrução para 'main': store: [r11] = r12
[UNASSIGN_REG] r12 já estava desmapeado.
[UNASSIGN_REG] -> Estado atual: 19 registradores livres. Mapeamentos: {'i': 'r4', 'j': 'r5', 'temporary': 'r6', 't3': 'r11'}
[UNASSIGN_REG] Desmapeado r11 de 't3'.
[UNASSIGN_REG] -> Estado atual: 20 registradores livres. Mapeamentos: {'i': 'r4', 'j': 'r5', 'temporary': 'r6'}

--- [TRANSLATE] Processando IR: t4 := &values ---
[TRANSLATE] -> Detalhes: Destino='t4', Expressão='&values'
[GET_TEMP] Solicitando registrador para o temporário 't4'.
[GET_FREE] -> Encontrado registrador livre: r13. Restantes: 19.
[ASSIGN_REG] Mapeando 't4' para r13.
[GET_TEMP] -> 't4' alocado no registrador r13.
[ADD_INSTR] Adicionando instrução para 'main': movi: r13 = 64

--- [TRANSLATE] Processando IR: t5 := t4 + 2 ---
[TRANSLATE] -> Detalhes: Destino='t5', Expressão='t4 + 2'
[TRANSLATE] -> Caminho: Operação Aritmética
[ENSURE] Tentando garantir 't4' em um registrador.
[ENSURE] -> Sucesso! 't4' já está em r13.
[TRANSLATE] -> Operando 2 é um imediato: 2
[GET_TEMP] Solicitando registrador para o temporário 't5'.
[GET_FREE] -> Encontrado registrador livre: r14. Restantes: 18.
[ASSIGN_REG] Mapeando 't5' para r14.
[GET_TEMP] -> 't5' alocado no registrador r14.
[ADD_INSTR] Adicionando instrução para 'main': addi: r14 = r13, 2
[FREE_TEMP] Liberando registrador r13 que continha o temporário 't4'.
[UNASSIGN_REG] Desmapeado r13 de 't4'.
[UNASSIGN_REG] -> Estado atual: 19 registradores livres. Mapeamentos: {'i': 'r4', 'j': 'r5', 'temporary': 'r6', 't5': 'r14'}

--- [TRANSLATE] Processando IR: *t5 := 8 ---
[TRANSLATE] -> Detalhes: Destino='*t5', Expressão='8'
[TRANSLATE] -> Caminho: Armazenar em Ponteiro (*)
[ENSURE] Tentando garantir '8' em um registrador.
[GET_FREE] -> Encontrado registrador livre: r15. Restantes: 18.
[ENSURE] -> Alocando r15 para a constante '8'.
[ADD_INSTR] Adicionando instrução para 'main': movi: r15 = 8
[TRANSLATE] -> Endereço de destino é uma variável temporária. Usando registrador temporário.
[ENSURE] Tentando garantir 't5' em um registrador.
[ENSURE] -> Sucesso! 't5' já está em r14.
[ADD_INSTR] Adicionando instrução para 'main': store: [r14] = r15
[UNASSIGN_REG] r15 já estava desmapeado.
[UNASSIGN_REG] -> Estado atual: 19 registradores livres. Mapeamentos: {'i': 'r4', 'j': 'r5', 'temporary': 'r6', 't5': 'r14'}
[UNASSIGN_REG] Desmapeado r14 de 't5'.
[UNASSIGN_REG] -> Estado atual: 20 registradores livres. Mapeamentos: {'i': 'r4', 'j': 'r5', 'temporary': 'r6'}

--- [TRANSLATE] Processando IR: t6 := &values ---
[TRANSLATE] -> Detalhes: Destino='t6', Expressão='&values'
[GET_TEMP] Solicitando registrador para o temporário 't6'.
[GET_FREE] -> Encontrado registrador livre: r16. Restantes: 19.
[ASSIGN_REG] Mapeando 't6' para r16.
[GET_TEMP] -> 't6' alocado no registrador r16.
[ADD_INSTR] Adicionando instrução para 'main': movi: r16 = 64

--- [TRANSLATE] Processando IR: t7 := t6 + 3 ---
[TRANSLATE] -> Detalhes: Destino='t7', Expressão='t6 + 3'
[TRANSLATE] -> Caminho: Operação Aritmética
[ENSURE] Tentando garantir 't6' em um registrador.
[ENSURE] -> Sucesso! 't6' já está em r16.
[TRANSLATE] -> Operando 2 é um imediato: 3
[GET_TEMP] Solicitando registrador para o temporário 't7'.
[GET_FREE] -> Encontrado registrador livre: r17. Restantes: 18.
[ASSIGN_REG] Mapeando 't7' para r17.
[GET_TEMP] -> 't7' alocado no registrador r17.
[ADD_INSTR] Adicionando instrução para 'main': addi: r17 = r16, 3
[FREE_TEMP] Liberando registrador r16 que continha o temporário 't6'.
[UNASSIGN_REG] Desmapeado r16 de 't6'.
[UNASSIGN_REG] -> Estado atual: 19 registradores livres. Mapeamentos: {'i': 'r4', 'j': 'r5', 'temporary': 'r6', 't7': 'r17'}

--- [TRANSLATE] Processando IR: *t7 := 2 ---
[TRANSLATE] -> Detalhes: Destino='*t7', Expressão='2'
[TRANSLATE] -> Caminho: Armazenar em Ponteiro (*)
[ENSURE] Tentando garantir '2' em um registrador.
[GET_FREE] -> Encontrado registrador livre: r18. Restantes: 18.
[ENSURE] -> Alocando r18 para a constante '2'.
[ADD_INSTR] Adicionando instrução para 'main': movi: r18 = 2
[TRANSLATE] -> Endereço de destino é uma variável temporária. Usando registrador temporário.
[ENSURE] Tentando garantir 't7' em um registrador.
[ENSURE] -> Sucesso! 't7' já está em r17.
[ADD_INSTR] Adicionando instrução para 'main': store: [r17] = r18
[UNASSIGN_REG] r18 já estava desmapeado.
[UNASSIGN_REG] -> Estado atual: 19 registradores livres. Mapeamentos: {'i': 'r4', 'j': 'r5', 'temporary': 'r6', 't7': 'r17'}
[UNASSIGN_REG] Desmapeado r17 de 't7'.
[UNASSIGN_REG] -> Estado atual: 20 registradores livres. Mapeamentos: {'i': 'r4', 'j': 'r5', 'temporary': 'r6'}

--- [TRANSLATE] Processando IR: t8 := &values ---
[TRANSLATE] -> Detalhes: Destino='t8', Expressão='&values'
[GET_TEMP] Solicitando registrador para o temporário 't8'.
[GET_FREE] -> Encontrado registrador livre: r19. Restantes: 19.
[ASSIGN_REG] Mapeando 't8' para r19.
[GET_TEMP] -> 't8' alocado no registrador r19.
[ADD_INSTR] Adicionando instrução para 'main': movi: r19 = 64

--- [TRANSLATE] Processando IR: t9 := t8 + 4 ---
[TRANSLATE] -> Detalhes: Destino='t9', Expressão='t8 + 4'
[TRANSLATE] -> Caminho: Operação Aritmética
[ENSURE] Tentando garantir 't8' em um registrador.
[ENSURE] -> Sucesso! 't8' já está em r19.
[TRANSLATE] -> Operando 2 é um imediato: 4
[GET_TEMP] Solicitando registrador para o temporário 't9'.
[GET_FREE] -> Encontrado registrador livre: r20. Restantes: 18.
[ASSIGN_REG] Mapeando 't9' para r20.
[GET_TEMP] -> 't9' alocado no registrador r20.
[ADD_INSTR] Adicionando instrução para 'main': addi: r20 = r19, 4
[FREE_TEMP] Liberando registrador r19 que continha o temporário 't8'.
[UNASSIGN_REG] Desmapeado r19 de 't8'.
[UNASSIGN_REG] -> Estado atual: 19 registradores livres. Mapeamentos: {'i': 'r4', 'j': 'r5', 'temporary': 'r6', 't9': 'r20'}

--- [TRANSLATE] Processando IR: *t9 := 7 ---
[TRANSLATE] -> Detalhes: Destino='*t9', Expressão='7'
[TRANSLATE] -> Caminho: Armazenar em Ponteiro (*)
[ENSURE] Tentando garantir '7' em um registrador.
[GET_FREE] -> Encontrado registrador livre: r21. Restantes: 18.
[ENSURE] -> Alocando r21 para a constante '7'.
[ADD_INSTR] Adicionando instrução para 'main': movi: r21 = 7
[TRANSLATE] -> Endereço de destino é uma variável temporária. Usando registrador temporário.
[ENSURE] Tentando garantir 't9' em um registrador.
[ENSURE] -> Sucesso! 't9' já está em r20.
[ADD_INSTR] Adicionando instrução para 'main': store: [r20] = r21
[UNASSIGN_REG] r21 já estava desmapeado.
[UNASSIGN_REG] -> Estado atual: 19 registradores livres. Mapeamentos: {'i': 'r4', 'j': 'r5', 'temporary': 'r6', 't9': 'r20'}
[UNASSIGN_REG] Desmapeado r20 de 't9'.
[UNASSIGN_REG] -> Estado atual: 20 registradores livres. Mapeamentos: {'i': 'r4', 'j': 'r5', 'temporary': 'r6'}

--- [TRANSLATE] Processando IR: t10 := &values ---
[TRANSLATE] -> Detalhes: Destino='t10', Expressão='&values'
[GET_TEMP] Solicitando registrador para o temporário 't10'.
[GET_FREE] -> Encontrado registrador livre: r22. Restantes: 19.
[ASSIGN_REG] Mapeando 't10' para r22.
[GET_TEMP] -> 't10' alocado no registrador r22.
[ADD_INSTR] Adicionando instrução para 'main': movi: r22 = 64

--- [TRANSLATE] Processando IR: t11 := t10 + 5 ---
[TRANSLATE] -> Detalhes: Destino='t11', Expressão='t10 + 5'
[TRANSLATE] -> Caminho: Operação Aritmética
[ENSURE] Tentando garantir 't10' em um registrador.
[ENSURE] -> Sucesso! 't10' já está em r22.
[TRANSLATE] -> Operando 2 é um imediato: 5
[GET_TEMP] Solicitando registrador para o temporário 't11'.
[GET_FREE] -> Encontrado registrador livre: r23. Restantes: 18.
[ASSIGN_REG] Mapeando 't11' para r23.
[GET_TEMP] -> 't11' alocado no registrador r23.
[ADD_INSTR] Adicionando instrução para 'main': addi: r23 = r22, 5
[FREE_TEMP] Liberando registrador r22 que continha o temporário 't10'.
[UNASSIGN_REG] Desmapeado r22 de 't10'.
[UNASSIGN_REG] -> Estado atual: 19 registradores livres. Mapeamentos: {'i': 'r4', 'j': 'r5', 'temporary': 'r6', 't11': 'r23'}

--- [TRANSLATE] Processando IR: *t11 := 3 ---
[TRANSLATE] -> Detalhes: Destino='*t11', Expressão='3'
[TRANSLATE] -> Caminho: Armazenar em Ponteiro (*)
[ENSURE] Tentando garantir '3' em um registrador.
[GET_FREE] -> Encontrado registrador livre: r24. Restantes: 18.
[ENSURE] -> Alocando r24 para a constante '3'.
[ADD_INSTR] Adicionando instrução para 'main': movi: r24 = 3
[TRANSLATE] -> Endereço de destino é uma variável temporária. Usando registrador temporário.
[ENSURE] Tentando garantir 't11' em um registrador.
[ENSURE] -> Sucesso! 't11' já está em r23.
[ADD_INSTR] Adicionando instrução para 'main': store: [r23] = r24
[UNASSIGN_REG] r24 já estava desmapeado.
[UNASSIGN_REG] -> Estado atual: 19 registradores livres. Mapeamentos: {'i': 'r4', 'j': 'r5', 'temporary': 'r6', 't11': 'r23'}
[UNASSIGN_REG] Desmapeado r23 de 't11'.
[UNASSIGN_REG] -> Estado atual: 20 registradores livres. Mapeamentos: {'i': 'r4', 'j': 'r5', 'temporary': 'r6'}

--- [TRANSLATE] Processando IR: i := 0 ---
[TRANSLATE] -> Detalhes: Destino='i', Expressão='0'
[TRANSLATE] -> Caminho: Atribuição Simples
[ENSURE] Tentando garantir '0' em um registrador.
[GET_FREE] -> Encontrado registrador livre: r25. Restantes: 19.
[ENSURE] -> Alocando r25 para a constante '0'.
[ADD_INSTR] Adicionando instrução para 'main': movi: r25 = 0
[TRANSLATE_ASSIGN] -> Armazenando 'i' na sua posição da pilha.
[ADD_INSTR] Adicionando instrução para 'main': subi: r30 = r31, 1
[ADD_INSTR] Adicionando instrução para 'main': store: [r30] = r25
[UPDATE_MAP] Mapeando 'i' para o registrador r25 (que contém o valor de origem).
[ASSIGN_REG] Mapeando 'i' para r25.
[ASSIGN_REG] -> Variável 'i' já estava em r4. Liberando o mapeamento antigo.
[UNASSIGN_REG] Desmapeado r4 de 'i'.
[UNASSIGN_REG] -> Estado atual: 20 registradores livres. Mapeamentos: {'j': 'r5', 'temporary': 'r6'}

--- [TRANSLATE] Processando IR: L0: ---
[TRANSLATE] -> Rótulo detectado: L0:
[SPILL_ALL] Verificando registradores sujos para salvar. Sujos: {'r19', 'r8', 'r16', 'r11', 'r17', 'r10', 'r23', 'r13', 'r20', 'r14', 'r22', 'r7'}
[UNASSIGN_REG] Desmapeado r5 de 'j'.
[UNASSIGN_REG] -> Estado atual: 21 registradores livres. Mapeamentos: {'temporary': 'r6', 'i': 'r25'}
[UNASSIGN_REG] Desmapeado r6 de 'temporary'.
[UNASSIGN_REG] -> Estado atual: 22 registradores livres. Mapeamentos: {'i': 'r25'}
[UNASSIGN_REG] Desmapeado r25 de 'i'.
[UNASSIGN_REG] -> Estado atual: 23 registradores livres. Mapeamentos: {}
[ADD_INSTR] Adicionando instrução para 'main': L0:

--- [TRANSLATE] Processando IR: t12 := i < 6 ---
[TRANSLATE] -> Detalhes: Destino='t12', Expressão='i < 6'
[TRANSLATE] -> Caminho: Comparação (condicional)
[ENSURE] Tentando garantir 'i' em um registrador.
[ENSURE] -> 'i' é uma variável da pilha. Carregando...
[GET_FREE] -> Encontrado registrador livre: r26. Restantes: 22.
[ADD_INSTR] Adicionando instrução para 'main': subi: r30 = r31, 1
[ADD_INSTR] Adicionando instrução para 'main': load: r26 = [r30]
[ASSIGN_REG] Mapeando 'i' para r26.
[ENSURE] Tentando garantir '6' em um registrador.
[GET_FREE] -> Encontrado registrador livre: r7. Restantes: 21.
[ENSURE] -> Alocando r7 para a constante '6'.
[ADD_INSTR] Adicionando instrução para 'main': movi: r7 = 6
[ADD_INSTR] Adicionando instrução para 'main': subs: r0 = r26, r7

--- [TRANSLATE] Processando IR: if_false t12 goto L1 ---
[TRANSLATE] -> Caminho: Desvio Condicional (if_false)
[ADD_INSTR] Adicionando instrução para 'main': bigteq: L1

--- [TRANSLATE] Processando IR: j := 0 ---
[TRANSLATE] -> Detalhes: Destino='j', Expressão='0'
[TRANSLATE] -> Caminho: Atribuição Simples
[ENSURE] Tentando garantir '0' em um registrador.
[GET_FREE] -> Encontrado registrador livre: r9. Restantes: 20.
[ENSURE] -> Alocando r9 para a constante '0'.
[ADD_INSTR] Adicionando instrução para 'main': movi: r9 = 0
[TRANSLATE_ASSIGN] -> Armazenando 'j' na sua posição da pilha.
[ADD_INSTR] Adicionando instrução para 'main': subi: r30 = r31, 2
[ADD_INSTR] Adicionando instrução para 'main': store: [r30] = r9
[UPDATE_MAP] Mapeando 'j' para o registrador r9 (que contém o valor de origem).
[ASSIGN_REG] Mapeando 'j' para r9.

--- [TRANSLATE] Processando IR: L2: ---
[TRANSLATE] -> Rótulo detectado: L2:
[SPILL_ALL] Verificando registradores sujos para salvar. Sujos: {'r19', 'r8', 'r16', 'r11', 'r17', 'r10', 'r23', 'r13', 'r20', 'r14', 'r22', 'r7'}
[UNASSIGN_REG] Desmapeado r26 de 'i'.
[UNASSIGN_REG] -> Estado atual: 21 registradores livres. Mapeamentos: {'j': 'r9'}
[UNASSIGN_REG] Desmapeado r9 de 'j'.
[UNASSIGN_REG] -> Estado atual: 22 registradores livres. Mapeamentos: {}
[ADD_INSTR] Adicionando instrução para 'main': L2:

--- [TRANSLATE] Processando IR: t13 := 5 - i ---
[TRANSLATE] -> Detalhes: Destino='t13', Expressão='5 - i'
[TRANSLATE] -> Caminho: Operação Aritmética
[ENSURE] Tentando garantir '5' em um registrador.
[GET_FREE] -> Encontrado registrador livre: r8. Restantes: 21.
[ENSURE] -> Alocando r8 para a constante '5'.
[ADD_INSTR] Adicionando instrução para 'main': movi: r8 = 5
[ENSURE] Tentando garantir 'i' em um registrador.
[ENSURE] -> 'i' é uma variável da pilha. Carregando...
[GET_FREE] -> Encontrado registrador livre: r10. Restantes: 20.
[ADD_INSTR] Adicionando instrução para 'main': subi: r30 = r31, 1
[ADD_INSTR] Adicionando instrução para 'main': load: r10 = [r30]
[ASSIGN_REG] Mapeando 'i' para r10.
[GET_TEMP] Solicitando registrador para o temporário 't13'.
[GET_FREE] -> Encontrado registrador livre: r12. Restantes: 19.
[ASSIGN_REG] Mapeando 't13' para r12.
[GET_TEMP] -> 't13' alocado no registrador r12.
[ADD_INSTR] Adicionando instrução para 'main': sub: r12 = r8, r10

--- [TRANSLATE] Processando IR: t14 := j < t13 ---
[TRANSLATE] -> Detalhes: Destino='t14', Expressão='j < t13'
[TRANSLATE] -> Caminho: Comparação (condicional)
[ENSURE] Tentando garantir 'j' em um registrador.
[ENSURE] -> 'j' é uma variável da pilha. Carregando...
[GET_FREE] -> Encontrado registrador livre: r11. Restantes: 18.
[ADD_INSTR] Adicionando instrução para 'main': subi: r30 = r31, 2
[ADD_INSTR] Adicionando instrução para 'main': load: r11 = [r30]
[ASSIGN_REG] Mapeando 'j' para r11.
[ENSURE] Tentando garantir 't13' em um registrador.
[ENSURE] -> Sucesso! 't13' já está em r12.
[ADD_INSTR] Adicionando instrução para 'main': subs: r0 = r11, r12

--- [TRANSLATE] Processando IR: if_false t14 goto L3 ---
[TRANSLATE] -> Caminho: Desvio Condicional (if_false)
[ADD_INSTR] Adicionando instrução para 'main': bigteq: L3

--- [TRANSLATE] Processando IR: t15 := &values ---
[TRANSLATE] -> Detalhes: Destino='t15', Expressão='&values'
[GET_TEMP] Solicitando registrador para o temporário 't15'.
[GET_FREE] -> Encontrado registrador livre: r13. Restantes: 17.
[ASSIGN_REG] Mapeando 't15' para r13.
[GET_TEMP] -> 't15' alocado no registrador r13.
[ADD_INSTR] Adicionando instrução para 'main': movi: r13 = 64

--- [TRANSLATE] Processando IR: t16 := t15 + j ---
[TRANSLATE] -> Detalhes: Destino='t16', Expressão='t15 + j'
[TRANSLATE] -> Caminho: Operação Aritmética
[ENSURE] Tentando garantir 't15' em um registrador.
[ENSURE] -> Sucesso! 't15' já está em r13.
[ENSURE] Tentando garantir 'j' em um registrador.
[ENSURE] -> Sucesso! 'j' já está em r11.
[GET_TEMP] Solicitando registrador para o temporário 't16'.
[GET_FREE] -> Encontrado registrador livre: r15. Restantes: 16.
[ASSIGN_REG] Mapeando 't16' para r15.
[GET_TEMP] -> 't16' alocado no registrador r15.
[ADD_INSTR] Adicionando instrução para 'main': add: r15 = r13, r11
[FREE_TEMP] Liberando registrador r13 que continha o temporário 't15'.
[UNASSIGN_REG] Desmapeado r13 de 't15'.
[UNASSIGN_REG] -> Estado atual: 17 registradores livres. Mapeamentos: {'i': 'r10', 't13': 'r12', 'j': 'r11', 't16': 'r15'}

--- [TRANSLATE] Processando IR: t17 := *t16 ---
[TRANSLATE] -> Detalhes: Destino='t17', Expressão='*t16'
[TRANSLATE] -> Caminho: Carregar de Ponteiro (*)
[TRANSLATE] -> Ponteiro é uma temporária ('t16'). Usando seu valor como endereço.
[ENSURE] Tentando garantir 't16' em um registrador.
[ENSURE] -> Sucesso! 't16' já está em r15.
[GET_TEMP] Solicitando registrador para o temporário 't17'.
[GET_FREE] -> Encontrado registrador livre: r14. Restantes: 16.
[ASSIGN_REG] Mapeando 't17' para r14.
[GET_TEMP] -> 't17' alocado no registrador r14.
[ADD_INSTR] Adicionando instrução para 'main': load: r14 = [r15]
[FREE_TEMP] Liberando registrador r15 que continha o temporário 't16'.
[UNASSIGN_REG] Desmapeado r15 de 't16'.
[UNASSIGN_REG] -> Estado atual: 17 registradores livres. Mapeamentos: {'i': 'r10', 't13': 'r12', 'j': 'r11', 't17': 'r14'}

--- [TRANSLATE] Processando IR: t18 := j + 1 ---
[TRANSLATE] -> Detalhes: Destino='t18', Expressão='j + 1'
[TRANSLATE] -> Caminho: Operação Aritmética
[ENSURE] Tentando garantir 'j' em um registrador.
[ENSURE] -> Sucesso! 'j' já está em r11.
[TRANSLATE] -> Operando 2 é um imediato: 1
[GET_TEMP] Solicitando registrador para o temporário 't18'.
[GET_FREE] -> Encontrado registrador livre: r16. Restantes: 16.
[ASSIGN_REG] Mapeando 't18' para r16.
[GET_TEMP] -> 't18' alocado no registrador r16.
[ADD_INSTR] Adicionando instrução para 'main': addi: r16 = r11, 1

--- [TRANSLATE] Processando IR: t19 := &values ---
[TRANSLATE] -> Detalhes: Destino='t19', Expressão='&values'
[GET_TEMP] Solicitando registrador para o temporário 't19'.
[GET_FREE] -> Encontrado registrador livre: r18. Restantes: 15.
[ASSIGN_REG] Mapeando 't19' para r18.
[GET_TEMP] -> 't19' alocado no registrador r18.
[ADD_INSTR] Adicionando instrução para 'main': movi: r18 = 64

--- [TRANSLATE] Processando IR: t20 := t19 + t18 ---
[TRANSLATE] -> Detalhes: Destino='t20', Expressão='t19 + t18'
[TRANSLATE] -> Caminho: Operação Aritmética
[ENSURE] Tentando garantir 't19' em um registrador.
[ENSURE] -> Sucesso! 't19' já está em r18.
[ENSURE] Tentando garantir 't18' em um registrador.
[ENSURE] -> Sucesso! 't18' já está em r16.
[GET_TEMP] Solicitando registrador para o temporário 't20'.
[GET_FREE] -> Encontrado registrador livre: r17. Restantes: 14.
[ASSIGN_REG] Mapeando 't20' para r17.
[GET_TEMP] -> 't20' alocado no registrador r17.
[ADD_INSTR] Adicionando instrução para 'main': add: r17 = r18, r16
[FREE_TEMP] Liberando registrador r18 que continha o temporário 't19'.
[UNASSIGN_REG] Desmapeado r18 de 't19'.
[UNASSIGN_REG] -> Estado atual: 15 registradores livres. Mapeamentos: {'i': 'r10', 't13': 'r12', 'j': 'r11', 't17': 'r14', 't18': 'r16', 't20': 'r17'}
[FREE_TEMP] Liberando registrador r16 que continha o temporário 't18'.
[UNASSIGN_REG] Desmapeado r16 de 't18'.
[UNASSIGN_REG] -> Estado atual: 16 registradores livres. Mapeamentos: {'i': 'r10', 't13': 'r12', 'j': 'r11', 't17': 'r14', 't20': 'r17'}

--- [TRANSLATE] Processando IR: t21 := *t20 ---
[TRANSLATE] -> Detalhes: Destino='t21', Expressão='*t20'
[TRANSLATE] -> Caminho: Carregar de Ponteiro (*)
[TRANSLATE] -> Ponteiro é uma temporária ('t20'). Usando seu valor como endereço.
[ENSURE] Tentando garantir 't20' em um registrador.
[ENSURE] -> Sucesso! 't20' já está em r17.
[GET_TEMP] Solicitando registrador para o temporário 't21'.
[GET_FREE] -> Encontrado registrador livre: r19. Restantes: 15.
[ASSIGN_REG] Mapeando 't21' para r19.
[GET_TEMP] -> 't21' alocado no registrador r19.
[ADD_INSTR] Adicionando instrução para 'main': load: r19 = [r17]
[FREE_TEMP] Liberando registrador r17 que continha o temporário 't20'.
[UNASSIGN_REG] Desmapeado r17 de 't20'.
[UNASSIGN_REG] -> Estado atual: 16 registradores livres. Mapeamentos: {'i': 'r10', 't13': 'r12', 'j': 'r11', 't17': 'r14', 't21': 'r19'}

--- [TRANSLATE] Processando IR: t22 := t17 > t21 ---
[TRANSLATE] -> Detalhes: Destino='t22', Expressão='t17 > t21'
[TRANSLATE] -> Caminho: Comparação (condicional)
[ENSURE] Tentando garantir 't17' em um registrador.
[ENSURE] -> Sucesso! 't17' já está em r14.
[ENSURE] Tentando garantir 't21' em um registrador.
[ENSURE] -> Sucesso! 't21' já está em r19.
[ADD_INSTR] Adicionando instrução para 'main': subs: r0 = r14, r19

--- [TRANSLATE] Processando IR: if_false t22 goto L4 ---
[TRANSLATE] -> Caminho: Desvio Condicional (if_false)
[ADD_INSTR] Adicionando instrução para 'main': bilteq: L4

--- [TRANSLATE] Processando IR: t23 := &values ---
[TRANSLATE] -> Detalhes: Destino='t23', Expressão='&values'
[GET_TEMP] Solicitando registrador para o temporário 't23'.
[GET_FREE] -> Encontrado registrador livre: r21. Restantes: 15.
[ASSIGN_REG] Mapeando 't23' para r21.
[GET_TEMP] -> 't23' alocado no registrador r21.
[ADD_INSTR] Adicionando instrução para 'main': movi: r21 = 64

--- [TRANSLATE] Processando IR: t24 := t23 + j ---
[TRANSLATE] -> Detalhes: Destino='t24', Expressão='t23 + j'
[TRANSLATE] -> Caminho: Operação Aritmética
[ENSURE] Tentando garantir 't23' em um registrador.
[ENSURE] -> Sucesso! 't23' já está em r21.
[ENSURE] Tentando garantir 'j' em um registrador.
[ENSURE] -> Sucesso! 'j' já está em r11.
[GET_TEMP] Solicitando registrador para o temporário 't24'.
[GET_FREE] -> Encontrado registrador livre: r20. Restantes: 14.
[ASSIGN_REG] Mapeando 't24' para r20.
[GET_TEMP] -> 't24' alocado no registrador r20.
[ADD_INSTR] Adicionando instrução para 'main': add: r20 = r21, r11
[FREE_TEMP] Liberando registrador r21 que continha o temporário 't23'.
[UNASSIGN_REG] Desmapeado r21 de 't23'.
[UNASSIGN_REG] -> Estado atual: 15 registradores livres. Mapeamentos: {'i': 'r10', 't13': 'r12', 'j': 'r11', 't17': 'r14', 't21': 'r19', 't24': 'r20'}

--- [TRANSLATE] Processando IR: t25 := *t24 ---
[TRANSLATE] -> Detalhes: Destino='t25', Expressão='*t24'
[TRANSLATE] -> Caminho: Carregar de Ponteiro (*)
[TRANSLATE] -> Ponteiro é uma temporária ('t24'). Usando seu valor como endereço.
[ENSURE] Tentando garantir 't24' em um registrador.
[ENSURE] -> Sucesso! 't24' já está em r20.
[GET_TEMP] Solicitando registrador para o temporário 't25'.
[GET_FREE] -> Encontrado registrador livre: r22. Restantes: 14.
[ASSIGN_REG] Mapeando 't25' para r22.
[GET_TEMP] -> 't25' alocado no registrador r22.
[ADD_INSTR] Adicionando instrução para 'main': load: r22 = [r20]
[FREE_TEMP] Liberando registrador r20 que continha o temporário 't24'.
[UNASSIGN_REG] Desmapeado r20 de 't24'.
[UNASSIGN_REG] -> Estado atual: 15 registradores livres. Mapeamentos: {'i': 'r10', 't13': 'r12', 'j': 'r11', 't17': 'r14', 't21': 'r19', 't25': 'r22'}

--- [TRANSLATE] Processando IR: temporary := t25 ---
[TRANSLATE] -> Detalhes: Destino='temporary', Expressão='t25'
[TRANSLATE] -> Caminho: Atribuição Simples
[ENSURE] Tentando garantir 't25' em um registrador.
[ENSURE] -> Sucesso! 't25' já está em r22.
[TRANSLATE_ASSIGN] -> Armazenando 'temporary' na sua posição da pilha.
[ADD_INSTR] Adicionando instrução para 'main': subi: r30 = r31, 3
[ADD_INSTR] Adicionando instrução para 'main': store: [r30] = r22
[UPDATE_MAP] Mapeando 'temporary' para o registrador r22 (que contém o valor de origem).
[ASSIGN_REG] Mapeando 'temporary' para r22.
[ASSIGN_REG] -> Registrador r22 já continha 't25'. Liberando o mapeamento antigo.
[UNASSIGN_REG] Desmapeado r22 de 't25'.
[UNASSIGN_REG] -> Estado atual: 16 registradores livres. Mapeamentos: {'i': 'r10', 't13': 'r12', 'j': 'r11', 't17': 'r14', 't21': 'r19'}

--- [TRANSLATE] Processando IR: t26 := j + 1 ---
[TRANSLATE] -> Detalhes: Destino='t26', Expressão='j + 1'
[TRANSLATE] -> Caminho: Operação Aritmética
[ENSURE] Tentando garantir 'j' em um registrador.
[ENSURE] -> Sucesso! 'j' já está em r11.
[TRANSLATE] -> Operando 2 é um imediato: 1
[GET_TEMP] Solicitando registrador para o temporário 't26'.
[GET_FREE] -> Encontrado registrador livre: r24. Restantes: 15.
[ASSIGN_REG] Mapeando 't26' para r24.
[GET_TEMP] -> 't26' alocado no registrador r24.
[ADD_INSTR] Adicionando instrução para 'main': addi: r24 = r11, 1

--- [TRANSLATE] Processando IR: t27 := &values ---
[TRANSLATE] -> Detalhes: Destino='t27', Expressão='&values'
[GET_TEMP] Solicitando registrador para o temporário 't27'.
[GET_FREE] -> Encontrado registrador livre: r23. Restantes: 14.
[ASSIGN_REG] Mapeando 't27' para r23.
[GET_TEMP] -> 't27' alocado no registrador r23.
[ADD_INSTR] Adicionando instrução para 'main': movi: r23 = 64

--- [TRANSLATE] Processando IR: t28 := t27 + t26 ---
[TRANSLATE] -> Detalhes: Destino='t28', Expressão='t27 + t26'
[TRANSLATE] -> Caminho: Operação Aritmética
[ENSURE] Tentando garantir 't27' em um registrador.
[ENSURE] -> Sucesso! 't27' já está em r23.
[ENSURE] Tentando garantir 't26' em um registrador.
[ENSURE] -> Sucesso! 't26' já está em r24.
[GET_TEMP] Solicitando registrador para o temporário 't28'.
[GET_FREE] -> Encontrado registrador livre: r4. Restantes: 13.
[ASSIGN_REG] Mapeando 't28' para r4.
[GET_TEMP] -> 't28' alocado no registrador r4.
[ADD_INSTR] Adicionando instrução para 'main': add: r4 = r23, r24
[FREE_TEMP] Liberando registrador r23 que continha o temporário 't27'.
[UNASSIGN_REG] Desmapeado r23 de 't27'.
[UNASSIGN_REG] -> Estado atual: 14 registradores livres. Mapeamentos: {'i': 'r10', 't13': 'r12', 'j': 'r11', 't17': 'r14', 't21': 'r19', 'temporary': 'r22', 't26': 'r24', 't28': 'r4'}
[FREE_TEMP] Liberando registrador r24 que continha o temporário 't26'.
[UNASSIGN_REG] Desmapeado r24 de 't26'.
[UNASSIGN_REG] -> Estado atual: 15 registradores livres. Mapeamentos: {'i': 'r10', 't13': 'r12', 'j': 'r11', 't17': 'r14', 't21': 'r19', 'temporary': 'r22', 't28': 'r4'}

--- [TRANSLATE] Processando IR: t29 := *t28 ---
[TRANSLATE] -> Detalhes: Destino='t29', Expressão='*t28'
[TRANSLATE] -> Caminho: Carregar de Ponteiro (*)
[TRANSLATE] -> Ponteiro é uma temporária ('t28'). Usando seu valor como endereço.
[ENSURE] Tentando garantir 't28' em um registrador.
[ENSURE] -> Sucesso! 't28' já está em r4.
[GET_TEMP] Solicitando registrador para o temporário 't29'.
[GET_FREE] -> Encontrado registrador livre: r5. Restantes: 14.
[ASSIGN_REG] Mapeando 't29' para r5.
[GET_TEMP] -> 't29' alocado no registrador r5.
[ADD_INSTR] Adicionando instrução para 'main': load: r5 = [r4]
[FREE_TEMP] Liberando registrador r4 que continha o temporário 't28'.
[UNASSIGN_REG] Desmapeado r4 de 't28'.
[UNASSIGN_REG] -> Estado atual: 15 registradores livres. Mapeamentos: {'i': 'r10', 't13': 'r12', 'j': 'r11', 't17': 'r14', 't21': 'r19', 'temporary': 'r22', 't29': 'r5'}

--- [TRANSLATE] Processando IR: t30 := &values ---
[TRANSLATE] -> Detalhes: Destino='t30', Expressão='&values'
[GET_TEMP] Solicitando registrador para o temporário 't30'.
[GET_FREE] -> Encontrado registrador livre: r6. Restantes: 14.
[ASSIGN_REG] Mapeando 't30' para r6.
[GET_TEMP] -> 't30' alocado no registrador r6.
[ADD_INSTR] Adicionando instrução para 'main': movi: r6 = 64

--- [TRANSLATE] Processando IR: t31 := t30 + j ---
[TRANSLATE] -> Detalhes: Destino='t31', Expressão='t30 + j'
[TRANSLATE] -> Caminho: Operação Aritmética
[ENSURE] Tentando garantir 't30' em um registrador.
[ENSURE] -> Sucesso! 't30' já está em r6.
[ENSURE] Tentando garantir 'j' em um registrador.
[ENSURE] -> Sucesso! 'j' já está em r11.
[GET_TEMP] Solicitando registrador para o temporário 't31'.
[GET_FREE] -> Encontrado registrador livre: r25. Restantes: 13.
[ASSIGN_REG] Mapeando 't31' para r25.
[GET_TEMP] -> 't31' alocado no registrador r25.
[ADD_INSTR] Adicionando instrução para 'main': add: r25 = r6, r11
[FREE_TEMP] Liberando registrador r6 que continha o temporário 't30'.
[UNASSIGN_REG] Desmapeado r6 de 't30'.
[UNASSIGN_REG] -> Estado atual: 14 registradores livres. Mapeamentos: {'i': 'r10', 't13': 'r12', 'j': 'r11', 't17': 'r14', 't21': 'r19', 'temporary': 'r22', 't29': 'r5', 't31': 'r25'}

--- [TRANSLATE] Processando IR: *t31 := t29 ---
[TRANSLATE] -> Detalhes: Destino='*t31', Expressão='t29'
[TRANSLATE] -> Caminho: Armazenar em Ponteiro (*)
[ENSURE] Tentando garantir 't29' em um registrador.
[ENSURE] -> Sucesso! 't29' já está em r5.
[TRANSLATE] -> Endereço de destino é uma variável temporária. Usando registrador temporário.
[ENSURE] Tentando garantir 't31' em um registrador.
[ENSURE] -> Sucesso! 't31' já está em r25.
[ADD_INSTR] Adicionando instrução para 'main': store: [r25] = r5
[UNASSIGN_REG] Desmapeado r5 de 't29'.
[UNASSIGN_REG] -> Estado atual: 15 registradores livres. Mapeamentos: {'i': 'r10', 't13': 'r12', 'j': 'r11', 't17': 'r14', 't21': 'r19', 'temporary': 'r22', 't31': 'r25'}
[UNASSIGN_REG] Desmapeado r25 de 't31'.
[UNASSIGN_REG] -> Estado atual: 16 registradores livres. Mapeamentos: {'i': 'r10', 't13': 'r12', 'j': 'r11', 't17': 'r14', 't21': 'r19', 'temporary': 'r22'}

--- [TRANSLATE] Processando IR: t32 := j + 1 ---
[TRANSLATE] -> Detalhes: Destino='t32', Expressão='j + 1'
[TRANSLATE] -> Caminho: Operação Aritmética
[ENSURE] Tentando garantir 'j' em um registrador.
[ENSURE] -> Sucesso! 'j' já está em r11.
[TRANSLATE] -> Operando 2 é um imediato: 1
[GET_TEMP] Solicitando registrador para o temporário 't32'.
[GET_FREE] -> Encontrado registrador livre: r26. Restantes: 15.
[ASSIGN_REG] Mapeando 't32' para r26.
[GET_TEMP] -> 't32' alocado no registrador r26.
[ADD_INSTR] Adicionando instrução para 'main': addi: r26 = r11, 1

--- [TRANSLATE] Processando IR: t33 := &values ---
[TRANSLATE] -> Detalhes: Destino='t33', Expressão='&values'
[GET_TEMP] Solicitando registrador para o temporário 't33'.
[GET_FREE] -> Encontrado registrador livre: r9. Restantes: 14.
[ASSIGN_REG] Mapeando 't33' para r9.
[GET_TEMP] -> 't33' alocado no registrador r9.
[ADD_INSTR] Adicionando instrução para 'main': movi: r9 = 64

--- [TRANSLATE] Processando IR: t34 := t33 + t32 ---
[TRANSLATE] -> Detalhes: Destino='t34', Expressão='t33 + t32'
[TRANSLATE] -> Caminho: Operação Aritmética
[ENSURE] Tentando garantir 't33' em um registrador.
[ENSURE] -> Sucesso! 't33' já está em r9.
[ENSURE] Tentando garantir 't32' em um registrador.
[ENSURE] -> Sucesso! 't32' já está em r26.
[GET_TEMP] Solicitando registrador para o temporário 't34'.
[GET_FREE] -> Encontrado registrador livre: r13. Restantes: 13.
[ASSIGN_REG] Mapeando 't34' para r13.
[GET_TEMP] -> 't34' alocado no registrador r13.
[ADD_INSTR] Adicionando instrução para 'main': add: r13 = r9, r26
[FREE_TEMP] Liberando registrador r9 que continha o temporário 't33'.
[UNASSIGN_REG] Desmapeado r9 de 't33'.
[UNASSIGN_REG] -> Estado atual: 14 registradores livres. Mapeamentos: {'i': 'r10', 't13': 'r12', 'j': 'r11', 't17': 'r14', 't21': 'r19', 'temporary': 'r22', 't32': 'r26', 't34': 'r13'}
[FREE_TEMP] Liberando registrador r26 que continha o temporário 't32'.
[UNASSIGN_REG] Desmapeado r26 de 't32'.
[UNASSIGN_REG] -> Estado atual: 15 registradores livres. Mapeamentos: {'i': 'r10', 't13': 'r12', 'j': 'r11', 't17': 'r14', 't21': 'r19', 'temporary': 'r22', 't34': 'r13'}

--- [TRANSLATE] Processando IR: *t34 := temporary ---
[TRANSLATE] -> Detalhes: Destino='*t34', Expressão='temporary'
[TRANSLATE] -> Caminho: Armazenar em Ponteiro (*)
[ENSURE] Tentando garantir 'temporary' em um registrador.
[ENSURE] -> Sucesso! 'temporary' já está em r22.
[TRANSLATE] -> Endereço de destino é uma variável temporária. Usando registrador temporário.
[ENSURE] Tentando garantir 't34' em um registrador.
[ENSURE] -> Sucesso! 't34' já está em r13.
[ADD_INSTR] Adicionando instrução para 'main': store: [r13] = r22
[UNASSIGN_REG] Desmapeado r22 de 'temporary'.
[UNASSIGN_REG] -> Estado atual: 15 registradores livres. Mapeamentos: {'i': 'r10', 't13': 'r12', 'j': 'r11', 't17': 'r14', 't21': 'r19', 't34': 'r13'}
[UNASSIGN_REG] Desmapeado r13 de 't34'.
[UNASSIGN_REG] -> Estado atual: 16 registradores livres. Mapeamentos: {'i': 'r10', 't13': 'r12', 'j': 'r11', 't17': 'r14', 't21': 'r19'}

--- [TRANSLATE] Processando IR: goto L5 ---
[TRANSLATE] -> Desvio incondicional detectado: L5
[SPILL_ALL] Verificando registradores sujos para salvar. Sujos: {'r19', 'r9', 'r17', 'r10', 'r5', 'r13', 'r21', 'r4', 'r18', 'r14', 'r7', 'r26', 'r16', 'r6', 'r15', 'r20', 'r8', 'r24', 'r11', 'r25', 'r23', 'r22', 'r12'}
[SPILL_ALL] -> Salvando variável local 'i' do registrador r10 na pilha [fp, #-1].
[ADD_INSTR] Adicionando instrução para 'main': subi: r30 = r31, 1
[ADD_INSTR] Adicionando instrução para 'main': store: [r30] = r10
[SPILL_ALL] -> Salvando variável local 'j' do registrador r11 na pilha [fp, #-2].
[ADD_INSTR] Adicionando instrução para 'main': subi: r30 = r31, 2
[ADD_INSTR] Adicionando instrução para 'main': store: [r30] = r11
[ADD_INSTR] Adicionando instrução para 'main': bi: L5
[UNASSIGN_REG] Desmapeado r10 de 'i'.
[UNASSIGN_REG] -> Estado atual: 17 registradores livres. Mapeamentos: {'t13': 'r12', 'j': 'r11', 't17': 'r14', 't21': 'r19'}
[UNASSIGN_REG] Desmapeado r12 de 't13'.
[UNASSIGN_REG] -> Estado atual: 18 registradores livres. Mapeamentos: {'j': 'r11', 't17': 'r14', 't21': 'r19'}
[UNASSIGN_REG] Desmapeado r11 de 'j'.
[UNASSIGN_REG] -> Estado atual: 19 registradores livres. Mapeamentos: {'t17': 'r14', 't21': 'r19'}
[UNASSIGN_REG] Desmapeado r14 de 't17'.
[UNASSIGN_REG] -> Estado atual: 20 registradores livres. Mapeamentos: {'t21': 'r19'}
[UNASSIGN_REG] Desmapeado r19 de 't21'.
[UNASSIGN_REG] -> Estado atual: 21 registradores livres. Mapeamentos: {}

--- [TRANSLATE] Processando IR: L4: ---
[TRANSLATE] -> Rótulo detectado: L4:
[SPILL_ALL] Verificando registradores sujos para salvar. Sujos: set()
[ADD_INSTR] Adicionando instrução para 'main': L4:

--- [TRANSLATE] Processando IR: L5: ---
[TRANSLATE] -> Rótulo detectado: L5:
[SPILL_ALL] Verificando registradores sujos para salvar. Sujos: set()
[ADD_INSTR] Adicionando instrução para 'main': L5:

--- [TRANSLATE] Processando IR: t35 := j + 1 ---
[TRANSLATE] -> Detalhes: Destino='t35', Expressão='j + 1'
[TRANSLATE] -> Caminho: Operação Aritmética
[ENSURE] Tentando garantir 'j' em um registrador.
[ENSURE] -> 'j' é uma variável da pilha. Carregando...
[GET_FREE] -> Encontrado registrador livre: r15. Restantes: 20.
[ADD_INSTR] Adicionando instrução para 'main': subi: r30 = r31, 2
[ADD_INSTR] Adicionando instrução para 'main': load: r15 = [r30]
[ASSIGN_REG] Mapeando 'j' para r15.
[TRANSLATE] -> Operando 2 é um imediato: 1
[GET_TEMP] Solicitando registrador para o temporário 't35'.
[GET_FREE] -> Encontrado registrador livre: r18. Restantes: 19.
[ASSIGN_REG] Mapeando 't35' para r18.
[GET_TEMP] -> 't35' alocado no registrador r18.
[ADD_INSTR] Adicionando instrução para 'main': addi: r18 = r15, 1

--- [TRANSLATE] Processando IR: j := t35 ---
[TRANSLATE] -> Detalhes: Destino='j', Expressão='t35'
[TRANSLATE] -> Caminho: Atribuição Simples
[ENSURE] Tentando garantir 't35' em um registrador.
[ENSURE] -> Sucesso! 't35' já está em r18.
[TRANSLATE_ASSIGN] -> Armazenando 'j' na sua posição da pilha.
[ADD_INSTR] Adicionando instrução para 'main': subi: r30 = r31, 2
[ADD_INSTR] Adicionando instrução para 'main': store: [r30] = r18
[UPDATE_MAP] Mapeando 'j' para o registrador r18 (que contém o valor de origem).
[ASSIGN_REG] Mapeando 'j' para r18.
[ASSIGN_REG] -> Variável 'j' já estava em r15. Liberando o mapeamento antigo.
[UNASSIGN_REG] Desmapeado r15 de 'j'.
[UNASSIGN_REG] -> Estado atual: 20 registradores livres. Mapeamentos: {'t35': 'r18'}
[ASSIGN_REG] -> Registrador r18 já continha 't35'. Liberando o mapeamento antigo.
[UNASSIGN_REG] Desmapeado r18 de 't35'.
[UNASSIGN_REG] -> Estado atual: 21 registradores livres. Mapeamentos: {}

--- [TRANSLATE] Processando IR: goto L2 ---
[TRANSLATE] -> Desvio incondicional detectado: L2
[SPILL_ALL] Verificando registradores sujos para salvar. Sujos: {'r18'}
[SPILL_ALL] -> Salvando variável local 'j' do registrador r18 na pilha [fp, #-2].
[ADD_INSTR] Adicionando instrução para 'main': subi: r30 = r31, 2
[ADD_INSTR] Adicionando instrução para 'main': store: [r30] = r18
[ADD_INSTR] Adicionando instrução para 'main': bi: L2
[UNASSIGN_REG] Desmapeado r18 de 'j'.
[UNASSIGN_REG] -> Estado atual: 21 registradores livres. Mapeamentos: {}

--- [TRANSLATE] Processando IR: L3: ---
[TRANSLATE] -> Rótulo detectado: L3:
[SPILL_ALL] Verificando registradores sujos para salvar. Sujos: set()
[ADD_INSTR] Adicionando instrução para 'main': L3:

--- [TRANSLATE] Processando IR: t36 := i + 1 ---
[TRANSLATE] -> Detalhes: Destino='t36', Expressão='i + 1'
[TRANSLATE] -> Caminho: Operação Aritmética
[ENSURE] Tentando garantir 'i' em um registrador.
[ENSURE] -> 'i' é uma variável da pilha. Carregando...
[GET_FREE] -> Encontrado registrador livre: r16. Restantes: 20.
[ADD_INSTR] Adicionando instrução para 'main': subi: r30 = r31, 1
[ADD_INSTR] Adicionando instrução para 'main': load: r16 = [r30]
[ASSIGN_REG] Mapeando 'i' para r16.
[TRANSLATE] -> Operando 2 é um imediato: 1
[GET_TEMP] Solicitando registrador para o temporário 't36'.
[GET_FREE] -> Encontrado registrador livre: r17. Restantes: 19.
[ASSIGN_REG] Mapeando 't36' para r17.
[GET_TEMP] -> 't36' alocado no registrador r17.
[ADD_INSTR] Adicionando instrução para 'main': addi: r17 = r16, 1

--- [TRANSLATE] Processando IR: i := t36 ---
[TRANSLATE] -> Detalhes: Destino='i', Expressão='t36'
[TRANSLATE] -> Caminho: Atribuição Simples
[ENSURE] Tentando garantir 't36' em um registrador.
[ENSURE] -> Sucesso! 't36' já está em r17.
[TRANSLATE_ASSIGN] -> Armazenando 'i' na sua posição da pilha.
[ADD_INSTR] Adicionando instrução para 'main': subi: r30 = r31, 1
[ADD_INSTR] Adicionando instrução para 'main': store: [r30] = r17
[UPDATE_MAP] Mapeando 'i' para o registrador r17 (que contém o valor de origem).
[ASSIGN_REG] Mapeando 'i' para r17.
[ASSIGN_REG] -> Variável 'i' já estava em r16. Liberando o mapeamento antigo.
[UNASSIGN_REG] Desmapeado r16 de 'i'.
[UNASSIGN_REG] -> Estado atual: 20 registradores livres. Mapeamentos: {'t36': 'r17'}
[ASSIGN_REG] -> Registrador r17 já continha 't36'. Liberando o mapeamento antigo.
[UNASSIGN_REG] Desmapeado r17 de 't36'.
[UNASSIGN_REG] -> Estado atual: 21 registradores livres. Mapeamentos: {}

--- [TRANSLATE] Processando IR: goto L0 ---
[TRANSLATE] -> Desvio incondicional detectado: L0
[SPILL_ALL] Verificando registradores sujos para salvar. Sujos: {'r17'}
[SPILL_ALL] -> Salvando variável local 'i' do registrador r17 na pilha [fp, #-1].
[ADD_INSTR] Adicionando instrução para 'main': subi: r30 = r31, 1
[ADD_INSTR] Adicionando instrução para 'main': store: [r30] = r17
[ADD_INSTR] Adicionando instrução para 'main': bi: L0
[UNASSIGN_REG] Desmapeado r17 de 'i'.
[UNASSIGN_REG] -> Estado atual: 21 registradores livres. Mapeamentos: {}

--- [TRANSLATE] Processando IR: L1: ---
[TRANSLATE] -> Rótulo detectado: L1:
[SPILL_ALL] Verificando registradores sujos para salvar. Sujos: set()
[ADD_INSTR] Adicionando instrução para 'main': L1:

--- [TRANSLATE] Processando IR: i := 0 ---
[TRANSLATE] -> Detalhes: Destino='i', Expressão='0'
[TRANSLATE] -> Caminho: Atribuição Simples
[ENSURE] Tentando garantir '0' em um registrador.
[GET_FREE] -> Encontrado registrador livre: r21. Restantes: 20.
[ENSURE] -> Alocando r21 para a constante '0'.
[ADD_INSTR] Adicionando instrução para 'main': movi: r21 = 0
[TRANSLATE_ASSIGN] -> Armazenando 'i' na sua posição da pilha.
[ADD_INSTR] Adicionando instrução para 'main': subi: r30 = r31, 1
[ADD_INSTR] Adicionando instrução para 'main': store: [r30] = r21
[UPDATE_MAP] Mapeando 'i' para o registrador r21 (que contém o valor de origem).
[ASSIGN_REG] Mapeando 'i' para r21.

--- [TRANSLATE] Processando IR: L6: ---
[TRANSLATE] -> Rótulo detectado: L6:
[SPILL_ALL] Verificando registradores sujos para salvar. Sujos: set()
[UNASSIGN_REG] Desmapeado r21 de 'i'.
[UNASSIGN_REG] -> Estado atual: 21 registradores livres. Mapeamentos: {}
[ADD_INSTR] Adicionando instrução para 'main': L6:

--- [TRANSLATE] Processando IR: t37 := i < 6 ---
[TRANSLATE] -> Detalhes: Destino='t37', Expressão='i < 6'
[TRANSLATE] -> Caminho: Comparação (condicional)
[ENSURE] Tentando garantir 'i' em um registrador.
[ENSURE] -> 'i' é uma variável da pilha. Carregando...
[GET_FREE] -> Encontrado registrador livre: r20. Restantes: 20.
[ADD_INSTR] Adicionando instrução para 'main': subi: r30 = r31, 1
[ADD_INSTR] Adicionando instrução para 'main': load: r20 = [r30]
[ASSIGN_REG] Mapeando 'i' para r20.
[ENSURE] Tentando garantir '6' em um registrador.
[GET_FREE] -> Encontrado registrador livre: r22. Restantes: 19.
[ENSURE] -> Alocando r22 para a constante '6'.
[ADD_INSTR] Adicionando instrução para 'main': movi: r22 = 6
[ADD_INSTR] Adicionando instrução para 'main': subs: r0 = r20, r22

--- [TRANSLATE] Processando IR: if_false t37 goto L7 ---
[TRANSLATE] -> Caminho: Desvio Condicional (if_false)
[ADD_INSTR] Adicionando instrução para 'main': bigteq: L7

--- [TRANSLATE] Processando IR: t38 := &values ---
[TRANSLATE] -> Detalhes: Destino='t38', Expressão='&values'
[GET_TEMP] Solicitando registrador para o temporário 't38'.
[GET_FREE] -> Encontrado registrador livre: r23. Restantes: 18.
[ASSIGN_REG] Mapeando 't38' para r23.
[GET_TEMP] -> 't38' alocado no registrador r23.
[ADD_INSTR] Adicionando instrução para 'main': movi: r23 = 64

--- [TRANSLATE] Processando IR: t39 := t38 + i ---
[TRANSLATE] -> Detalhes: Destino='t39', Expressão='t38 + i'
[TRANSLATE] -> Caminho: Operação Aritmética
[ENSURE] Tentando garantir 't38' em um registrador.
[ENSURE] -> Sucesso! 't38' já está em r23.
[ENSURE] Tentando garantir 'i' em um registrador.
[ENSURE] -> Sucesso! 'i' já está em r20.
[GET_TEMP] Solicitando registrador para o temporário 't39'.
[GET_FREE] -> Encontrado registrador livre: r24. Restantes: 17.
[ASSIGN_REG] Mapeando 't39' para r24.
[GET_TEMP] -> 't39' alocado no registrador r24.
[ADD_INSTR] Adicionando instrução para 'main': add: r24 = r23, r20
[FREE_TEMP] Liberando registrador r23 que continha o temporário 't38'.
[UNASSIGN_REG] Desmapeado r23 de 't38'.
[UNASSIGN_REG] -> Estado atual: 18 registradores livres. Mapeamentos: {'i': 'r20', 't39': 'r24'}

--- [TRANSLATE] Processando IR: t40 := *t39 ---
[TRANSLATE] -> Detalhes: Destino='t40', Expressão='*t39'
[TRANSLATE] -> Caminho: Carregar de Ponteiro (*)
[TRANSLATE] -> Ponteiro é uma temporária ('t39'). Usando seu valor como endereço.
[ENSURE] Tentando garantir 't39' em um registrador.
[ENSURE] -> Sucesso! 't39' já está em r24.
[GET_TEMP] Solicitando registrador para o temporário 't40'.
[GET_FREE] -> Encontrado registrador livre: r4. Restantes: 17.
[ASSIGN_REG] Mapeando 't40' para r4.
[GET_TEMP] -> 't40' alocado no registrador r4.
[ADD_INSTR] Adicionando instrução para 'main': load: r4 = [r24]
[FREE_TEMP] Liberando registrador r24 que continha o temporário 't39'.
[UNASSIGN_REG] Desmapeado r24 de 't39'.
[UNASSIGN_REG] -> Estado atual: 18 registradores livres. Mapeamentos: {'i': 'r20', 't40': 'r4'}

--- [TRANSLATE] Processando IR: arg t40 ---
[TRANSLATE] -> Caminho: Enfileirando argumento 1

--- [TRANSLATE] Processando IR: call output, 1 ---
[TRANSLATE] -> Caminho: Chamada de Procedimento
[SPILL_CALL] Preparando spill completo antes de chamada.
[SPILL_ALL] Verificando registradores sujos para salvar. Sujos: {'r24', 'r4', 'r23'}
[UNASSIGN_REG] Desmapeado r20 de 'i'.
[UNASSIGN_REG] -> Estado atual: 19 registradores livres. Mapeamentos: {'t40': 'r4'}
[SPILL] Derramando registrador r4, que contém 't40'.
[SPILL] -> 't40' é um temporário. Salvando na pilha em [fp, #-4].
[ADD_INSTR] Adicionando instrução para 'main': subi: r30 = r31, 4
[ADD_INSTR] Adicionando instrução para 'main': store: [r30] = r4
[UNASSIGN_REG] Desmapeado r4 de 't40'.
[UNASSIGN_REG] -> Estado atual: 20 registradores livres. Mapeamentos: {}
[ENSURE] Tentando garantir 't40' em um registrador.
[GET_FREE] -> Encontrado registrador livre: r6. Restantes: 19.
[ADD_INSTR] Adicionando instrução para 'main': subi: r30 = r31, 4
[ADD_INSTR] Adicionando instrução para 'main': load: r6 = [r30]
[ENSURE] -> Recuperando 't40' da pilha [fp, #-4] para r6.
[ASSIGN_REG] Mapeando 't40' para r6.
[ADD_INSTR] Adicionando instrução para 'main': mov: r1 = r6
[FREE_TEMP] Liberando registrador r6 que continha o temporário 't40'.
[UNASSIGN_REG] Desmapeado r6 de 't40'.
[UNASSIGN_REG] -> Estado atual: 20 registradores livres. Mapeamentos: {}
[ADD_INSTR] Adicionando instrução para 'main': out: r1

--- [TRANSLATE] Processando IR: t41 := i + 1 ---
[TRANSLATE] -> Detalhes: Destino='t41', Expressão='i + 1'
[TRANSLATE] -> Caminho: Operação Aritmética
[ENSURE] Tentando garantir 'i' em um registrador.
[ENSURE] -> 'i' é uma variável da pilha. Carregando...
[GET_FREE] -> Encontrado registrador livre: r5. Restantes: 19.
[ADD_INSTR] Adicionando instrução para 'main': subi: r30 = r31, 1
[ADD_INSTR] Adicionando instrução para 'main': load: r5 = [r30]
[ASSIGN_REG] Mapeando 'i' para r5.
[TRANSLATE] -> Operando 2 é um imediato: 1
[GET_TEMP] Solicitando registrador para o temporário 't41'.
[GET_FREE] -> Encontrado registrador livre: r25. Restantes: 18.
[ASSIGN_REG] Mapeando 't41' para r25.
[GET_TEMP] -> 't41' alocado no registrador r25.
[ADD_INSTR] Adicionando instrução para 'main': addi: r25 = r5, 1

--- [TRANSLATE] Processando IR: i := t41 ---
[TRANSLATE] -> Detalhes: Destino='i', Expressão='t41'
[TRANSLATE] -> Caminho: Atribuição Simples
[ENSURE] Tentando garantir 't41' em um registrador.
[ENSURE] -> Sucesso! 't41' já está em r25.
[TRANSLATE_ASSIGN] -> Armazenando 'i' na sua posição da pilha.
[ADD_INSTR] Adicionando instrução para 'main': subi: r30 = r31, 1
[ADD_INSTR] Adicionando instrução para 'main': store: [r30] = r25
[UPDATE_MAP] Mapeando 'i' para o registrador r25 (que contém o valor de origem).
[ASSIGN_REG] Mapeando 'i' para r25.
[ASSIGN_REG] -> Variável 'i' já estava em r5. Liberando o mapeamento antigo.
[UNASSIGN_REG] Desmapeado r5 de 'i'.
[UNASSIGN_REG] -> Estado atual: 19 registradores livres. Mapeamentos: {'t41': 'r25'}
[ASSIGN_REG] -> Registrador r25 já continha 't41'. Liberando o mapeamento antigo.
[UNASSIGN_REG] Desmapeado r25 de 't41'.
[UNASSIGN_REG] -> Estado atual: 20 registradores livres. Mapeamentos: {}

--- [TRANSLATE] Processando IR: goto L6 ---
[TRANSLATE] -> Desvio incondicional detectado: L6
[SPILL_ALL] Verificando registradores sujos para salvar. Sujos: {'r6', 'r25'}
[SPILL_ALL] -> Salvando variável local 'i' do registrador r25 na pilha [fp, #-1].
[ADD_INSTR] Adicionando instrução para 'main': subi: r30 = r31, 1
[ADD_INSTR] Adicionando instrução para 'main': store: [r30] = r25
[ADD_INSTR] Adicionando instrução para 'main': bi: L6
[UNASSIGN_REG] Desmapeado r25 de 'i'.
[UNASSIGN_REG] -> Estado atual: 20 registradores livres. Mapeamentos: {}

--- [TRANSLATE] Processando IR: L7: ---
[TRANSLATE] -> Rótulo detectado: L7:
[SPILL_ALL] Verificando registradores sujos para salvar. Sujos: set()
[ADD_INSTR] Adicionando instrução para 'main': L7:

--- [TRANSLATE] Processando IR: return _ ---
[TRANSLATE] -> Caminho: Retorno de Função
[SPILL_ALL] Verificando registradores sujos para salvar. Sujos: set()
[TRANSLATE] -> Pular para a seção de epílogo.
[ADD_INSTR] Adicionando instrução para 'main': bi: main_epilogue
-> Finalizando a função 'main', fazendo spill de todos os registradores sujos.
[SPILL_ALL] Verificando registradores sujos para salvar. Sujos: set()
--- Fim da Passagem 2 ---

--- Montagem Final: Construindo o arquivo assembly completo ---
[Montagem] Processando função 'main' com 132 instruções.
[Montagem] Adicionando a seção .data.
[Montagem] -> Variáveis a serem declaradas: ['values']
=== GERAÇÃO DE ASSEMBLY CONCLUÍDA ===
--- ASSEMBLY CODE READY FOR YOUR ASSEMBLER ---
.text
.global main

	bi: main
main:
	movi: r29 = 63
	mov: r31 = r29
	subi: r29 = r29, 45
	movi: r4 = 0
	subi: r30 = r31, 1
	store: [r30] = r4
	movi: r5 = 0
	subi: r30 = r31, 2
	store: [r30] = r5
	movi: r6 = 0
	subi: r30 = r31, 3
	store: [r30] = r6
	movi: r7 = 64
	addi: r8 = r7, 0
	movi: r9 = 9
	store: [r8] = r9
	movi: r10 = 64
	addi: r11 = r10, 1
	movi: r12 = 1
	store: [r11] = r12
	movi: r13 = 64
	addi: r14 = r13, 2
	movi: r15 = 8
	store: [r14] = r15
	movi: r16 = 64
	addi: r17 = r16, 3
	movi: r18 = 2
	store: [r17] = r18
	movi: r19 = 64
	addi: r20 = r19, 4
	movi: r21 = 7
	store: [r20] = r21
	movi: r22 = 64
	addi: r23 = r22, 5
	movi: r24 = 3
	store: [r23] = r24
	movi: r25 = 0
	subi: r30 = r31, 1
	store: [r30] = r25
L0:
	subi: r30 = r31, 1
	load: r26 = [r30]
	movi: r7 = 6
	subs: r0 = r26, r7
	bigteq: L1
	movi: r9 = 0
	subi: r30 = r31, 2
	store: [r30] = r9
L2:
	movi: r8 = 5
	subi: r30 = r31, 1
	load: r10 = [r30]
	sub: r12 = r8, r10
	subi: r30 = r31, 2
	load: r11 = [r30]
	subs: r0 = r11, r12
	bigteq: L3
	movi: r13 = 64
	add: r15 = r13, r11
	load: r14 = [r15]
	addi: r16 = r11, 1
	movi: r18 = 64
	add: r17 = r18, r16
	load: r19 = [r17]
	subs: r0 = r14, r19
	bilteq: L4
	movi: r21 = 64
	add: r20 = r21, r11
	load: r22 = [r20]
	subi: r30 = r31, 3
	store: [r30] = r22
	addi: r24 = r11, 1
	movi: r23 = 64
	add: r4 = r23, r24
	load: r5 = [r4]
	movi: r6 = 64
	add: r25 = r6, r11
	store: [r25] = r5
	addi: r26 = r11, 1
	movi: r9 = 64
	add: r13 = r9, r26
	store: [r13] = r22
	subi: r30 = r31, 1
	store: [r30] = r10
	subi: r30 = r31, 2
	store: [r30] = r11
	bi: L5
L4:
L5:
	subi: r30 = r31, 2
	load: r15 = [r30]
	addi: r18 = r15, 1
	subi: r30 = r31, 2
	store: [r30] = r18
	subi: r30 = r31, 2
	store: [r30] = r18
	bi: L2
L3:
	subi: r30 = r31, 1
	load: r16 = [r30]
	addi: r17 = r16, 1
	subi: r30 = r31, 1
	store: [r30] = r17
	subi: r30 = r31, 1
	store: [r30] = r17
	bi: L0
L1:
	movi: r21 = 0
	subi: r30 = r31, 1
	store: [r30] = r21
L6:
	subi: r30 = r31, 1
	load: r20 = [r30]
	movi: r22 = 6
	subs: r0 = r20, r22
	bigteq: L7
	movi: r23 = 64
	add: r24 = r23, r20
	load: r4 = [r24]
	subi: r30 = r31, 4
	store: [r30] = r4
	subi: r30 = r31, 4
	load: r6 = [r30]
	mov: r1 = r6
	out: r1
	subi: r30 = r31, 1
	load: r5 = [r30]
	addi: r25 = r5, 1
	subi: r30 = r31, 1
	store: [r30] = r25
	subi: r30 = r31, 1
	store: [r30] = r25
	bi: L6
L7:
	bi: main_epilogue
main_epilogue:
	ret:

.data
stack_space: .space 64
var_values: .space 6
---------------------------------------------
--- DEBUG OUTPUT ---
00001110000000000000000000000001 -> bi: main
00000010100011101000000000111111 -> movi: r29 = 63
00000000100011111000001110100000 -> mov: r31 = r29
00000010000111101111010000101101 -> subi: r29 = r29, 45
00000010100000100000000000000000 -> movi: r4 = 0
00000010000111110111110000000001 -> subi: r30 = r31, 1
00000100000000000001001111000000 -> store: [r30] = r4
00000010100000101000000000000000 -> movi: r5 = 0
00000010000111110111110000000010 -> subi: r30 = r31, 2
00000100000000000001011111000000 -> store: [r30] = r5
00000010100000110000000000000000 -> movi: r6 = 0
00000010000111110111110000000011 -> subi: r30 = r31, 3
00000100000000000001101111000000 -> store: [r30] = r6
00000010100000111000000001000000 -> movi: r7 = 64
00000010000001000001110000000000 -> addi: r8 = r7, 0
00000010100001001000000000001001 -> movi: r9 = 9
00000100000000000010010100000000 -> store: [r8] = r9
00000010100001010000000001000000 -> movi: r10 = 64
00000010000001011010100000000001 -> addi: r11 = r10, 1
00000010100001100000000000000001 -> movi: r12 = 1
00000100000000000011000101100000 -> store: [r11] = r12
00000010100001101000000001000000 -> movi: r13 = 64
00000010000001110011010000000010 -> addi: r14 = r13, 2
00000010100001111000000000001000 -> movi: r15 = 8
00000100000000000011110111000000 -> store: [r14] = r15
00000010100010000000000001000000 -> movi: r16 = 64
00000010000010001100000000000011 -> addi: r17 = r16, 3
00000010100010010000000000000010 -> movi: r18 = 2
00000100000000000100101000100000 -> store: [r17] = r18
00000010100010011000000001000000 -> movi: r19 = 64
00000010000010100100110000000100 -> addi: r20 = r19, 4
00000010100010101000000000000111 -> movi: r21 = 7
00000100000000000101011010000000 -> store: [r20] = r21
00000010100010110000000001000000 -> movi: r22 = 64
00000010000010111101100000000101 -> addi: r23 = r22, 5
00000010100011000000000000000011 -> movi: r24 = 3
00000100000000000110001011100000 -> store: [r23] = r24
00000010100011001000000000000000 -> movi: r25 = 0
00000010000111110111110000000001 -> subi: r30 = r31, 1
00000100000000000110011111000000 -> store: [r30] = r25
00000010000111110111110000000001 -> subi: r30 = r31, 1
00000100000111010000001111000000 -> load: r26 = [r30]
00000010100000111000000000000110 -> movi: r7 = 6
00000001000100000110100011100000 -> subs: r0 = r26, r7
01001110000000000000000000111010 -> bigteq: L1
00000010100001001000000000000000 -> movi: r9 = 0
00000010000111110111110000000010 -> subi: r30 = r31, 2
00000100000000000010011111000000 -> store: [r30] = r9
00000010100001000000000000000101 -> movi: r8 = 5
00000010000111110111110000000001 -> subi: r30 = r31, 1
00000100000101010000001111000000 -> load: r10 = [r30]
00000000000101100010000101000000 -> sub: r12 = r8, r10
00000010000111110111110000000010 -> subi: r30 = r31, 2
00000100000101011000001111000000 -> load: r11 = [r30]
00000001000100000010110110000000 -> subs: r0 = r11, r12
01001110000000000000000000100111 -> bigteq: L3
00000010100001101000000001000000 -> movi: r13 = 64
00000000000001111011010101100000 -> add: r15 = r13, r11
00000100000101110000000111100000 -> load: r14 = [r15]
00000010000010000010110000000001 -> addi: r16 = r11, 1
00000010100010010000000001000000 -> movi: r18 = 64
00000000000010001100101000000000 -> add: r17 = r18, r16
00000100000110011000001000100000 -> load: r19 = [r17]
00000001000100000011101001100000 -> subs: r0 = r14, r19
01101110000000000000000000010110 -> bilteq: L4
00000010100010101000000001000000 -> movi: r21 = 64
00000000000010100101010101100000 -> add: r20 = r21, r11
00000100000110110000001010000000 -> load: r22 = [r20]
00000010000111110111110000000011 -> subi: r30 = r31, 3
00000100000000000101101111000000 -> store: [r30] = r22
00000010000011000010110000000001 -> addi: r24 = r11, 1
00000010100010111000000001000000 -> movi: r23 = 64
00000000000000100101111100000000 -> add: r4 = r23, r24
00000100000100101000000010000000 -> load: r5 = [r4]
00000010100000110000000001000000 -> movi: r6 = 64
00000000000011001001100101100000 -> add: r25 = r6, r11
00000100000000000001011100100000 -> store: [r25] = r5
00000010000011010010110000000001 -> addi: r26 = r11, 1
00000010100001001000000001000000 -> movi: r9 = 64
00000000000001101010011101000000 -> add: r13 = r9, r26
00000100000000000101100110100000 -> store: [r13] = r22
00000010000111110111110000000001 -> subi: r30 = r31, 1
00000100000000000010101111000000 -> store: [r30] = r10
00000010000111110111110000000010 -> subi: r30 = r31, 2
00000100000000000010111111000000 -> store: [r30] = r11
00001110000000000000000000000001 -> bi: L5
00000010000111110111110000000010 -> subi: r30 = r31, 2
00000100000101111000001111000000 -> load: r15 = [r30]
00000010000010010011110000000001 -> addi: r18 = r15, 1
00000010000111110111110000000010 -> subi: r30 = r31, 2
00000100000000000100101111000000 -> store: [r30] = r18
00000010000111110111110000000010 -> subi: r30 = r31, 2
00000100000000000100101111000000 -> store: [r30] = r18
00001110000000000000001111010011 -> bi: L2
00000010000111110111110000000001 -> subi: r30 = r31, 1
00000100000110000000001111000000 -> load: r16 = [r30]
00000010000010001100000000000001 -> addi: r17 = r16, 1
00000010000111110111110000000001 -> subi: r30 = r31, 1
00000100000000000100011111000000 -> store: [r30] = r17
00000010000111110111110000000001 -> subi: r30 = r31, 1
00000100000000000100011111000000 -> store: [r30] = r17
00001110000000000000001111000011 -> bi: L0
00000010100010101000000000000000 -> movi: r21 = 0
00000010000111110111110000000001 -> subi: r30 = r31, 1
00000100000000000101011111000000 -> store: [r30] = r21
00000010000111110111110000000001 -> subi: r30 = r31, 1
00000100000110100000001111000000 -> load: r20 = [r30]
00000010100010110000000000000110 -> movi: r22 = 6
00000001000100000101001011000000 -> subs: r0 = r20, r22
01001110000000000000000000010010 -> bigteq: L7
00000010100010111000000001000000 -> movi: r23 = 64
00000000000011000101111010000000 -> add: r24 = r23, r20
00000100000100100000001100000000 -> load: r4 = [r24]
00000010000111110111110000000100 -> subi: r30 = r31, 4
00000100000000000001001111000000 -> store: [r30] = r4
00000010000111110111110000000100 -> subi: r30 = r31, 4
00000100000100110000001111000000 -> load: r6 = [r30]
00000000100000001000000011000000 -> mov: r1 = r6
00000000101000000000000000100000 -> out: r1
00000010000111110111110000000001 -> subi: r30 = r31, 1
00000100000100101000001111000000 -> load: r5 = [r30]
00000010000011001001010000000001 -> addi: r25 = r5, 1
00000010000111110111110000000001 -> subi: r30 = r31, 1
00000100000000000110011111000000 -> store: [r30] = r25
00000010000111110111110000000001 -> subi: r30 = r31, 1
00000100000000000110011111000000 -> store: [r30] = r25
00001110000000000000001111101011 -> bi: L6
00001110000000000000000000000001 -> bi: main_epilogue
00001110000000000000000000000000 -> ret -> bi 0
00000000000000000000000000000000 -> data stack_space[0] .space
00000000000000000000000000000000 -> data stack_space[1] .space
00000000000000000000000000000000 -> data stack_space[2] .space
00000000000000000000000000000000 -> data stack_space[3] .space
00000000000000000000000000000000 -> data stack_space[4] .space
00000000000000000000000000000000 -> data stack_space[5] .space
00000000000000000000000000000000 -> data stack_space[6] .space
00000000000000000000000000000000 -> data stack_space[7] .space
00000000000000000000000000000000 -> data stack_space[8] .space
00000000000000000000000000000000 -> data stack_space[9] .space
00000000000000000000000000000000 -> data stack_space[10] .space
00000000000000000000000000000000 -> data stack_space[11] .space
00000000000000000000000000000000 -> data stack_space[12] .space
00000000000000000000000000000000 -> data stack_space[13] .space
00000000000000000000000000000000 -> data stack_space[14] .space
00000000000000000000000000000000 -> data stack_space[15] .space
00000000000000000000000000000000 -> data stack_space[16] .space
00000000000000000000000000000000 -> data stack_space[17] .space
00000000000000000000000000000000 -> data stack_space[18] .space
00000000000000000000000000000000 -> data stack_space[19] .space
00000000000000000000000000000000 -> data stack_space[20] .space
00000000000000000000000000000000 -> data stack_space[21] .space
00000000000000000000000000000000 -> data stack_space[22] .space
00000000000000000000000000000000 -> data stack_space[23] .space
00000000000000000000000000000000 -> data stack_space[24] .space
00000000000000000000000000000000 -> data stack_space[25] .space
00000000000000000000000000000000 -> data stack_space[26] .space
00000000000000000000000000000000 -> data stack_space[27] .space
00000000000000000000000000000000 -> data stack_space[28] .space
00000000000000000000000000000000 -> data stack_space[29] .space
00000000000000000000000000000000 -> data stack_space[30] .space
00000000000000000000000000000000 -> data stack_space[31] .space
00000000000000000000000000000000 -> data stack_space[32] .space
00000000000000000000000000000000 -> data stack_space[33] .space
00000000000000000000000000000000 -> data stack_space[34] .space
00000000000000000000000000000000 -> data stack_space[35] .space
00000000000000000000000000000000 -> data stack_space[36] .space
00000000000000000000000000000000 -> data stack_space[37] .space
00000000000000000000000000000000 -> data stack_space[38] .space
00000000000000000000000000000000 -> data stack_space[39] .space
00000000000000000000000000000000 -> data stack_space[40] .space
00000000000000000000000000000000 -> data stack_space[41] .space
00000000000000000000000000000000 -> data stack_space[42] .space
00000000000000000000000000000000 -> data stack_space[43] .space
00000000000000000000000000000000 -> data stack_space[44] .space
00000000000000000000000000000000 -> data stack_space[45] .space
00000000000000000000000000000000 -> data stack_space[46] .space
00000000000000000000000000000000 -> data stack_space[47] .space
00000000000000000000000000000000 -> data stack_space[48] .space
00000000000000000000000000000000 -> data stack_space[49] .space
00000000000000000000000000000000 -> data stack_space[50] .space
00000000000000000000000000000000 -> data stack_space[51] .space
00000000000000000000000000000000 -> data stack_space[52] .space
00000000000000000000000000000000 -> data stack_space[53] .space
00000000000000000000000000000000 -> data stack_space[54] .space
00000000000000000000000000000000 -> data stack_space[55] .space
00000000000000000000000000000000 -> data stack_space[56] .space
00000000000000000000000000000000 -> data stack_space[57] .space
00000000000000000000000000000000 -> data stack_space[58] .space
00000000000000000000000000000000 -> data stack_space[59] .space
00000000000000000000000000000000 -> data stack_space[60] .space
00000000000000000000000000000000 -> data stack_space[61] .space
00000000000000000000000000000000 -> data stack_space[62] .space
00000000000000000000000000000000 -> data stack_space[63] .space
00000000000000000000000000000000 -> data var_values[0] .space
00000000000000000000000000000000 -> data var_values[1] .space
00000000000000000000000000000000 -> data var_values[2] .space
00000000000000000000000000000000 -> data var_values[3] .space
00000000000000000000000000000000 -> data var_values[4] .space
00000000000000000000000000000000 -> data var_values[5] .space
Mapeamento assembly->máquina salvo em: docs/generated/diagnostics/assembler/assembly_to_machine.txt

Código de máquina gerado com sucesso em: docs/generated/final/assembler/machine_code/generated_machine_code.txt
--- MACHINE CODE DECODED ---
