Initializing symbol table and scope stack...
Symbol table initialized successfully.
Parsing 'docs/input/cminus/07_bubble_sort.txt'...
[LEX][1] SKIP_COMMENT
[LEX][3] INT      -> 'int'
[LEX][3] ID       -> 'values'
[LEX][3] LBRACK   -> '['
[LEX][3] NUM      -> '6' (6)
[LEX][3] RBRACK   -> ']'
[LEX][3] SEMI     -> ';'
[AST DBG] newNode kind=AST_VAR_DECL -> 0x5601e6204770
[PARSER DBG] var_declaration (vector): name=values, size=6[LEX][5] VOID     -> 'void'
[LEX][5] ID       -> 'main'
[LEX][5] LPAREN   -> '('
[LEX][5] VOID     -> 'void'
[LEX][5] RPAREN   -> ')'
[LEX][6] LBRACE   -> '{'
[LEX][7] INT      -> 'int'
[LEX][7] ID       -> 'i'
[LEX][7] SEMI     -> ';'
[AST DBG] newNode kind=AST_VAR_DECL -> 0x5601e62049b0
[PARSER DBG] var_declaration: name=i[LEX][8] INT      -> 'int'
[LEX][8] ID       -> 'j'
[LEX][8] SEMI     -> ';'
[AST DBG] newNode kind=AST_VAR_DECL -> 0x5601e6204ac0
[PARSER DBG] var_declaration: name=j[LEX][9] INT      -> 'int'
[LEX][9] ID       -> 'temporary'
[LEX][9] SEMI     -> ';'
[AST DBG] newNode kind=AST_VAR_DECL -> 0x5601e6204bd0
[PARSER DBG] var_declaration: name=temporary[LEX][11] ID       -> 'i'
[LEX][11] ASSIGN   -> '='
[AST DBG] newNode kind=AST_ID -> 0x5601e6204c30
[AST DBG] newIdNode("i") -> 0x5601e6204c30
[LEX][11] NUM      -> '0' (0)
[AST DBG] newNode kind=AST_NUM -> 0x5601e6204c90
[AST DBG] newNumNode(0) -> 0x5601e6204c90
[LEX][11] SEMI     -> ';'
[AST DBG] newNode kind=AST_ASSIGN -> 0x5601e6204cd0
[AST DBG] addChild parent=0x5601e6204cd0(AST_ASSIGN, lineno=11) child=0x5601e6204c30(AST_ID, lineno=11)
[AST DBG] addChild parent=0x5601e6204cd0(AST_ASSIGN, lineno=11) child=0x5601e6204c90(AST_NUM, lineno=11)
[PARSER DBG] assignment: var=0x5601e6204c30 expr=0x5601e6204c90
[LEX][12] ID       -> 'j'
[LEX][12] ASSIGN   -> '='
[AST DBG] newNode kind=AST_ID -> 0x5601e6204d10
[AST DBG] newIdNode("j") -> 0x5601e6204d10
[LEX][12] NUM      -> '0' (0)
[AST DBG] newNode kind=AST_NUM -> 0x5601e6204d70
[AST DBG] newNumNode(0) -> 0x5601e6204d70
[LEX][12] SEMI     -> ';'
[AST DBG] newNode kind=AST_ASSIGN -> 0x5601e6204db0
[AST DBG] addChild parent=0x5601e6204db0(AST_ASSIGN, lineno=12) child=0x5601e6204d10(AST_ID, lineno=12)
[AST DBG] addChild parent=0x5601e6204db0(AST_ASSIGN, lineno=12) child=0x5601e6204d70(AST_NUM, lineno=12)
[PARSER DBG] assignment: var=0x5601e6204d10 expr=0x5601e6204d70
[LEX][13] ID       -> 'temporary'
[LEX][13] ASSIGN   -> '='
[AST DBG] newNode kind=AST_ID -> 0x5601e6204df0
[AST DBG] newIdNode("temporary") -> 0x5601e6204df0
[LEX][13] NUM      -> '0' (0)
[AST DBG] newNode kind=AST_NUM -> 0x5601e6204e50
[AST DBG] newNumNode(0) -> 0x5601e6204e50
[LEX][13] SEMI     -> ';'
[AST DBG] newNode kind=AST_ASSIGN -> 0x5601e6204e90
[AST DBG] addChild parent=0x5601e6204e90(AST_ASSIGN, lineno=13) child=0x5601e6204df0(AST_ID, lineno=13)
[AST DBG] addChild parent=0x5601e6204e90(AST_ASSIGN, lineno=13) child=0x5601e6204e50(AST_NUM, lineno=13)
[PARSER DBG] assignment: var=0x5601e6204df0 expr=0x5601e6204e50
[LEX][14] ID       -> 'values'
[LEX][14] LBRACK   -> '['
[LEX][14] NUM      -> '0' (0)
[AST DBG] newNode kind=AST_NUM -> 0x5601e6204ed0
[AST DBG] newNumNode(0) -> 0x5601e6204ed0
[LEX][14] RBRACK   -> ']'
[AST DBG] newNode kind=AST_ARRAY_ACCESS -> 0x5601e6204f10
[AST DBG] addChild parent=0x5601e6204f10(AST_ARRAY_ACCESS, lineno=14) child=0x5601e6204ed0(AST_NUM, lineno=14)
[LEX][14] ASSIGN   -> '='
[LEX][14] NUM      -> '9' (9)
[AST DBG] newNode kind=AST_NUM -> 0x5601e6204f70
[AST DBG] newNumNode(9) -> 0x5601e6204f70
[LEX][14] SEMI     -> ';'
[AST DBG] newNode kind=AST_ASSIGN -> 0x5601e6204fb0
[AST DBG] addChild parent=0x5601e6204fb0(AST_ASSIGN, lineno=14) child=0x5601e6204f10(AST_ARRAY_ACCESS, lineno=14)
[AST DBG] addChild parent=0x5601e6204fb0(AST_ASSIGN, lineno=14) child=0x5601e6204f70(AST_NUM, lineno=14)
[PARSER DBG] assignment: var=0x5601e6204f10 expr=0x5601e6204f70
[LEX][15] ID       -> 'values'
[LEX][15] LBRACK   -> '['
[LEX][15] NUM      -> '1' (1)
[AST DBG] newNode kind=AST_NUM -> 0x5601e6204ff0
[AST DBG] newNumNode(1) -> 0x5601e6204ff0
[LEX][15] RBRACK   -> ']'
[AST DBG] newNode kind=AST_ARRAY_ACCESS -> 0x5601e6205030
[AST DBG] addChild parent=0x5601e6205030(AST_ARRAY_ACCESS, lineno=15) child=0x5601e6204ff0(AST_NUM, lineno=15)
[LEX][15] ASSIGN   -> '='
[LEX][15] NUM      -> '1' (1)
[AST DBG] newNode kind=AST_NUM -> 0x5601e6205090
[AST DBG] newNumNode(1) -> 0x5601e6205090
[LEX][15] SEMI     -> ';'
[AST DBG] newNode kind=AST_ASSIGN -> 0x5601e62050d0
[AST DBG] addChild parent=0x5601e62050d0(AST_ASSIGN, lineno=15) child=0x5601e6205030(AST_ARRAY_ACCESS, lineno=15)
[AST DBG] addChild parent=0x5601e62050d0(AST_ASSIGN, lineno=15) child=0x5601e6205090(AST_NUM, lineno=15)
[PARSER DBG] assignment: var=0x5601e6205030 expr=0x5601e6205090
[LEX][16] ID       -> 'values'
[LEX][16] LBRACK   -> '['
[LEX][16] NUM      -> '2' (2)
[AST DBG] newNode kind=AST_NUM -> 0x5601e6205110
[AST DBG] newNumNode(2) -> 0x5601e6205110
[LEX][16] RBRACK   -> ']'
[AST DBG] newNode kind=AST_ARRAY_ACCESS -> 0x5601e6205150
[AST DBG] addChild parent=0x5601e6205150(AST_ARRAY_ACCESS, lineno=16) child=0x5601e6205110(AST_NUM, lineno=16)
[LEX][16] ASSIGN   -> '='
[LEX][16] NUM      -> '8' (8)
[AST DBG] newNode kind=AST_NUM -> 0x5601e62051b0
[AST DBG] newNumNode(8) -> 0x5601e62051b0
[LEX][16] SEMI     -> ';'
[AST DBG] newNode kind=AST_ASSIGN -> 0x5601e62051f0
[AST DBG] addChild parent=0x5601e62051f0(AST_ASSIGN, lineno=16) child=0x5601e6205150(AST_ARRAY_ACCESS, lineno=16)
[AST DBG] addChild parent=0x5601e62051f0(AST_ASSIGN, lineno=16) child=0x5601e62051b0(AST_NUM, lineno=16)
[PARSER DBG] assignment: var=0x5601e6205150 expr=0x5601e62051b0
[LEX][17] ID       -> 'values'
[LEX][17] LBRACK   -> '['
[LEX][17] NUM      -> '3' (3)
[AST DBG] newNode kind=AST_NUM -> 0x5601e6205230
[AST DBG] newNumNode(3) -> 0x5601e6205230
[LEX][17] RBRACK   -> ']'
[AST DBG] newNode kind=AST_ARRAY_ACCESS -> 0x5601e6205270
[AST DBG] addChild parent=0x5601e6205270(AST_ARRAY_ACCESS, lineno=17) child=0x5601e6205230(AST_NUM, lineno=17)
[LEX][17] ASSIGN   -> '='
[LEX][17] NUM      -> '2' (2)
[AST DBG] newNode kind=AST_NUM -> 0x5601e62052d0
[AST DBG] newNumNode(2) -> 0x5601e62052d0
[LEX][17] SEMI     -> ';'
[AST DBG] newNode kind=AST_ASSIGN -> 0x5601e6205310
[AST DBG] addChild parent=0x5601e6205310(AST_ASSIGN, lineno=17) child=0x5601e6205270(AST_ARRAY_ACCESS, lineno=17)
[AST DBG] addChild parent=0x5601e6205310(AST_ASSIGN, lineno=17) child=0x5601e62052d0(AST_NUM, lineno=17)
[PARSER DBG] assignment: var=0x5601e6205270 expr=0x5601e62052d0
[LEX][18] ID       -> 'values'
[LEX][18] LBRACK   -> '['
[LEX][18] NUM      -> '4' (4)
[AST DBG] newNode kind=AST_NUM -> 0x5601e6205350
[AST DBG] newNumNode(4) -> 0x5601e6205350
[LEX][18] RBRACK   -> ']'
[AST DBG] newNode kind=AST_ARRAY_ACCESS -> 0x5601e6205390
[AST DBG] addChild parent=0x5601e6205390(AST_ARRAY_ACCESS, lineno=18) child=0x5601e6205350(AST_NUM, lineno=18)
[LEX][18] ASSIGN   -> '='
[LEX][18] NUM      -> '7' (7)
[AST DBG] newNode kind=AST_NUM -> 0x5601e62053f0
[AST DBG] newNumNode(7) -> 0x5601e62053f0
[LEX][18] SEMI     -> ';'
[AST DBG] newNode kind=AST_ASSIGN -> 0x5601e6205430
[AST DBG] addChild parent=0x5601e6205430(AST_ASSIGN, lineno=18) child=0x5601e6205390(AST_ARRAY_ACCESS, lineno=18)
[AST DBG] addChild parent=0x5601e6205430(AST_ASSIGN, lineno=18) child=0x5601e62053f0(AST_NUM, lineno=18)
[PARSER DBG] assignment: var=0x5601e6205390 expr=0x5601e62053f0
[LEX][19] ID       -> 'values'
[LEX][19] LBRACK   -> '['
[LEX][19] NUM      -> '5' (5)
[AST DBG] newNode kind=AST_NUM -> 0x5601e6205470
[AST DBG] newNumNode(5) -> 0x5601e6205470
[LEX][19] RBRACK   -> ']'
[AST DBG] newNode kind=AST_ARRAY_ACCESS -> 0x5601e62054b0
[AST DBG] addChild parent=0x5601e62054b0(AST_ARRAY_ACCESS, lineno=19) child=0x5601e6205470(AST_NUM, lineno=19)
[LEX][19] ASSIGN   -> '='
[LEX][19] NUM      -> '3' (3)
[AST DBG] newNode kind=AST_NUM -> 0x5601e6205510
[AST DBG] newNumNode(3) -> 0x5601e6205510
[LEX][19] SEMI     -> ';'
[AST DBG] newNode kind=AST_ASSIGN -> 0x5601e6205550
[AST DBG] addChild parent=0x5601e6205550(AST_ASSIGN, lineno=19) child=0x5601e62054b0(AST_ARRAY_ACCESS, lineno=19)
[AST DBG] addChild parent=0x5601e6205550(AST_ASSIGN, lineno=19) child=0x5601e6205510(AST_NUM, lineno=19)
[PARSER DBG] assignment: var=0x5601e62054b0 expr=0x5601e6205510
[LEX][21] ID       -> 'i'
[LEX][21] ASSIGN   -> '='
[AST DBG] newNode kind=AST_ID -> 0x5601e6205590
[AST DBG] newIdNode("i") -> 0x5601e6205590
[LEX][21] NUM      -> '0' (0)
[AST DBG] newNode kind=AST_NUM -> 0x5601e62055f0
[AST DBG] newNumNode(0) -> 0x5601e62055f0
[LEX][21] SEMI     -> ';'
[AST DBG] newNode kind=AST_ASSIGN -> 0x5601e6205630
[AST DBG] addChild parent=0x5601e6205630(AST_ASSIGN, lineno=21) child=0x5601e6205590(AST_ID, lineno=21)
[AST DBG] addChild parent=0x5601e6205630(AST_ASSIGN, lineno=21) child=0x5601e62055f0(AST_NUM, lineno=21)
[PARSER DBG] assignment: var=0x5601e6205590 expr=0x5601e62055f0
[LEX][22] WHILE    -> 'while'
[LEX][22] LPAREN   -> '('
[LEX][22] ID       -> 'i'
[LEX][22] LT       -> '<'
[AST DBG] newNode kind=AST_ID -> 0x5601e6205670
[AST DBG] newIdNode("i") -> 0x5601e6205670
[AST DBG] newNode kind=AST_OP -> 0x5601e62056d0
[LEX][22] NUM      -> '6' (6)
[AST DBG] newNode kind=AST_NUM -> 0x5601e6205710
[AST DBG] newNumNode(6) -> 0x5601e6205710
[LEX][22] RPAREN   -> ')'
[AST DBG] newNode kind=AST_BINOP -> 0x5601e6205750
[AST DBG] addChild parent=0x5601e6205750(AST_BINOP, lineno=22) child=0x5601e6205670(AST_ID, lineno=22)
[AST DBG] addChild parent=0x5601e6205750(AST_BINOP, lineno=22) child=0x5601e62056d0(AST_OP, lineno=22)
[AST DBG] addChild parent=0x5601e6205750(AST_BINOP, lineno=22) child=0x5601e6205710(AST_NUM, lineno=22)
[PARSER DBG] binop: left=0x5601e6205670 op=0x5601e62056d0 right=0x5601e6205710
[LEX][22] LBRACE   -> '{'
[LEX][23] ID       -> 'j'
[LEX][23] ASSIGN   -> '='
[AST DBG] newNode kind=AST_ID -> 0x5601e62057f0
[AST DBG] newIdNode("j") -> 0x5601e62057f0
[LEX][23] NUM      -> '0' (0)
[AST DBG] newNode kind=AST_NUM -> 0x5601e6205850
[AST DBG] newNumNode(0) -> 0x5601e6205850
[LEX][23] SEMI     -> ';'
[AST DBG] newNode kind=AST_ASSIGN -> 0x5601e6205890
[AST DBG] addChild parent=0x5601e6205890(AST_ASSIGN, lineno=23) child=0x5601e62057f0(AST_ID, lineno=23)
[AST DBG] addChild parent=0x5601e6205890(AST_ASSIGN, lineno=23) child=0x5601e6205850(AST_NUM, lineno=23)
[PARSER DBG] assignment: var=0x5601e62057f0 expr=0x5601e6205850
[LEX][24] WHILE    -> 'while'
[LEX][24] LPAREN   -> '('
[LEX][24] ID       -> 'j'
[LEX][24] LT       -> '<'
[AST DBG] newNode kind=AST_ID -> 0x5601e62058d0
[AST DBG] newIdNode("j") -> 0x5601e62058d0
[AST DBG] newNode kind=AST_OP -> 0x5601e6205930
[LEX][24] NUM      -> '5' (5)
[AST DBG] newNode kind=AST_NUM -> 0x5601e6205970
[AST DBG] newNumNode(5) -> 0x5601e6205970
[LEX][24] MINUS    -> '-'
[AST DBG] newNode kind=AST_OP -> 0x5601e62059b0
[LEX][24] ID       -> 'i'
[LEX][24] RPAREN   -> ')'
[AST DBG] newNode kind=AST_ID -> 0x5601e6205a30
[AST DBG] newIdNode("i") -> 0x5601e6205a30
[AST DBG] newNode kind=AST_BINOP -> 0x5601e6205a90
[AST DBG] addChild parent=0x5601e6205a90(AST_BINOP, lineno=24) child=0x5601e6205970(AST_NUM, lineno=24)
[AST DBG] addChild parent=0x5601e6205a90(AST_BINOP, lineno=24) child=0x5601e62059b0(AST_OP, lineno=24)
[AST DBG] addChild parent=0x5601e6205a90(AST_BINOP, lineno=24) child=0x5601e6205a30(AST_ID, lineno=24)
[AST DBG] newNode kind=AST_BINOP -> 0x5601e6205ad0
[AST DBG] addChild parent=0x5601e6205ad0(AST_BINOP, lineno=24) child=0x5601e62058d0(AST_ID, lineno=24)
[AST DBG] addChild parent=0x5601e6205ad0(AST_BINOP, lineno=24) child=0x5601e6205930(AST_OP, lineno=24)
[AST DBG] addChild parent=0x5601e6205ad0(AST_BINOP, lineno=24) child=0x5601e6205a90(AST_BINOP, lineno=24)
[PARSER DBG] binop: left=0x5601e62058d0 op=0x5601e6205930 right=0x5601e6205a90
[LEX][24] LBRACE   -> '{'
[LEX][25] IF       -> 'if'
[LEX][25] LPAREN   -> '('
[LEX][25] ID       -> 'values'
[LEX][25] LBRACK   -> '['
[LEX][25] ID       -> 'j'
[LEX][25] RBRACK   -> ']'
[AST DBG] newNode kind=AST_ID -> 0x5601e6205b90
[AST DBG] newIdNode("j") -> 0x5601e6205b90
[AST DBG] newNode kind=AST_ARRAY_ACCESS -> 0x5601e6205bf0
[AST DBG] addChild parent=0x5601e6205bf0(AST_ARRAY_ACCESS, lineno=25) child=0x5601e6205b90(AST_ID, lineno=25)
[LEX][25] GT       -> '>'
[AST DBG] newNode kind=AST_OP -> 0x5601e6205c30
[LEX][25] ID       -> 'values'
[LEX][25] LBRACK   -> '['
[LEX][25] ID       -> 'j'
[LEX][25] PLUS     -> '+'
[AST DBG] newNode kind=AST_ID -> 0x5601e6205cb0
[AST DBG] newIdNode("j") -> 0x5601e6205cb0
[AST DBG] newNode kind=AST_OP -> 0x5601e6205d10
[LEX][25] NUM      -> '1' (1)
[AST DBG] newNode kind=AST_NUM -> 0x5601e6205d50
[AST DBG] newNumNode(1) -> 0x5601e6205d50
[LEX][25] RBRACK   -> ']'
[AST DBG] newNode kind=AST_BINOP -> 0x5601e6205d90
[AST DBG] addChild parent=0x5601e6205d90(AST_BINOP, lineno=25) child=0x5601e6205cb0(AST_ID, lineno=25)
[AST DBG] addChild parent=0x5601e6205d90(AST_BINOP, lineno=25) child=0x5601e6205d10(AST_OP, lineno=25)
[AST DBG] addChild parent=0x5601e6205d90(AST_BINOP, lineno=25) child=0x5601e6205d50(AST_NUM, lineno=25)
[AST DBG] newNode kind=AST_ARRAY_ACCESS -> 0x5601e6205dd0
[AST DBG] addChild parent=0x5601e6205dd0(AST_ARRAY_ACCESS, lineno=25) child=0x5601e6205d90(AST_BINOP, lineno=25)
[LEX][25] RPAREN   -> ')'
[AST DBG] newNode kind=AST_BINOP -> 0x5601e6205e30
[AST DBG] addChild parent=0x5601e6205e30(AST_BINOP, lineno=25) child=0x5601e6205bf0(AST_ARRAY_ACCESS, lineno=25)
[AST DBG] addChild parent=0x5601e6205e30(AST_BINOP, lineno=25) child=0x5601e6205c30(AST_OP, lineno=25)
[AST DBG] addChild parent=0x5601e6205e30(AST_BINOP, lineno=25) child=0x5601e6205dd0(AST_ARRAY_ACCESS, lineno=25)
[PARSER DBG] binop: left=0x5601e6205bf0 op=0x5601e6205c30 right=0x5601e6205dd0
[LEX][25] LBRACE   -> '{'
[LEX][26] ID       -> 'temporary'
[LEX][26] ASSIGN   -> '='
[AST DBG] newNode kind=AST_ID -> 0x5601e6205ed0
[AST DBG] newIdNode("temporary") -> 0x5601e6205ed0
[LEX][26] ID       -> 'values'
[LEX][26] LBRACK   -> '['
[LEX][26] ID       -> 'j'
[LEX][26] RBRACK   -> ']'
[AST DBG] newNode kind=AST_ID -> 0x5601e6205f50
[AST DBG] newIdNode("j") -> 0x5601e6205f50
[AST DBG] newNode kind=AST_ARRAY_ACCESS -> 0x5601e6205fb0
[AST DBG] addChild parent=0x5601e6205fb0(AST_ARRAY_ACCESS, lineno=26) child=0x5601e6205f50(AST_ID, lineno=26)
[LEX][26] SEMI     -> ';'
[AST DBG] newNode kind=AST_ASSIGN -> 0x5601e6205ff0
[AST DBG] addChild parent=0x5601e6205ff0(AST_ASSIGN, lineno=26) child=0x5601e6205ed0(AST_ID, lineno=26)
[AST DBG] addChild parent=0x5601e6205ff0(AST_ASSIGN, lineno=26) child=0x5601e6205fb0(AST_ARRAY_ACCESS, lineno=26)
[PARSER DBG] assignment: var=0x5601e6205ed0 expr=0x5601e6205fb0
[LEX][27] ID       -> 'values'
[LEX][27] LBRACK   -> '['
[LEX][27] ID       -> 'j'
[LEX][27] RBRACK   -> ']'
[AST DBG] newNode kind=AST_ID -> 0x5601e6206050
[AST DBG] newIdNode("j") -> 0x5601e6206050
[AST DBG] newNode kind=AST_ARRAY_ACCESS -> 0x5601e62060b0
[AST DBG] addChild parent=0x5601e62060b0(AST_ARRAY_ACCESS, lineno=27) child=0x5601e6206050(AST_ID, lineno=27)
[LEX][27] ASSIGN   -> '='
[LEX][27] ID       -> 'values'
[LEX][27] LBRACK   -> '['
[LEX][27] ID       -> 'j'
[LEX][27] PLUS     -> '+'
[AST DBG] newNode kind=AST_ID -> 0x5601e6206110
[AST DBG] newIdNode("j") -> 0x5601e6206110
[AST DBG] newNode kind=AST_OP -> 0x5601e6206170
[LEX][27] NUM      -> '1' (1)
[AST DBG] newNode kind=AST_NUM -> 0x5601e62061b0
[AST DBG] newNumNode(1) -> 0x5601e62061b0
[LEX][27] RBRACK   -> ']'
[AST DBG] newNode kind=AST_BINOP -> 0x5601e62061f0
[AST DBG] addChild parent=0x5601e62061f0(AST_BINOP, lineno=27) child=0x5601e6206110(AST_ID, lineno=27)
[AST DBG] addChild parent=0x5601e62061f0(AST_BINOP, lineno=27) child=0x5601e6206170(AST_OP, lineno=27)
[AST DBG] addChild parent=0x5601e62061f0(AST_BINOP, lineno=27) child=0x5601e62061b0(AST_NUM, lineno=27)
[AST DBG] newNode kind=AST_ARRAY_ACCESS -> 0x5601e6206230
[AST DBG] addChild parent=0x5601e6206230(AST_ARRAY_ACCESS, lineno=27) child=0x5601e62061f0(AST_BINOP, lineno=27)
[LEX][27] SEMI     -> ';'
[AST DBG] newNode kind=AST_ASSIGN -> 0x5601e6206290
[AST DBG] addChild parent=0x5601e6206290(AST_ASSIGN, lineno=27) child=0x5601e62060b0(AST_ARRAY_ACCESS, lineno=27)
[AST DBG] addChild parent=0x5601e6206290(AST_ASSIGN, lineno=27) child=0x5601e6206230(AST_ARRAY_ACCESS, lineno=27)
[PARSER DBG] assignment: var=0x5601e62060b0 expr=0x5601e6206230
[LEX][28] ID       -> 'values'
[LEX][28] LBRACK   -> '['
[LEX][28] ID       -> 'j'
[LEX][28] PLUS     -> '+'
[AST DBG] newNode kind=AST_ID -> 0x5601e62062f0
[AST DBG] newIdNode("j") -> 0x5601e62062f0
[AST DBG] newNode kind=AST_OP -> 0x5601e6206350
[LEX][28] NUM      -> '1' (1)
[AST DBG] newNode kind=AST_NUM -> 0x5601e6206390
[AST DBG] newNumNode(1) -> 0x5601e6206390
[LEX][28] RBRACK   -> ']'
[AST DBG] newNode kind=AST_BINOP -> 0x5601e62063d0
[AST DBG] addChild parent=0x5601e62063d0(AST_BINOP, lineno=28) child=0x5601e62062f0(AST_ID, lineno=28)
[AST DBG] addChild parent=0x5601e62063d0(AST_BINOP, lineno=28) child=0x5601e6206350(AST_OP, lineno=28)
[AST DBG] addChild parent=0x5601e62063d0(AST_BINOP, lineno=28) child=0x5601e6206390(AST_NUM, lineno=28)
[AST DBG] newNode kind=AST_ARRAY_ACCESS -> 0x5601e6206410
[AST DBG] addChild parent=0x5601e6206410(AST_ARRAY_ACCESS, lineno=28) child=0x5601e62063d0(AST_BINOP, lineno=28)
[LEX][28] ASSIGN   -> '='
[LEX][28] ID       -> 'temporary'
[LEX][28] SEMI     -> ';'
[AST DBG] newNode kind=AST_ID -> 0x5601e6206470
[AST DBG] newIdNode("temporary") -> 0x5601e6206470
[AST DBG] newNode kind=AST_ASSIGN -> 0x5601e62064d0
[AST DBG] addChild parent=0x5601e62064d0(AST_ASSIGN, lineno=28) child=0x5601e6206410(AST_ARRAY_ACCESS, lineno=28)
[AST DBG] addChild parent=0x5601e62064d0(AST_ASSIGN, lineno=28) child=0x5601e6206470(AST_ID, lineno=28)
[PARSER DBG] assignment: var=0x5601e6206410 expr=0x5601e6206470
[LEX][29] RBRACE   -> '}'
[AST DBG] newNode kind=AST_BLOCK -> 0x5601e6206510
[AST DBG] addChild parent=0x5601e6206510(AST_BLOCK, lineno=29) child=0x5601e6205ff0(AST_ASSIGN, lineno=26)
[AST DBG] addChild parent=0x5601e6206510(AST_BLOCK, lineno=29) child=0x5601e6206290(AST_ASSIGN, lineno=27)
[AST DBG] addChild parent=0x5601e6206510(AST_BLOCK, lineno=29) child=0x5601e62064d0(AST_ASSIGN, lineno=28)
[PARSER DBG] compound_stmt: scope=main#block0#block1#block2#block3 decls=(nil) stmts=0x5601e6205ff0
[LEX][30] ID       -> 'j'
[AST DBG] newNode kind=AST_IF -> 0x5601e6206550
[AST DBG] addChild parent=0x5601e6206550(AST_IF, lineno=25) child=0x5601e6205e30(AST_BINOP, lineno=25)
[AST DBG] addChild parent=0x5601e6206550(AST_IF, lineno=25) child=0x5601e6206510(AST_BLOCK, lineno=29)
[LEX][30] ASSIGN   -> '='
[AST DBG] newNode kind=AST_ID -> 0x5601e6206590
[AST DBG] newIdNode("j") -> 0x5601e6206590
[LEX][30] ID       -> 'j'
[LEX][30] PLUS     -> '+'
[AST DBG] newNode kind=AST_ID -> 0x5601e62065f0
[AST DBG] newIdNode("j") -> 0x5601e62065f0
[AST DBG] newNode kind=AST_OP -> 0x5601e6206650
[LEX][30] NUM      -> '1' (1)
[AST DBG] newNode kind=AST_NUM -> 0x5601e6206690
[AST DBG] newNumNode(1) -> 0x5601e6206690
[LEX][30] SEMI     -> ';'
[AST DBG] newNode kind=AST_BINOP -> 0x5601e62066d0
[AST DBG] addChild parent=0x5601e62066d0(AST_BINOP, lineno=30) child=0x5601e62065f0(AST_ID, lineno=30)
[AST DBG] addChild parent=0x5601e62066d0(AST_BINOP, lineno=30) child=0x5601e6206650(AST_OP, lineno=30)
[AST DBG] addChild parent=0x5601e62066d0(AST_BINOP, lineno=30) child=0x5601e6206690(AST_NUM, lineno=30)
[AST DBG] newNode kind=AST_ASSIGN -> 0x5601e6206710
[AST DBG] addChild parent=0x5601e6206710(AST_ASSIGN, lineno=30) child=0x5601e6206590(AST_ID, lineno=30)
[AST DBG] addChild parent=0x5601e6206710(AST_ASSIGN, lineno=30) child=0x5601e62066d0(AST_BINOP, lineno=30)
[PARSER DBG] assignment: var=0x5601e6206590 expr=0x5601e62066d0
[LEX][31] RBRACE   -> '}'
[AST DBG] newNode kind=AST_BLOCK -> 0x5601e6206750
[AST DBG] addChild parent=0x5601e6206750(AST_BLOCK, lineno=31) child=0x5601e6206550(AST_IF, lineno=25)
[AST DBG] addChild parent=0x5601e6206750(AST_BLOCK, lineno=31) child=0x5601e6206710(AST_ASSIGN, lineno=30)
[PARSER DBG] compound_stmt: scope=main#block0#block1#block2 decls=(nil) stmts=0x5601e6206550
[AST DBG] newNode kind=AST_WHILE -> 0x5601e6206790
[AST DBG] addChild parent=0x5601e6206790(AST_WHILE, lineno=24) child=0x5601e6205ad0(AST_BINOP, lineno=24)
[AST DBG] addChild parent=0x5601e6206790(AST_WHILE, lineno=24) child=0x5601e6206750(AST_BLOCK, lineno=31)
[LEX][32] ID       -> 'i'
[LEX][32] ASSIGN   -> '='
[AST DBG] newNode kind=AST_ID -> 0x5601e62067f0
[AST DBG] newIdNode("i") -> 0x5601e62067f0
[LEX][32] ID       -> 'i'
[LEX][32] PLUS     -> '+'
[AST DBG] newNode kind=AST_ID -> 0x5601e6206850
[AST DBG] newIdNode("i") -> 0x5601e6206850
[AST DBG] newNode kind=AST_OP -> 0x5601e62068b0
[LEX][32] NUM      -> '1' (1)
[AST DBG] newNode kind=AST_NUM -> 0x5601e62068f0
[AST DBG] newNumNode(1) -> 0x5601e62068f0
[LEX][32] SEMI     -> ';'
[AST DBG] newNode kind=AST_BINOP -> 0x5601e6206930
[AST DBG] addChild parent=0x5601e6206930(AST_BINOP, lineno=32) child=0x5601e6206850(AST_ID, lineno=32)
[AST DBG] addChild parent=0x5601e6206930(AST_BINOP, lineno=32) child=0x5601e62068b0(AST_OP, lineno=32)
[AST DBG] addChild parent=0x5601e6206930(AST_BINOP, lineno=32) child=0x5601e62068f0(AST_NUM, lineno=32)
[AST DBG] newNode kind=AST_ASSIGN -> 0x5601e6206970
[AST DBG] addChild parent=0x5601e6206970(AST_ASSIGN, lineno=32) child=0x5601e62067f0(AST_ID, lineno=32)
[AST DBG] addChild parent=0x5601e6206970(AST_ASSIGN, lineno=32) child=0x5601e6206930(AST_BINOP, lineno=32)
[PARSER DBG] assignment: var=0x5601e62067f0 expr=0x5601e6206930
[LEX][33] RBRACE   -> '}'
[AST DBG] newNode kind=AST_BLOCK -> 0x5601e62069b0
[AST DBG] addChild parent=0x5601e62069b0(AST_BLOCK, lineno=33) child=0x5601e6205890(AST_ASSIGN, lineno=23)
[AST DBG] addChild parent=0x5601e62069b0(AST_BLOCK, lineno=33) child=0x5601e6206790(AST_WHILE, lineno=24)
[AST DBG] addChild parent=0x5601e62069b0(AST_BLOCK, lineno=33) child=0x5601e6206970(AST_ASSIGN, lineno=32)
[PARSER DBG] compound_stmt: scope=main#block0#block1 decls=(nil) stmts=0x5601e6205890
[AST DBG] newNode kind=AST_WHILE -> 0x5601e62069f0
[AST DBG] addChild parent=0x5601e62069f0(AST_WHILE, lineno=22) child=0x5601e6205750(AST_BINOP, lineno=22)
[AST DBG] addChild parent=0x5601e62069f0(AST_WHILE, lineno=22) child=0x5601e62069b0(AST_BLOCK, lineno=33)
[LEX][35] ID       -> 'i'
[LEX][35] ASSIGN   -> '='
[AST DBG] newNode kind=AST_ID -> 0x5601e6206a30
[AST DBG] newIdNode("i") -> 0x5601e6206a30
[LEX][35] NUM      -> '0' (0)
[AST DBG] newNode kind=AST_NUM -> 0x5601e6206a90
[AST DBG] newNumNode(0) -> 0x5601e6206a90
[LEX][35] SEMI     -> ';'
[AST DBG] newNode kind=AST_ASSIGN -> 0x5601e6206ad0
[AST DBG] addChild parent=0x5601e6206ad0(AST_ASSIGN, lineno=35) child=0x5601e6206a30(AST_ID, lineno=35)
[AST DBG] addChild parent=0x5601e6206ad0(AST_ASSIGN, lineno=35) child=0x5601e6206a90(AST_NUM, lineno=35)
[PARSER DBG] assignment: var=0x5601e6206a30 expr=0x5601e6206a90
[LEX][36] WHILE    -> 'while'
[LEX][36] LPAREN   -> '('
[LEX][36] ID       -> 'i'
[LEX][36] LT       -> '<'
[AST DBG] newNode kind=AST_ID -> 0x5601e6206b10
[AST DBG] newIdNode("i") -> 0x5601e6206b10
[AST DBG] newNode kind=AST_OP -> 0x5601e6206b70
[LEX][36] NUM      -> '6' (6)
[AST DBG] newNode kind=AST_NUM -> 0x5601e6206bb0
[AST DBG] newNumNode(6) -> 0x5601e6206bb0
[LEX][36] RPAREN   -> ')'
[AST DBG] newNode kind=AST_BINOP -> 0x5601e6206bf0
[AST DBG] addChild parent=0x5601e6206bf0(AST_BINOP, lineno=36) child=0x5601e6206b10(AST_ID, lineno=36)
[AST DBG] addChild parent=0x5601e6206bf0(AST_BINOP, lineno=36) child=0x5601e6206b70(AST_OP, lineno=36)
[AST DBG] addChild parent=0x5601e6206bf0(AST_BINOP, lineno=36) child=0x5601e6206bb0(AST_NUM, lineno=36)
[PARSER DBG] binop: left=0x5601e6206b10 op=0x5601e6206b70 right=0x5601e6206bb0
[LEX][36] LBRACE   -> '{'
[LEX][37] ID       -> 'output'
[LEX][37] LPAREN   -> '('
[LEX][37] ID       -> 'values'
[LEX][37] LBRACK   -> '['
[LEX][37] ID       -> 'i'
[LEX][37] RBRACK   -> ']'
[AST DBG] newNode kind=AST_ID -> 0x5601e6206cd0
[AST DBG] newIdNode("i") -> 0x5601e6206cd0
[AST DBG] newNode kind=AST_ARRAY_ACCESS -> 0x5601e6206d30
[AST DBG] addChild parent=0x5601e6206d30(AST_ARRAY_ACCESS, lineno=37) child=0x5601e6206cd0(AST_ID, lineno=37)
[LEX][37] RPAREN   -> ')'
[AST DBG] newNode kind=AST_ARG_LIST -> 0x5601e6206d70
[AST DBG] addChild parent=0x5601e6206d70(AST_ARG_LIST, lineno=37) child=0x5601e6206d30(AST_ARRAY_ACCESS, lineno=37)
[AST DBG] newNode kind=AST_CALL -> 0x5601e6206db0
[AST DBG] addChild parent=0x5601e6206db0(AST_CALL, lineno=37) child=0x5601e6206d70(AST_ARG_LIST, lineno=37)
[LEX][37] SEMI     -> ';'
[LEX][38] ID       -> 'i'
[LEX][38] ASSIGN   -> '='
[AST DBG] newNode kind=AST_ID -> 0x5601e6206df0
[AST DBG] newIdNode("i") -> 0x5601e6206df0
[LEX][38] ID       -> 'i'
[LEX][38] PLUS     -> '+'
[AST DBG] newNode kind=AST_ID -> 0x5601e6206e50
[AST DBG] newIdNode("i") -> 0x5601e6206e50
[AST DBG] newNode kind=AST_OP -> 0x5601e6206eb0
[LEX][38] NUM      -> '1' (1)
[AST DBG] newNode kind=AST_NUM -> 0x5601e6206ef0
[AST DBG] newNumNode(1) -> 0x5601e6206ef0
[LEX][38] SEMI     -> ';'
[AST DBG] newNode kind=AST_BINOP -> 0x5601e6206f30
[AST DBG] addChild parent=0x5601e6206f30(AST_BINOP, lineno=38) child=0x5601e6206e50(AST_ID, lineno=38)
[AST DBG] addChild parent=0x5601e6206f30(AST_BINOP, lineno=38) child=0x5601e6206eb0(AST_OP, lineno=38)
[AST DBG] addChild parent=0x5601e6206f30(AST_BINOP, lineno=38) child=0x5601e6206ef0(AST_NUM, lineno=38)
[AST DBG] newNode kind=AST_ASSIGN -> 0x5601e6206f70
[AST DBG] addChild parent=0x5601e6206f70(AST_ASSIGN, lineno=38) child=0x5601e6206df0(AST_ID, lineno=38)
[AST DBG] addChild parent=0x5601e6206f70(AST_ASSIGN, lineno=38) child=0x5601e6206f30(AST_BINOP, lineno=38)
[PARSER DBG] assignment: var=0x5601e6206df0 expr=0x5601e6206f30
[LEX][39] RBRACE   -> '}'
[AST DBG] newNode kind=AST_BLOCK -> 0x5601e6206fb0
[AST DBG] addChild parent=0x5601e6206fb0(AST_BLOCK, lineno=39) child=0x5601e6206db0(AST_CALL, lineno=37)
[AST DBG] addChild parent=0x5601e6206fb0(AST_BLOCK, lineno=39) child=0x5601e6206f70(AST_ASSIGN, lineno=38)
[PARSER DBG] compound_stmt: scope=main#block0#block4 decls=(nil) stmts=0x5601e6206db0
[AST DBG] newNode kind=AST_WHILE -> 0x5601e6206ff0
[AST DBG] addChild parent=0x5601e6206ff0(AST_WHILE, lineno=36) child=0x5601e6206bf0(AST_BINOP, lineno=36)
[AST DBG] addChild parent=0x5601e6206ff0(AST_WHILE, lineno=36) child=0x5601e6206fb0(AST_BLOCK, lineno=39)
[LEX][40] RETURN   -> 'return'
[LEX][40] SEMI     -> ';'
[AST DBG] newNode kind=AST_RETURN -> 0x5601e6207030
[LEX][41] RBRACE   -> '}'
[AST DBG] newNode kind=AST_BLOCK -> 0x5601e6207070
[AST DBG] addChild parent=0x5601e6207070(AST_BLOCK, lineno=41) child=0x5601e62049b0(AST_VAR_DECL, lineno=7)
[AST DBG] addChild parent=0x5601e6207070(AST_BLOCK, lineno=41) child=0x5601e6204cd0(AST_ASSIGN, lineno=11)
[AST DBG] addChild parent=0x5601e6207070(AST_BLOCK, lineno=41) child=0x5601e6204db0(AST_ASSIGN, lineno=12)
[AST DBG] addChild parent=0x5601e6207070(AST_BLOCK, lineno=41) child=0x5601e6204e90(AST_ASSIGN, lineno=13)
[AST DBG] addChild parent=0x5601e6207070(AST_BLOCK, lineno=41) child=0x5601e6204fb0(AST_ASSIGN, lineno=14)
[AST DBG] addChild parent=0x5601e6207070(AST_BLOCK, lineno=41) child=0x5601e62050d0(AST_ASSIGN, lineno=15)
[AST DBG] addChild parent=0x5601e6207070(AST_BLOCK, lineno=41) child=0x5601e62051f0(AST_ASSIGN, lineno=16)
[AST DBG] addChild parent=0x5601e6207070(AST_BLOCK, lineno=41) child=0x5601e6205310(AST_ASSIGN, lineno=17)
[AST DBG] addChild parent=0x5601e6207070(AST_BLOCK, lineno=41) child=0x5601e6205430(AST_ASSIGN, lineno=18)
[AST DBG] addChild parent=0x5601e6207070(AST_BLOCK, lineno=41) child=0x5601e6205550(AST_ASSIGN, lineno=19)
[AST DBG] addChild parent=0x5601e6207070(AST_BLOCK, lineno=41) child=0x5601e6205630(AST_ASSIGN, lineno=21)
[AST DBG] addChild parent=0x5601e6207070(AST_BLOCK, lineno=41) child=0x5601e62069f0(AST_WHILE, lineno=22)
[AST DBG] addChild parent=0x5601e6207070(AST_BLOCK, lineno=41) child=0x5601e6206ad0(AST_ASSIGN, lineno=35)
[AST DBG] addChild parent=0x5601e6207070(AST_BLOCK, lineno=41) child=0x5601e6206ff0(AST_WHILE, lineno=36)
[AST DBG] addChild parent=0x5601e6207070(AST_BLOCK, lineno=41) child=0x5601e6207030(AST_RETURN, lineno=40)
[PARSER DBG] compound_stmt: scope=main#block0 decls=0x5601e62049b0 stmts=0x5601e6204cd0
[AST DBG] newNode kind=AST_FUN_DECL -> 0x5601e62070b0
[AST DBG] addChild parent=0x5601e62070b0(AST_FUN_DECL, lineno=5) child=0x5601e6207070(AST_BLOCK, lineno=41)
[PARSER DBG] fun_declaration: name=main, params=(nil), body=0x5601e6207070
[PARSER DBG] declaration_list: added main
[LEX][42] EOF
[AST DBG] newNode kind=AST_PROGRAM -> 0x5601e62070f0
[AST DBG] addChild parent=0x5601e62070f0(AST_PROGRAM, lineno=3) child=0x5601e6204770(AST_VAR_DECL, lineno=3)
[AST DBG] addChild parent=0x5601e62070f0(AST_PROGRAM, lineno=3) child=0x5601e62070b0(AST_FUN_DECL, lineno=5)
Parse successful.

=== AST ===
Program (lineno=3)
  VarDecl(name=values, lineno=3)
  FunDecl(name=main, lineno=5)
    Block (lineno=41)
      VarDecl(name=i, lineno=7)
      VarDecl(name=j, lineno=8)
      VarDecl(name=temporary, lineno=9)
      Assign (lineno=11)
        Id(name=i, lineno=11)
        Num(value=0, lineno=11)
      Assign (lineno=12)
        Id(name=j, lineno=12)
        Num(value=0, lineno=12)
      Assign (lineno=13)
        Id(name=temporary, lineno=13)
        Num(value=0, lineno=13)
      Assign (lineno=14)
        ArrayAccess(name=values, lineno=14)
          Num(value=0, lineno=14)
        Num(value=9, lineno=14)
      Assign (lineno=15)
        ArrayAccess(name=values, lineno=15)
          Num(value=1, lineno=15)
        Num(value=1, lineno=15)
      Assign (lineno=16)
        ArrayAccess(name=values, lineno=16)
          Num(value=2, lineno=16)
        Num(value=8, lineno=16)
      Assign (lineno=17)
        ArrayAccess(name=values, lineno=17)
          Num(value=3, lineno=17)
        Num(value=2, lineno=17)
      Assign (lineno=18)
        ArrayAccess(name=values, lineno=18)
          Num(value=4, lineno=18)
        Num(value=7, lineno=18)
      Assign (lineno=19)
        ArrayAccess(name=values, lineno=19)
          Num(value=5, lineno=19)
        Num(value=3, lineno=19)
      Assign (lineno=21)
        Id(name=i, lineno=21)
        Num(value=0, lineno=21)
      While (lineno=22)
        BinOp (lineno=22)
          Id(name=i, lineno=22)
          Op(op='<', lineno=22)
          Num(value=6, lineno=22)
        Block (lineno=33)
          Assign (lineno=23)
            Id(name=j, lineno=23)
            Num(value=0, lineno=23)
          While (lineno=24)
            BinOp (lineno=24)
              Id(name=j, lineno=24)
              Op(op='<', lineno=24)
              BinOp (lineno=24)
                Num(value=5, lineno=24)
                Op(op='-', lineno=24)
                Id(name=i, lineno=24)
            Block (lineno=31)
              If (lineno=25)
                BinOp (lineno=25)
                  ArrayAccess(name=values, lineno=25)
                    Id(name=j, lineno=25)
                  Op(op='>', lineno=25)
                  ArrayAccess(name=values, lineno=25)
                    BinOp (lineno=25)
                      Id(name=j, lineno=25)
                      Op(op='+', lineno=25)
                      Num(value=1, lineno=25)
                Block (lineno=29)
                  Assign (lineno=26)
                    Id(name=temporary, lineno=26)
                    ArrayAccess(name=values, lineno=26)
                      Id(name=j, lineno=26)
                  Assign (lineno=27)
                    ArrayAccess(name=values, lineno=27)
                      Id(name=j, lineno=27)
                    ArrayAccess(name=values, lineno=27)
                      BinOp (lineno=27)
                        Id(name=j, lineno=27)
                        Op(op='+', lineno=27)
                        Num(value=1, lineno=27)
                  Assign (lineno=28)
                    ArrayAccess(name=values, lineno=28)
                      BinOp (lineno=28)
                        Id(name=j, lineno=28)
                        Op(op='+', lineno=28)
                        Num(value=1, lineno=28)
                    Id(name=temporary, lineno=28)
              Assign (lineno=30)
                Id(name=j, lineno=30)
                BinOp (lineno=30)
                  Id(name=j, lineno=30)
                  Op(op='+', lineno=30)
                  Num(value=1, lineno=30)
          Assign (lineno=32)
            Id(name=i, lineno=32)
            BinOp (lineno=32)
              Id(name=i, lineno=32)
              Op(op='+', lineno=32)
              Num(value=1, lineno=32)
      Assign (lineno=35)
        Id(name=i, lineno=35)
        Num(value=0, lineno=35)
      While (lineno=36)
        BinOp (lineno=36)
          Id(name=i, lineno=36)
          Op(op='<', lineno=36)
          Num(value=6, lineno=36)
        Block (lineno=39)
          Call(name=output, lineno=37)
            ArgList (lineno=37)
              ArrayAccess(name=values, lineno=37)
                Id(name=i, lineno=37)
          Assign (lineno=38)
            Id(name=i, lineno=38)
            BinOp (lineno=38)
              Id(name=i, lineno=38)
              Op(op='+', lineno=38)
              Num(value=1, lineno=38)
      Return (lineno=40)
AST has been saved to: docs/generated/frontend/syntax_tree/ast.txt
Semantic analysis completed successfully with no errors.

=== IR ===

[IR_DBG] === Starting IR Generation ===
[IR_DBG] Pass 1: Searching for global variable declarations...
[IR_DBG]   Found global var declaration for 'values'
[IR_DBG] Creating new constant: 6
[IR_DBG] Creating new name operand: .space
[IR_DBG] Creating new name operand: values
[IR_DBG] Emitting instruction with opcode 4
[IR_DBG] > generate_ir_for_node: Processing node kind AST_PROGRAM at line 3
[IR_DBG]   Case AST_PROGRAM
[IR_DBG] > generate_ir_for_node: Processing node kind AST_FUN_DECL at line 5
[IR_DBG]   Case AST_FUN_DECL for 'main'
[IR_DBG] Creating new name operand: main
[IR_DBG] Emitting instruction with opcode 15
[IR_DBG] > generate_ir_for_node: Processing node kind AST_BLOCK at line 41
[IR_DBG]   Case AST_BLOCK
[IR_DBG] > generate_ir_for_node: Processing node kind AST_ASSIGN at line 11
[IR_DBG]   Case AST_ASSIGN (as statement)
[IR_DBG] >> generate_ir_for_expr: Processing expression kind AST_ASSIGN at line 11
[IR_DBG]    Case AST_ASSIGN
[IR_DBG] >> generate_ir_for_expr: Processing expression kind AST_NUM at line 11
[IR_DBG]    Case AST_NUM
[IR_DBG] Creating new constant: 0
[IR_DBG] << generate_ir_for_expr: Finished processing expression kind AST_NUM
[IR_DBG] Creating new name operand: i
[IR_DBG] Emitting instruction with opcode 0
[IR_DBG] << generate_ir_for_expr: Finished processing expression kind AST_ASSIGN
[IR_DBG] < generate_ir_for_node: Finished processing node kind AST_ASSIGN
[IR_DBG] > generate_ir_for_node: Processing node kind AST_ASSIGN at line 12
[IR_DBG]   Case AST_ASSIGN (as statement)
[IR_DBG] >> generate_ir_for_expr: Processing expression kind AST_ASSIGN at line 12
[IR_DBG]    Case AST_ASSIGN
[IR_DBG] >> generate_ir_for_expr: Processing expression kind AST_NUM at line 12
[IR_DBG]    Case AST_NUM
[IR_DBG] Creating new constant: 0
[IR_DBG] << generate_ir_for_expr: Finished processing expression kind AST_NUM
[IR_DBG] Creating new name operand: j
[IR_DBG] Emitting instruction with opcode 0
[IR_DBG] << generate_ir_for_expr: Finished processing expression kind AST_ASSIGN
[IR_DBG] < generate_ir_for_node: Finished processing node kind AST_ASSIGN
[IR_DBG] > generate_ir_for_node: Processing node kind AST_ASSIGN at line 13
[IR_DBG]   Case AST_ASSIGN (as statement)
[IR_DBG] >> generate_ir_for_expr: Processing expression kind AST_ASSIGN at line 13
[IR_DBG]    Case AST_ASSIGN
[IR_DBG] >> generate_ir_for_expr: Processing expression kind AST_NUM at line 13
[IR_DBG]    Case AST_NUM
[IR_DBG] Creating new constant: 0
[IR_DBG] << generate_ir_for_expr: Finished processing expression kind AST_NUM
[IR_DBG] Creating new name operand: temporary
[IR_DBG] Emitting instruction with opcode 0
[IR_DBG] << generate_ir_for_expr: Finished processing expression kind AST_ASSIGN
[IR_DBG] < generate_ir_for_node: Finished processing node kind AST_ASSIGN
[IR_DBG] > generate_ir_for_node: Processing node kind AST_ASSIGN at line 14
[IR_DBG]   Case AST_ASSIGN (as statement)
[IR_DBG] >> generate_ir_for_expr: Processing expression kind AST_ASSIGN at line 14
[IR_DBG]    Case AST_ASSIGN
[IR_DBG] >> generate_ir_for_expr: Processing expression kind AST_NUM at line 14
[IR_DBG]    Case AST_NUM
[IR_DBG] Creating new constant: 9
[IR_DBG] << generate_ir_for_expr: Finished processing expression kind AST_NUM
[IR_DBG]      Assigning to Array Access
[IR_DBG] >> generate_ir_for_expr: Processing expression kind AST_NUM at line 14
[IR_DBG]    Case AST_NUM
[IR_DBG] Creating new constant: 0
[IR_DBG] << generate_ir_for_expr: Finished processing expression kind AST_NUM
[IR_DBG] Creating new temporary: t0
[IR_DBG] Creating new name operand: values
[IR_DBG] Emitting instruction with opcode 3
[IR_DBG] Creating new temporary: t1
[IR_DBG] Emitting instruction with opcode 5
[IR_DBG] Emitting instruction with opcode 2
[IR_DBG] << generate_ir_for_expr: Finished processing expression kind AST_ASSIGN
[IR_DBG] < generate_ir_for_node: Finished processing node kind AST_ASSIGN
[IR_DBG] > generate_ir_for_node: Processing node kind AST_ASSIGN at line 15
[IR_DBG]   Case AST_ASSIGN (as statement)
[IR_DBG] >> generate_ir_for_expr: Processing expression kind AST_ASSIGN at line 15
[IR_DBG]    Case AST_ASSIGN
[IR_DBG] >> generate_ir_for_expr: Processing expression kind AST_NUM at line 15
[IR_DBG]    Case AST_NUM
[IR_DBG] Creating new constant: 1
[IR_DBG] << generate_ir_for_expr: Finished processing expression kind AST_NUM
[IR_DBG]      Assigning to Array Access
[IR_DBG] >> generate_ir_for_expr: Processing expression kind AST_NUM at line 15
[IR_DBG]    Case AST_NUM
[IR_DBG] Creating new constant: 1
[IR_DBG] << generate_ir_for_expr: Finished processing expression kind AST_NUM
[IR_DBG] Creating new temporary: t2
[IR_DBG] Creating new name operand: values
[IR_DBG] Emitting instruction with opcode 3
[IR_DBG] Creating new temporary: t3
[IR_DBG] Emitting instruction with opcode 5
[IR_DBG] Emitting instruction with opcode 2
[IR_DBG] << generate_ir_for_expr: Finished processing expression kind AST_ASSIGN
[IR_DBG] < generate_ir_for_node: Finished processing node kind AST_ASSIGN
[IR_DBG] > generate_ir_for_node: Processing node kind AST_ASSIGN at line 16
[IR_DBG]   Case AST_ASSIGN (as statement)
[IR_DBG] >> generate_ir_for_expr: Processing expression kind AST_ASSIGN at line 16
[IR_DBG]    Case AST_ASSIGN
[IR_DBG] >> generate_ir_for_expr: Processing expression kind AST_NUM at line 16
[IR_DBG]    Case AST_NUM
[IR_DBG] Creating new constant: 8
[IR_DBG] << generate_ir_for_expr: Finished processing expression kind AST_NUM
[IR_DBG]      Assigning to Array Access
[IR_DBG] >> generate_ir_for_expr: Processing expression kind AST_NUM at line 16
[IR_DBG]    Case AST_NUM
[IR_DBG] Creating new constant: 2
[IR_DBG] << generate_ir_for_expr: Finished processing expression kind AST_NUM
[IR_DBG] Creating new temporary: t4
[IR_DBG] Creating new name operand: values
[IR_DBG] Emitting instruction with opcode 3
[IR_DBG] Creating new temporary: t5
[IR_DBG] Emitting instruction with opcode 5
[IR_DBG] Emitting instruction with opcode 2
[IR_DBG] << generate_ir_for_expr: Finished processing expression kind AST_ASSIGN
[IR_DBG] < generate_ir_for_node: Finished processing node kind AST_ASSIGN
[IR_DBG] > generate_ir_for_node: Processing node kind AST_ASSIGN at line 17
[IR_DBG]   Case AST_ASSIGN (as statement)
[IR_DBG] >> generate_ir_for_expr: Processing expression kind AST_ASSIGN at line 17
[IR_DBG]    Case AST_ASSIGN
[IR_DBG] >> generate_ir_for_expr: Processing expression kind AST_NUM at line 17
[IR_DBG]    Case AST_NUM
[IR_DBG] Creating new constant: 2
[IR_DBG] << generate_ir_for_expr: Finished processing expression kind AST_NUM
[IR_DBG]      Assigning to Array Access
[IR_DBG] >> generate_ir_for_expr: Processing expression kind AST_NUM at line 17
[IR_DBG]    Case AST_NUM
[IR_DBG] Creating new constant: 3
[IR_DBG] << generate_ir_for_expr: Finished processing expression kind AST_NUM
[IR_DBG] Creating new temporary: t6
[IR_DBG] Creating new name operand: values
[IR_DBG] Emitting instruction with opcode 3
[IR_DBG] Creating new temporary: t7
[IR_DBG] Emitting instruction with opcode 5
[IR_DBG] Emitting instruction with opcode 2
[IR_DBG] << generate_ir_for_expr: Finished processing expression kind AST_ASSIGN
[IR_DBG] < generate_ir_for_node: Finished processing node kind AST_ASSIGN
[IR_DBG] > generate_ir_for_node: Processing node kind AST_ASSIGN at line 18
[IR_DBG]   Case AST_ASSIGN (as statement)
[IR_DBG] >> generate_ir_for_expr: Processing expression kind AST_ASSIGN at line 18
[IR_DBG]    Case AST_ASSIGN
[IR_DBG] >> generate_ir_for_expr: Processing expression kind AST_NUM at line 18
[IR_DBG]    Case AST_NUM
[IR_DBG] Creating new constant: 7
[IR_DBG] << generate_ir_for_expr: Finished processing expression kind AST_NUM
[IR_DBG]      Assigning to Array Access
[IR_DBG] >> generate_ir_for_expr: Processing expression kind AST_NUM at line 18
[IR_DBG]    Case AST_NUM
[IR_DBG] Creating new constant: 4
[IR_DBG] << generate_ir_for_expr: Finished processing expression kind AST_NUM
[IR_DBG] Creating new temporary: t8
[IR_DBG] Creating new name operand: values
[IR_DBG] Emitting instruction with opcode 3
[IR_DBG] Creating new temporary: t9
[IR_DBG] Emitting instruction with opcode 5
[IR_DBG] Emitting instruction with opcode 2
[IR_DBG] << generate_ir_for_expr: Finished processing expression kind AST_ASSIGN
[IR_DBG] < generate_ir_for_node: Finished processing node kind AST_ASSIGN
[IR_DBG] > generate_ir_for_node: Processing node kind AST_ASSIGN at line 19
[IR_DBG]   Case AST_ASSIGN (as statement)
[IR_DBG] >> generate_ir_for_expr: Processing expression kind AST_ASSIGN at line 19
[IR_DBG]    Case AST_ASSIGN
[IR_DBG] >> generate_ir_for_expr: Processing expression kind AST_NUM at line 19
[IR_DBG]    Case AST_NUM
[IR_DBG] Creating new constant: 3
[IR_DBG] << generate_ir_for_expr: Finished processing expression kind AST_NUM
[IR_DBG]      Assigning to Array Access
[IR_DBG] >> generate_ir_for_expr: Processing expression kind AST_NUM at line 19
[IR_DBG]    Case AST_NUM
[IR_DBG] Creating new constant: 5
[IR_DBG] << generate_ir_for_expr: Finished processing expression kind AST_NUM
[IR_DBG] Creating new temporary: t10
[IR_DBG] Creating new name operand: values
[IR_DBG] Emitting instruction with opcode 3
[IR_DBG] Creating new temporary: t11
[IR_DBG] Emitting instruction with opcode 5
[IR_DBG] Emitting instruction with opcode 2
[IR_DBG] << generate_ir_for_expr: Finished processing expression kind AST_ASSIGN
[IR_DBG] < generate_ir_for_node: Finished processing node kind AST_ASSIGN
[IR_DBG] > generate_ir_for_node: Processing node kind AST_ASSIGN at line 21
[IR_DBG]   Case AST_ASSIGN (as statement)
[IR_DBG] >> generate_ir_for_expr: Processing expression kind AST_ASSIGN at line 21
[IR_DBG]    Case AST_ASSIGN
[IR_DBG] >> generate_ir_for_expr: Processing expression kind AST_NUM at line 21
[IR_DBG]    Case AST_NUM
[IR_DBG] Creating new constant: 0
[IR_DBG] << generate_ir_for_expr: Finished processing expression kind AST_NUM
[IR_DBG] Creating new name operand: i
[IR_DBG] Emitting instruction with opcode 0
[IR_DBG] << generate_ir_for_expr: Finished processing expression kind AST_ASSIGN
[IR_DBG] < generate_ir_for_node: Finished processing node kind AST_ASSIGN
[IR_DBG] > generate_ir_for_node: Processing node kind AST_WHILE at line 22
[IR_DBG]   Case AST_WHILE
[IR_DBG] Creating new label: L0
[IR_DBG] Creating new label: L1
[IR_DBG] Emitting instruction with opcode 15
[IR_DBG] >> generate_ir_for_expr: Processing expression kind AST_BINOP at line 22
[IR_DBG]    Case AST_BINOP
[IR_DBG]      Operator: '<'
[IR_DBG] >> generate_ir_for_expr: Processing expression kind AST_ID at line 22
[IR_DBG]    Case AST_ID
[IR_DBG] Creating new name operand: i
[IR_DBG] << generate_ir_for_expr: Finished processing expression kind AST_ID
[IR_DBG] >> generate_ir_for_expr: Processing expression kind AST_NUM at line 22
[IR_DBG]    Case AST_NUM
[IR_DBG] Creating new constant: 6
[IR_DBG] << generate_ir_for_expr: Finished processing expression kind AST_NUM
[IR_DBG] Creating new temporary: t12
[IR_DBG] Emitting instruction with opcode 11
[IR_DBG] << generate_ir_for_expr: Finished processing expression kind AST_BINOP
[IR_DBG] Emitting instruction with opcode 17
[IR_DBG] > generate_ir_for_node: Processing node kind AST_BLOCK at line 33
[IR_DBG]   Case AST_BLOCK
[IR_DBG] > generate_ir_for_node: Processing node kind AST_ASSIGN at line 23
[IR_DBG]   Case AST_ASSIGN (as statement)
[IR_DBG] >> generate_ir_for_expr: Processing expression kind AST_ASSIGN at line 23
[IR_DBG]    Case AST_ASSIGN
[IR_DBG] >> generate_ir_for_expr: Processing expression kind AST_NUM at line 23
[IR_DBG]    Case AST_NUM
[IR_DBG] Creating new constant: 0
[IR_DBG] << generate_ir_for_expr: Finished processing expression kind AST_NUM
[IR_DBG] Creating new name operand: j
[IR_DBG] Emitting instruction with opcode 0
[IR_DBG] << generate_ir_for_expr: Finished processing expression kind AST_ASSIGN
[IR_DBG] < generate_ir_for_node: Finished processing node kind AST_ASSIGN
[IR_DBG] > generate_ir_for_node: Processing node kind AST_WHILE at line 24
[IR_DBG]   Case AST_WHILE
[IR_DBG] Creating new label: L2
[IR_DBG] Creating new label: L3
[IR_DBG] Emitting instruction with opcode 15
[IR_DBG] >> generate_ir_for_expr: Processing expression kind AST_BINOP at line 24
[IR_DBG]    Case AST_BINOP
[IR_DBG]      Operator: '<'
[IR_DBG] >> generate_ir_for_expr: Processing expression kind AST_ID at line 24
[IR_DBG]    Case AST_ID
[IR_DBG] Creating new name operand: j
[IR_DBG] << generate_ir_for_expr: Finished processing expression kind AST_ID
[IR_DBG] >> generate_ir_for_expr: Processing expression kind AST_BINOP at line 24
[IR_DBG]    Case AST_BINOP
[IR_DBG]      Operator: '-'
[IR_DBG] >> generate_ir_for_expr: Processing expression kind AST_NUM at line 24
[IR_DBG]    Case AST_NUM
[IR_DBG] Creating new constant: 5
[IR_DBG] << generate_ir_for_expr: Finished processing expression kind AST_NUM
[IR_DBG] >> generate_ir_for_expr: Processing expression kind AST_ID at line 24
[IR_DBG]    Case AST_ID
[IR_DBG] Creating new name operand: i
[IR_DBG] << generate_ir_for_expr: Finished processing expression kind AST_ID
[IR_DBG] Creating new temporary: t13
[IR_DBG] Emitting instruction with opcode 6
[IR_DBG] << generate_ir_for_expr: Finished processing expression kind AST_BINOP
[IR_DBG] Creating new temporary: t14
[IR_DBG] Emitting instruction with opcode 11
[IR_DBG] << generate_ir_for_expr: Finished processing expression kind AST_BINOP
[IR_DBG] Emitting instruction with opcode 17
[IR_DBG] > generate_ir_for_node: Processing node kind AST_BLOCK at line 31
[IR_DBG]   Case AST_BLOCK
[IR_DBG] > generate_ir_for_node: Processing node kind AST_IF at line 25
[IR_DBG]   Case AST_IF
[IR_DBG] Creating new label: L4
[IR_DBG] Creating new label: L5
[IR_DBG] >> generate_ir_for_expr: Processing expression kind AST_BINOP at line 25
[IR_DBG]    Case AST_BINOP
[IR_DBG]      Operator: '>'
[IR_DBG] >> generate_ir_for_expr: Processing expression kind AST_ARRAY_ACCESS at line 25
[IR_DBG]    Case AST_ARRAY_ACCESS (Load)
[IR_DBG] >> generate_ir_for_expr: Processing expression kind AST_ID at line 25
[IR_DBG]    Case AST_ID
[IR_DBG] Creating new name operand: j
[IR_DBG] << generate_ir_for_expr: Finished processing expression kind AST_ID
[IR_DBG] Creating new temporary: t15
[IR_DBG] Creating new name operand: values
[IR_DBG] Emitting instruction with opcode 3
[IR_DBG] Creating new temporary: t16
[IR_DBG] Emitting instruction with opcode 5
[IR_DBG] Creating new temporary: t17
[IR_DBG] Emitting instruction with opcode 1
[IR_DBG] << generate_ir_for_expr: Finished processing expression kind AST_ARRAY_ACCESS
[IR_DBG] >> generate_ir_for_expr: Processing expression kind AST_ARRAY_ACCESS at line 25
[IR_DBG]    Case AST_ARRAY_ACCESS (Load)
[IR_DBG] >> generate_ir_for_expr: Processing expression kind AST_BINOP at line 25
[IR_DBG]    Case AST_BINOP
[IR_DBG]      Operator: '+'
[IR_DBG] >> generate_ir_for_expr: Processing expression kind AST_ID at line 25
[IR_DBG]    Case AST_ID
[IR_DBG] Creating new name operand: j
[IR_DBG] << generate_ir_for_expr: Finished processing expression kind AST_ID
[IR_DBG] >> generate_ir_for_expr: Processing expression kind AST_NUM at line 25
[IR_DBG]    Case AST_NUM
[IR_DBG] Creating new constant: 1
[IR_DBG] << generate_ir_for_expr: Finished processing expression kind AST_NUM
[IR_DBG] Creating new temporary: t18
[IR_DBG] Emitting instruction with opcode 5
[IR_DBG] << generate_ir_for_expr: Finished processing expression kind AST_BINOP
[IR_DBG] Creating new temporary: t19
[IR_DBG] Creating new name operand: values
[IR_DBG] Emitting instruction with opcode 3
[IR_DBG] Creating new temporary: t20
[IR_DBG] Emitting instruction with opcode 5
[IR_DBG] Creating new temporary: t21
[IR_DBG] Emitting instruction with opcode 1
[IR_DBG] << generate_ir_for_expr: Finished processing expression kind AST_ARRAY_ACCESS
[IR_DBG] Creating new temporary: t22
[IR_DBG] Emitting instruction with opcode 13
[IR_DBG] << generate_ir_for_expr: Finished processing expression kind AST_BINOP
[IR_DBG] Emitting instruction with opcode 17
[IR_DBG] > generate_ir_for_node: Processing node kind AST_BLOCK at line 29
[IR_DBG]   Case AST_BLOCK
[IR_DBG] > generate_ir_for_node: Processing node kind AST_ASSIGN at line 26
[IR_DBG]   Case AST_ASSIGN (as statement)
[IR_DBG] >> generate_ir_for_expr: Processing expression kind AST_ASSIGN at line 26
[IR_DBG]    Case AST_ASSIGN
[IR_DBG] >> generate_ir_for_expr: Processing expression kind AST_ARRAY_ACCESS at line 26
[IR_DBG]    Case AST_ARRAY_ACCESS (Load)
[IR_DBG] >> generate_ir_for_expr: Processing expression kind AST_ID at line 26
[IR_DBG]    Case AST_ID
[IR_DBG] Creating new name operand: j
[IR_DBG] << generate_ir_for_expr: Finished processing expression kind AST_ID
[IR_DBG] Creating new temporary: t23
[IR_DBG] Creating new name operand: values
[IR_DBG] Emitting instruction with opcode 3
[IR_DBG] Creating new temporary: t24
[IR_DBG] Emitting instruction with opcode 5
[IR_DBG] Creating new temporary: t25
[IR_DBG] Emitting instruction with opcode 1
[IR_DBG] << generate_ir_for_expr: Finished processing expression kind AST_ARRAY_ACCESS
[IR_DBG] Creating new name operand: temporary
[IR_DBG] Emitting instruction with opcode 0
[IR_DBG] << generate_ir_for_expr: Finished processing expression kind AST_ASSIGN
[IR_DBG] < generate_ir_for_node: Finished processing node kind AST_ASSIGN
[IR_DBG] > generate_ir_for_node: Processing node kind AST_ASSIGN at line 27
[IR_DBG]   Case AST_ASSIGN (as statement)
[IR_DBG] >> generate_ir_for_expr: Processing expression kind AST_ASSIGN at line 27
[IR_DBG]    Case AST_ASSIGN
[IR_DBG] >> generate_ir_for_expr: Processing expression kind AST_ARRAY_ACCESS at line 27
[IR_DBG]    Case AST_ARRAY_ACCESS (Load)
[IR_DBG] >> generate_ir_for_expr: Processing expression kind AST_BINOP at line 27
[IR_DBG]    Case AST_BINOP
[IR_DBG]      Operator: '+'
[IR_DBG] >> generate_ir_for_expr: Processing expression kind AST_ID at line 27
[IR_DBG]    Case AST_ID
[IR_DBG] Creating new name operand: j
[IR_DBG] << generate_ir_for_expr: Finished processing expression kind AST_ID
[IR_DBG] >> generate_ir_for_expr: Processing expression kind AST_NUM at line 27
[IR_DBG]    Case AST_NUM
[IR_DBG] Creating new constant: 1
[IR_DBG] << generate_ir_for_expr: Finished processing expression kind AST_NUM
[IR_DBG] Creating new temporary: t26
[IR_DBG] Emitting instruction with opcode 5
[IR_DBG] << generate_ir_for_expr: Finished processing expression kind AST_BINOP
[IR_DBG] Creating new temporary: t27
[IR_DBG] Creating new name operand: values
[IR_DBG] Emitting instruction with opcode 3
[IR_DBG] Creating new temporary: t28
[IR_DBG] Emitting instruction with opcode 5
[IR_DBG] Creating new temporary: t29
[IR_DBG] Emitting instruction with opcode 1
[IR_DBG] << generate_ir_for_expr: Finished processing expression kind AST_ARRAY_ACCESS
[IR_DBG]      Assigning to Array Access
[IR_DBG] >> generate_ir_for_expr: Processing expression kind AST_ID at line 27
[IR_DBG]    Case AST_ID
[IR_DBG] Creating new name operand: j
[IR_DBG] << generate_ir_for_expr: Finished processing expression kind AST_ID
[IR_DBG] Creating new temporary: t30
[IR_DBG] Creating new name operand: values
[IR_DBG] Emitting instruction with opcode 3
[IR_DBG] Creating new temporary: t31
[IR_DBG] Emitting instruction with opcode 5
[IR_DBG] Emitting instruction with opcode 2
[IR_DBG] << generate_ir_for_expr: Finished processing expression kind AST_ASSIGN
[IR_DBG] < generate_ir_for_node: Finished processing node kind AST_ASSIGN
[IR_DBG] > generate_ir_for_node: Processing node kind AST_ASSIGN at line 28
[IR_DBG]   Case AST_ASSIGN (as statement)
[IR_DBG] >> generate_ir_for_expr: Processing expression kind AST_ASSIGN at line 28
[IR_DBG]    Case AST_ASSIGN
[IR_DBG] >> generate_ir_for_expr: Processing expression kind AST_ID at line 28
[IR_DBG]    Case AST_ID
[IR_DBG] Creating new name operand: temporary
[IR_DBG] << generate_ir_for_expr: Finished processing expression kind AST_ID
[IR_DBG]      Assigning to Array Access
[IR_DBG] >> generate_ir_for_expr: Processing expression kind AST_BINOP at line 28
[IR_DBG]    Case AST_BINOP
[IR_DBG]      Operator: '+'
[IR_DBG] >> generate_ir_for_expr: Processing expression kind AST_ID at line 28
[IR_DBG]    Case AST_ID
[IR_DBG] Creating new name operand: j
[IR_DBG] << generate_ir_for_expr: Finished processing expression kind AST_ID
[IR_DBG] >> generate_ir_for_expr: Processing expression kind AST_NUM at line 28
[IR_DBG]    Case AST_NUM
[IR_DBG] Creating new constant: 1
[IR_DBG] << generate_ir_for_expr: Finished processing expression kind AST_NUM
[IR_DBG] Creating new temporary: t32
[IR_DBG] Emitting instruction with opcode 5
[IR_DBG] << generate_ir_for_expr: Finished processing expression kind AST_BINOP
[IR_DBG] Creating new temporary: t33
[IR_DBG] Creating new name operand: values
[IR_DBG] Emitting instruction with opcode 3
[IR_DBG] Creating new temporary: t34
[IR_DBG] Emitting instruction with opcode 5
[IR_DBG] Emitting instruction with opcode 2
[IR_DBG] << generate_ir_for_expr: Finished processing expression kind AST_ASSIGN
[IR_DBG] < generate_ir_for_node: Finished processing node kind AST_ASSIGN
[IR_DBG] < generate_ir_for_node: Finished processing node kind AST_BLOCK
[IR_DBG] Emitting instruction with opcode 16
[IR_DBG] Emitting instruction with opcode 15
[IR_DBG] Emitting instruction with opcode 15
[IR_DBG] < generate_ir_for_node: Finished processing node kind AST_IF
[IR_DBG] > generate_ir_for_node: Processing node kind AST_ASSIGN at line 30
[IR_DBG]   Case AST_ASSIGN (as statement)
[IR_DBG] >> generate_ir_for_expr: Processing expression kind AST_ASSIGN at line 30
[IR_DBG]    Case AST_ASSIGN
[IR_DBG] >> generate_ir_for_expr: Processing expression kind AST_BINOP at line 30
[IR_DBG]    Case AST_BINOP
[IR_DBG]      Operator: '+'
[IR_DBG] >> generate_ir_for_expr: Processing expression kind AST_ID at line 30
[IR_DBG]    Case AST_ID
[IR_DBG] Creating new name operand: j
[IR_DBG] << generate_ir_for_expr: Finished processing expression kind AST_ID
[IR_DBG] >> generate_ir_for_expr: Processing expression kind AST_NUM at line 30
[IR_DBG]    Case AST_NUM
[IR_DBG] Creating new constant: 1
[IR_DBG] << generate_ir_for_expr: Finished processing expression kind AST_NUM
[IR_DBG] Creating new temporary: t35
[IR_DBG] Emitting instruction with opcode 5
[IR_DBG] << generate_ir_for_expr: Finished processing expression kind AST_BINOP
[IR_DBG] Creating new name operand: j
[IR_DBG] Emitting instruction with opcode 0
[IR_DBG] << generate_ir_for_expr: Finished processing expression kind AST_ASSIGN
[IR_DBG] < generate_ir_for_node: Finished processing node kind AST_ASSIGN
[IR_DBG] < generate_ir_for_node: Finished processing node kind AST_BLOCK
[IR_DBG] Emitting instruction with opcode 16
[IR_DBG] Emitting instruction with opcode 15
[IR_DBG] < generate_ir_for_node: Finished processing node kind AST_WHILE
[IR_DBG] > generate_ir_for_node: Processing node kind AST_ASSIGN at line 32
[IR_DBG]   Case AST_ASSIGN (as statement)
[IR_DBG] >> generate_ir_for_expr: Processing expression kind AST_ASSIGN at line 32
[IR_DBG]    Case AST_ASSIGN
[IR_DBG] >> generate_ir_for_expr: Processing expression kind AST_BINOP at line 32
[IR_DBG]    Case AST_BINOP
[IR_DBG]      Operator: '+'
[IR_DBG] >> generate_ir_for_expr: Processing expression kind AST_ID at line 32
[IR_DBG]    Case AST_ID
[IR_DBG] Creating new name operand: i
[IR_DBG] << generate_ir_for_expr: Finished processing expression kind AST_ID
[IR_DBG] >> generate_ir_for_expr: Processing expression kind AST_NUM at line 32
[IR_DBG]    Case AST_NUM
[IR_DBG] Creating new constant: 1
[IR_DBG] << generate_ir_for_expr: Finished processing expression kind AST_NUM
[IR_DBG] Creating new temporary: t36
[IR_DBG] Emitting instruction with opcode 5
[IR_DBG] << generate_ir_for_expr: Finished processing expression kind AST_BINOP
[IR_DBG] Creating new name operand: i
[IR_DBG] Emitting instruction with opcode 0
[IR_DBG] << generate_ir_for_expr: Finished processing expression kind AST_ASSIGN
[IR_DBG] < generate_ir_for_node: Finished processing node kind AST_ASSIGN
[IR_DBG] < generate_ir_for_node: Finished processing node kind AST_BLOCK
[IR_DBG] Emitting instruction with opcode 16
[IR_DBG] Emitting instruction with opcode 15
[IR_DBG] < generate_ir_for_node: Finished processing node kind AST_WHILE
[IR_DBG] > generate_ir_for_node: Processing node kind AST_ASSIGN at line 35
[IR_DBG]   Case AST_ASSIGN (as statement)
[IR_DBG] >> generate_ir_for_expr: Processing expression kind AST_ASSIGN at line 35
[IR_DBG]    Case AST_ASSIGN
[IR_DBG] >> generate_ir_for_expr: Processing expression kind AST_NUM at line 35
[IR_DBG]    Case AST_NUM
[IR_DBG] Creating new constant: 0
[IR_DBG] << generate_ir_for_expr: Finished processing expression kind AST_NUM
[IR_DBG] Creating new name operand: i
[IR_DBG] Emitting instruction with opcode 0
[IR_DBG] << generate_ir_for_expr: Finished processing expression kind AST_ASSIGN
[IR_DBG] < generate_ir_for_node: Finished processing node kind AST_ASSIGN
[IR_DBG] > generate_ir_for_node: Processing node kind AST_WHILE at line 36
[IR_DBG]   Case AST_WHILE
[IR_DBG] Creating new label: L6
[IR_DBG] Creating new label: L7
[IR_DBG] Emitting instruction with opcode 15
[IR_DBG] >> generate_ir_for_expr: Processing expression kind AST_BINOP at line 36
[IR_DBG]    Case AST_BINOP
[IR_DBG]      Operator: '<'
[IR_DBG] >> generate_ir_for_expr: Processing expression kind AST_ID at line 36
[IR_DBG]    Case AST_ID
[IR_DBG] Creating new name operand: i
[IR_DBG] << generate_ir_for_expr: Finished processing expression kind AST_ID
[IR_DBG] >> generate_ir_for_expr: Processing expression kind AST_NUM at line 36
[IR_DBG]    Case AST_NUM
[IR_DBG] Creating new constant: 6
[IR_DBG] << generate_ir_for_expr: Finished processing expression kind AST_NUM
[IR_DBG] Creating new temporary: t37
[IR_DBG] Emitting instruction with opcode 11
[IR_DBG] << generate_ir_for_expr: Finished processing expression kind AST_BINOP
[IR_DBG] Emitting instruction with opcode 17
[IR_DBG] > generate_ir_for_node: Processing node kind AST_BLOCK at line 39
[IR_DBG]   Case AST_BLOCK
[IR_DBG] > generate_ir_for_node: Processing node kind AST_CALL at line 37
[IR_DBG]   Case AST_CALL (as statement)
[IR_DBG] >> generate_ir_for_expr: Processing expression kind AST_CALL at line 37
[IR_DBG]    Case AST_CALL for function 'output'
[IR_DBG] >> generate_ir_for_expr: Processing expression kind AST_ARRAY_ACCESS at line 37
[IR_DBG]    Case AST_ARRAY_ACCESS (Load)
[IR_DBG] >> generate_ir_for_expr: Processing expression kind AST_ID at line 37
[IR_DBG]    Case AST_ID
[IR_DBG] Creating new name operand: i
[IR_DBG] << generate_ir_for_expr: Finished processing expression kind AST_ID
[IR_DBG] Creating new temporary: t38
[IR_DBG] Creating new name operand: values
[IR_DBG] Emitting instruction with opcode 3
[IR_DBG] Creating new temporary: t39
[IR_DBG] Emitting instruction with opcode 5
[IR_DBG] Creating new temporary: t40
[IR_DBG] Emitting instruction with opcode 1
[IR_DBG] << generate_ir_for_expr: Finished processing expression kind AST_ARRAY_ACCESS
[IR_DBG] Emitting instruction with opcode 20
[IR_DBG] Creating new constant: 1
[IR_DBG] Creating new name operand: output
[IR_DBG] Emitting instruction with opcode 21
[IR_DBG] << generate_ir_for_expr: Finished processing expression kind AST_CALL
[IR_DBG] < generate_ir_for_node: Finished processing node kind AST_CALL
[IR_DBG] > generate_ir_for_node: Processing node kind AST_ASSIGN at line 38
[IR_DBG]   Case AST_ASSIGN (as statement)
[IR_DBG] >> generate_ir_for_expr: Processing expression kind AST_ASSIGN at line 38
[IR_DBG]    Case AST_ASSIGN
[IR_DBG] >> generate_ir_for_expr: Processing expression kind AST_BINOP at line 38
[IR_DBG]    Case AST_BINOP
[IR_DBG]      Operator: '+'
[IR_DBG] >> generate_ir_for_expr: Processing expression kind AST_ID at line 38
[IR_DBG]    Case AST_ID
[IR_DBG] Creating new name operand: i
[IR_DBG] << generate_ir_for_expr: Finished processing expression kind AST_ID
[IR_DBG] >> generate_ir_for_expr: Processing expression kind AST_NUM at line 38
[IR_DBG]    Case AST_NUM
[IR_DBG] Creating new constant: 1
[IR_DBG] << generate_ir_for_expr: Finished processing expression kind AST_NUM
[IR_DBG] Creating new temporary: t41
[IR_DBG] Emitting instruction with opcode 5
[IR_DBG] << generate_ir_for_expr: Finished processing expression kind AST_BINOP
[IR_DBG] Creating new name operand: i
[IR_DBG] Emitting instruction with opcode 0
[IR_DBG] << generate_ir_for_expr: Finished processing expression kind AST_ASSIGN
[IR_DBG] < generate_ir_for_node: Finished processing node kind AST_ASSIGN
[IR_DBG] < generate_ir_for_node: Finished processing node kind AST_BLOCK
[IR_DBG] Emitting instruction with opcode 16
[IR_DBG] Emitting instruction with opcode 15
[IR_DBG] < generate_ir_for_node: Finished processing node kind AST_WHILE
[IR_DBG] > generate_ir_for_node: Processing node kind AST_RETURN at line 40
[IR_DBG]   Case AST_RETURN
[IR_DBG] Emitting instruction with opcode 18
[IR_DBG] < generate_ir_for_node: Finished processing node kind AST_RETURN
[IR_DBG] < generate_ir_for_node: Finished processing node kind AST_BLOCK
[IR_DBG] Emitting instruction with opcode 18
[IR_DBG] < generate_ir_for_node: Finished processing node kind AST_FUN_DECL
[IR_DBG] < generate_ir_for_node: Finished processing node kind AST_PROGRAM
[IR_DBG] === Finished IR Generation ===

--- BEGIN IR DUMP (Terminal) ---
  values := .space , 6
main:
  i := 0
  j := 0
  temporary := 0
  t0 := &values
  t1 := t0 + 0
  *t1 := 9
  t2 := &values
  t3 := t2 + 1
  *t3 := 1
  t4 := &values
  t5 := t4 + 2
  *t5 := 8
  t6 := &values
  t7 := t6 + 3
  *t7 := 2
  t8 := &values
  t9 := t8 + 4
  *t9 := 7
  t10 := &values
  t11 := t10 + 5
  *t11 := 3
  i := 0
L0:
  t12 := i < 6
  if_false t12 goto L1
  j := 0
L2:
  t13 := 5 - i
  t14 := j < t13
  if_false t14 goto L3
  t15 := &values
  t16 := t15 + j
  t17 := *t16
  t18 := j + 1
  t19 := &values
  t20 := t19 + t18
  t21 := *t20
  t22 := t17 > t21
  if_false t22 goto L4
  t23 := &values
  t24 := t23 + j
  t25 := *t24
  temporary := t25
  t26 := j + 1
  t27 := &values
  t28 := t27 + t26
  t29 := *t28
  t30 := &values
  t31 := t30 + j
  *t31 := t29
  t32 := j + 1
  t33 := &values
  t34 := t33 + t32
  *t34 := temporary
  goto L5
L4:
L5:
  t35 := j + 1
  j := t35
  goto L2
L3:
  t36 := i + 1
  i := t36
  goto L0
L1:
  i := 0
L6:
  t37 := i < 6
  if_false t37 goto L7
  t38 := &values
  t39 := t38 + i
  t40 := *t39
  arg t40
  call output, 1
  t41 := i + 1
  i := t41
  goto L6
L7:
  return _
--- END IR DUMP ---
IR dump has been saved to: docs/generated/intermediate/semantic/ir/generated_IR.txt
======= SYMBOL TABLE =======
Name            Scope      Kind   Decl Lines           Use Lines            Type  
--------------------------------------------------------------------------
temporary       main#block0 VAR    9	13,26,28	INT
j               main#block0 VAR    8	12,23,24,25,25,26,27,27,28,30,30	INT
i               main#block0 VAR    7	11,21,22,24,32,32,35,36,37,38,38	INT
main            global     FUNC   5		VOID
values          global     VAR    3	14,15,16,17,18,19,25,25,26,27,27,28,37	ARRAY(6, INT)
output          global     FUNC   0	37	VOID
input           global     FUNC   0		INT
======= END OF TABLE =======
Symbol table has been saved to: docs/generated/frontend/symbol_table/symbol_table.txt
