Initializing symbol table and scope stack...
Symbol table initialized successfully.
Parsing 'docs/input/cminus/08_mdc.txt'...
[LEX][1] SKIP_COMMENT
[LEX][3] VOID     -> 'void'
[LEX][3] ID       -> 'main'
[LEX][3] LPAREN   -> '('
[LEX][3] VOID     -> 'void'
[LEX][3] RPAREN   -> ')'
[LEX][4] LBRACE   -> '{'
[LEX][5] INT      -> 'int'
[LEX][5] ID       -> 'a'
[LEX][5] SEMI     -> ';'
[AST DBG] newNode kind=AST_VAR_DECL -> 0x5fda3446f8a0
[PARSER DBG] var_declaration: name=a[LEX][6] INT      -> 'int'
[LEX][6] ID       -> 'b'
[LEX][6] SEMI     -> ';'
[AST DBG] newNode kind=AST_VAR_DECL -> 0x5fda3446f9b0
[PARSER DBG] var_declaration: name=b[LEX][7] INT      -> 'int'
[LEX][7] ID       -> 'quotient'
[LEX][7] SEMI     -> ';'
[AST DBG] newNode kind=AST_VAR_DECL -> 0x5fda3446fac0
[PARSER DBG] var_declaration: name=quotient[LEX][8] INT      -> 'int'
[LEX][8] ID       -> 'remainder'
[LEX][8] SEMI     -> ';'
[AST DBG] newNode kind=AST_VAR_DECL -> 0x5fda3446fbd0
[PARSER DBG] var_declaration: name=remainder[LEX][10] ID       -> 'a'
[LEX][10] ASSIGN   -> '='
[AST DBG] newNode kind=AST_ID -> 0x5fda3446fc30
[AST DBG] newIdNode("a") -> 0x5fda3446fc30
[LEX][10] ID       -> 'input'
[LEX][10] LPAREN   -> '('
[LEX][10] RPAREN   -> ')'
[AST DBG] newNode kind=AST_CALL -> 0x5fda3446fc90
[LEX][10] SEMI     -> ';'
[AST DBG] newNode kind=AST_ASSIGN -> 0x5fda3446fcf0
[AST DBG] addChild parent=0x5fda3446fcf0(AST_ASSIGN, lineno=10) child=0x5fda3446fc30(AST_ID, lineno=10)
[AST DBG] addChild parent=0x5fda3446fcf0(AST_ASSIGN, lineno=10) child=0x5fda3446fc90(AST_CALL, lineno=10)
[PARSER DBG] assignment: var=0x5fda3446fc30 expr=0x5fda3446fc90
[LEX][11] ID       -> 'b'
[LEX][11] ASSIGN   -> '='
[AST DBG] newNode kind=AST_ID -> 0x5fda3446fd30
[AST DBG] newIdNode("b") -> 0x5fda3446fd30
[LEX][11] ID       -> 'input'
[LEX][11] LPAREN   -> '('
[LEX][11] RPAREN   -> ')'
[AST DBG] newNode kind=AST_CALL -> 0x5fda3446fd90
[LEX][11] SEMI     -> ';'
[AST DBG] newNode kind=AST_ASSIGN -> 0x5fda3446fdf0
[AST DBG] addChild parent=0x5fda3446fdf0(AST_ASSIGN, lineno=11) child=0x5fda3446fd30(AST_ID, lineno=11)
[AST DBG] addChild parent=0x5fda3446fdf0(AST_ASSIGN, lineno=11) child=0x5fda3446fd90(AST_CALL, lineno=11)
[PARSER DBG] assignment: var=0x5fda3446fd30 expr=0x5fda3446fd90
[LEX][12] ID       -> 'quotient'
[LEX][12] ASSIGN   -> '='
[AST DBG] newNode kind=AST_ID -> 0x5fda3446fe30
[AST DBG] newIdNode("quotient") -> 0x5fda3446fe30
[LEX][12] NUM      -> '0' (0)
[AST DBG] newNode kind=AST_NUM -> 0x5fda3446fe90
[AST DBG] newNumNode(0) -> 0x5fda3446fe90
[LEX][12] SEMI     -> ';'
[AST DBG] newNode kind=AST_ASSIGN -> 0x5fda3446fed0
[AST DBG] addChild parent=0x5fda3446fed0(AST_ASSIGN, lineno=12) child=0x5fda3446fe30(AST_ID, lineno=12)
[AST DBG] addChild parent=0x5fda3446fed0(AST_ASSIGN, lineno=12) child=0x5fda3446fe90(AST_NUM, lineno=12)
[PARSER DBG] assignment: var=0x5fda3446fe30 expr=0x5fda3446fe90
[LEX][13] ID       -> 'remainder'
[LEX][13] ASSIGN   -> '='
[AST DBG] newNode kind=AST_ID -> 0x5fda3446ff10
[AST DBG] newIdNode("remainder") -> 0x5fda3446ff10
[LEX][13] NUM      -> '0' (0)
[AST DBG] newNode kind=AST_NUM -> 0x5fda3446ff70
[AST DBG] newNumNode(0) -> 0x5fda3446ff70
[LEX][13] SEMI     -> ';'
[AST DBG] newNode kind=AST_ASSIGN -> 0x5fda3446ffb0
[AST DBG] addChild parent=0x5fda3446ffb0(AST_ASSIGN, lineno=13) child=0x5fda3446ff10(AST_ID, lineno=13)
[AST DBG] addChild parent=0x5fda3446ffb0(AST_ASSIGN, lineno=13) child=0x5fda3446ff70(AST_NUM, lineno=13)
[PARSER DBG] assignment: var=0x5fda3446ff10 expr=0x5fda3446ff70
[LEX][15] WHILE    -> 'while'
[LEX][15] LPAREN   -> '('
[LEX][15] ID       -> 'b'
[LEX][15] NEQ      -> '!='
[AST DBG] newNode kind=AST_ID -> 0x5fda3446fff0
[AST DBG] newIdNode("b") -> 0x5fda3446fff0
[AST DBG] newNode kind=AST_OP -> 0x5fda34470050
[LEX][15] NUM      -> '0' (0)
[AST DBG] newNode kind=AST_NUM -> 0x5fda34470090
[AST DBG] newNumNode(0) -> 0x5fda34470090
[LEX][15] RPAREN   -> ')'
[AST DBG] newNode kind=AST_BINOP -> 0x5fda344700d0
[AST DBG] addChild parent=0x5fda344700d0(AST_BINOP, lineno=15) child=0x5fda3446fff0(AST_ID, lineno=15)
[AST DBG] addChild parent=0x5fda344700d0(AST_BINOP, lineno=15) child=0x5fda34470050(AST_OP, lineno=15)
[AST DBG] addChild parent=0x5fda344700d0(AST_BINOP, lineno=15) child=0x5fda34470090(AST_NUM, lineno=15)
[PARSER DBG] binop: left=0x5fda3446fff0 op=0x5fda34470050 right=0x5fda34470090
[LEX][15] LBRACE   -> '{'
[LEX][16] ID       -> 'quotient'
[LEX][16] ASSIGN   -> '='
[AST DBG] newNode kind=AST_ID -> 0x5fda34470170
[AST DBG] newIdNode("quotient") -> 0x5fda34470170
[LEX][16] ID       -> 'a'
[LEX][16] DIV      -> '/'
[AST DBG] newNode kind=AST_ID -> 0x5fda344701d0
[AST DBG] newIdNode("a") -> 0x5fda344701d0
[AST DBG] newNode kind=AST_OP -> 0x5fda34470230
[LEX][16] ID       -> 'b'
[LEX][16] SEMI     -> ';'
[AST DBG] newNode kind=AST_ID -> 0x5fda34470290
[AST DBG] newIdNode("b") -> 0x5fda34470290
[AST DBG] newNode kind=AST_BINOP -> 0x5fda344702f0
[AST DBG] addChild parent=0x5fda344702f0(AST_BINOP, lineno=16) child=0x5fda344701d0(AST_ID, lineno=16)
[AST DBG] addChild parent=0x5fda344702f0(AST_BINOP, lineno=16) child=0x5fda34470230(AST_OP, lineno=16)
[AST DBG] addChild parent=0x5fda344702f0(AST_BINOP, lineno=16) child=0x5fda34470290(AST_ID, lineno=16)
[AST DBG] newNode kind=AST_ASSIGN -> 0x5fda34470330
[AST DBG] addChild parent=0x5fda34470330(AST_ASSIGN, lineno=16) child=0x5fda34470170(AST_ID, lineno=16)
[AST DBG] addChild parent=0x5fda34470330(AST_ASSIGN, lineno=16) child=0x5fda344702f0(AST_BINOP, lineno=16)
[PARSER DBG] assignment: var=0x5fda34470170 expr=0x5fda344702f0
[LEX][17] ID       -> 'remainder'
[LEX][17] ASSIGN   -> '='
[AST DBG] newNode kind=AST_ID -> 0x5fda34470370
[AST DBG] newIdNode("remainder") -> 0x5fda34470370
[LEX][17] ID       -> 'a'
[LEX][17] MINUS    -> '-'
[AST DBG] newNode kind=AST_ID -> 0x5fda344703d0
[AST DBG] newIdNode("a") -> 0x5fda344703d0
[AST DBG] newNode kind=AST_OP -> 0x5fda34470430
[LEX][17] ID       -> 'quotient'
[LEX][17] TIMES    -> '*'
[AST DBG] newNode kind=AST_ID -> 0x5fda34470490
[AST DBG] newIdNode("quotient") -> 0x5fda34470490
[AST DBG] newNode kind=AST_OP -> 0x5fda344704f0
[LEX][17] ID       -> 'b'
[LEX][17] SEMI     -> ';'
[AST DBG] newNode kind=AST_ID -> 0x5fda34470550
[AST DBG] newIdNode("b") -> 0x5fda34470550
[AST DBG] newNode kind=AST_BINOP -> 0x5fda344705b0
[AST DBG] addChild parent=0x5fda344705b0(AST_BINOP, lineno=17) child=0x5fda34470490(AST_ID, lineno=17)
[AST DBG] addChild parent=0x5fda344705b0(AST_BINOP, lineno=17) child=0x5fda344704f0(AST_OP, lineno=17)
[AST DBG] addChild parent=0x5fda344705b0(AST_BINOP, lineno=17) child=0x5fda34470550(AST_ID, lineno=17)
[AST DBG] newNode kind=AST_BINOP -> 0x5fda344705f0
[AST DBG] addChild parent=0x5fda344705f0(AST_BINOP, lineno=17) child=0x5fda344703d0(AST_ID, lineno=17)
[AST DBG] addChild parent=0x5fda344705f0(AST_BINOP, lineno=17) child=0x5fda34470430(AST_OP, lineno=17)
[AST DBG] addChild parent=0x5fda344705f0(AST_BINOP, lineno=17) child=0x5fda344705b0(AST_BINOP, lineno=17)
[AST DBG] newNode kind=AST_ASSIGN -> 0x5fda34470630
[AST DBG] addChild parent=0x5fda34470630(AST_ASSIGN, lineno=17) child=0x5fda34470370(AST_ID, lineno=17)
[AST DBG] addChild parent=0x5fda34470630(AST_ASSIGN, lineno=17) child=0x5fda344705f0(AST_BINOP, lineno=17)
[PARSER DBG] assignment: var=0x5fda34470370 expr=0x5fda344705f0
[LEX][18] ID       -> 'a'
[LEX][18] ASSIGN   -> '='
[AST DBG] newNode kind=AST_ID -> 0x5fda34470670
[AST DBG] newIdNode("a") -> 0x5fda34470670
[LEX][18] ID       -> 'b'
[LEX][18] SEMI     -> ';'
[AST DBG] newNode kind=AST_ID -> 0x5fda344706d0
[AST DBG] newIdNode("b") -> 0x5fda344706d0
[AST DBG] newNode kind=AST_ASSIGN -> 0x5fda34470730
[AST DBG] addChild parent=0x5fda34470730(AST_ASSIGN, lineno=18) child=0x5fda34470670(AST_ID, lineno=18)
[AST DBG] addChild parent=0x5fda34470730(AST_ASSIGN, lineno=18) child=0x5fda344706d0(AST_ID, lineno=18)
[PARSER DBG] assignment: var=0x5fda34470670 expr=0x5fda344706d0
[LEX][19] ID       -> 'b'
[LEX][19] ASSIGN   -> '='
[AST DBG] newNode kind=AST_ID -> 0x5fda34470770
[AST DBG] newIdNode("b") -> 0x5fda34470770
[LEX][19] ID       -> 'remainder'
[LEX][19] SEMI     -> ';'
[AST DBG] newNode kind=AST_ID -> 0x5fda344707d0
[AST DBG] newIdNode("remainder") -> 0x5fda344707d0
[AST DBG] newNode kind=AST_ASSIGN -> 0x5fda34470830
[AST DBG] addChild parent=0x5fda34470830(AST_ASSIGN, lineno=19) child=0x5fda34470770(AST_ID, lineno=19)
[AST DBG] addChild parent=0x5fda34470830(AST_ASSIGN, lineno=19) child=0x5fda344707d0(AST_ID, lineno=19)
[PARSER DBG] assignment: var=0x5fda34470770 expr=0x5fda344707d0
[LEX][20] RBRACE   -> '}'
[AST DBG] newNode kind=AST_BLOCK -> 0x5fda34470870
[AST DBG] addChild parent=0x5fda34470870(AST_BLOCK, lineno=20) child=0x5fda34470330(AST_ASSIGN, lineno=16)
[AST DBG] addChild parent=0x5fda34470870(AST_BLOCK, lineno=20) child=0x5fda34470630(AST_ASSIGN, lineno=17)
[AST DBG] addChild parent=0x5fda34470870(AST_BLOCK, lineno=20) child=0x5fda34470730(AST_ASSIGN, lineno=18)
[AST DBG] addChild parent=0x5fda34470870(AST_BLOCK, lineno=20) child=0x5fda34470830(AST_ASSIGN, lineno=19)
[PARSER DBG] compound_stmt: scope=main#block0#block1 decls=(nil) stmts=0x5fda34470330
[AST DBG] newNode kind=AST_WHILE -> 0x5fda344708b0
[AST DBG] addChild parent=0x5fda344708b0(AST_WHILE, lineno=15) child=0x5fda344700d0(AST_BINOP, lineno=15)
[AST DBG] addChild parent=0x5fda344708b0(AST_WHILE, lineno=15) child=0x5fda34470870(AST_BLOCK, lineno=20)
[LEX][22] ID       -> 'output'
[LEX][22] LPAREN   -> '('
[LEX][22] ID       -> 'a'
[LEX][22] RPAREN   -> ')'
[AST DBG] newNode kind=AST_ID -> 0x5fda344708f0
[AST DBG] newIdNode("a") -> 0x5fda344708f0
[AST DBG] newNode kind=AST_ARG_LIST -> 0x5fda34470950
[AST DBG] addChild parent=0x5fda34470950(AST_ARG_LIST, lineno=22) child=0x5fda344708f0(AST_ID, lineno=22)
[AST DBG] newNode kind=AST_CALL -> 0x5fda34470990
[AST DBG] addChild parent=0x5fda34470990(AST_CALL, lineno=22) child=0x5fda34470950(AST_ARG_LIST, lineno=22)
[LEX][22] SEMI     -> ';'
[LEX][23] RETURN   -> 'return'
[LEX][23] SEMI     -> ';'
[AST DBG] newNode kind=AST_RETURN -> 0x5fda344709d0
[LEX][24] RBRACE   -> '}'
[AST DBG] newNode kind=AST_BLOCK -> 0x5fda34470a10
[AST DBG] addChild parent=0x5fda34470a10(AST_BLOCK, lineno=24) child=0x5fda3446f8a0(AST_VAR_DECL, lineno=5)
[AST DBG] addChild parent=0x5fda34470a10(AST_BLOCK, lineno=24) child=0x5fda3446fcf0(AST_ASSIGN, lineno=10)
[AST DBG] addChild parent=0x5fda34470a10(AST_BLOCK, lineno=24) child=0x5fda3446fdf0(AST_ASSIGN, lineno=11)
[AST DBG] addChild parent=0x5fda34470a10(AST_BLOCK, lineno=24) child=0x5fda3446fed0(AST_ASSIGN, lineno=12)
[AST DBG] addChild parent=0x5fda34470a10(AST_BLOCK, lineno=24) child=0x5fda3446ffb0(AST_ASSIGN, lineno=13)
[AST DBG] addChild parent=0x5fda34470a10(AST_BLOCK, lineno=24) child=0x5fda344708b0(AST_WHILE, lineno=15)
[AST DBG] addChild parent=0x5fda34470a10(AST_BLOCK, lineno=24) child=0x5fda34470990(AST_CALL, lineno=22)
[AST DBG] addChild parent=0x5fda34470a10(AST_BLOCK, lineno=24) child=0x5fda344709d0(AST_RETURN, lineno=23)
[PARSER DBG] compound_stmt: scope=main#block0 decls=0x5fda3446f8a0 stmts=0x5fda3446fcf0
[AST DBG] newNode kind=AST_FUN_DECL -> 0x5fda34470a50
[AST DBG] addChild parent=0x5fda34470a50(AST_FUN_DECL, lineno=3) child=0x5fda34470a10(AST_BLOCK, lineno=24)
[PARSER DBG] fun_declaration: name=main, params=(nil), body=0x5fda34470a10
[LEX][25] EOF
[AST DBG] newNode kind=AST_PROGRAM -> 0x5fda34470a90
[AST DBG] addChild parent=0x5fda34470a90(AST_PROGRAM, lineno=3) child=0x5fda34470a50(AST_FUN_DECL, lineno=3)
Parse successful.

=== AST ===
Program (lineno=3)
  FunDecl(name=main, lineno=3)
    Block (lineno=24)
      VarDecl(name=a, lineno=5)
      VarDecl(name=b, lineno=6)
      VarDecl(name=quotient, lineno=7)
      VarDecl(name=remainder, lineno=8)
      Assign (lineno=10)
        Id(name=a, lineno=10)
        Call(name=input, lineno=10)
      Assign (lineno=11)
        Id(name=b, lineno=11)
        Call(name=input, lineno=11)
      Assign (lineno=12)
        Id(name=quotient, lineno=12)
        Num(value=0, lineno=12)
      Assign (lineno=13)
        Id(name=remainder, lineno=13)
        Num(value=0, lineno=13)
      While (lineno=15)
        BinOp (lineno=15)
          Id(name=b, lineno=15)
          Op(op='!=', lineno=15)
          Num(value=0, lineno=15)
        Block (lineno=20)
          Assign (lineno=16)
            Id(name=quotient, lineno=16)
            BinOp (lineno=16)
              Id(name=a, lineno=16)
              Op(op='/', lineno=16)
              Id(name=b, lineno=16)
          Assign (lineno=17)
            Id(name=remainder, lineno=17)
            BinOp (lineno=17)
              Id(name=a, lineno=17)
              Op(op='-', lineno=17)
              BinOp (lineno=17)
                Id(name=quotient, lineno=17)
                Op(op='*', lineno=17)
                Id(name=b, lineno=17)
          Assign (lineno=18)
            Id(name=a, lineno=18)
            Id(name=b, lineno=18)
          Assign (lineno=19)
            Id(name=b, lineno=19)
            Id(name=remainder, lineno=19)
      Call(name=output, lineno=22)
        ArgList (lineno=22)
          Id(name=a, lineno=22)
      Return (lineno=23)
AST has been saved to: docs/generated/frontend/syntax_tree/ast.txt
Semantic analysis completed successfully with no errors.

=== IR ===

[IR_DBG] === Starting IR Generation ===
[IR_DBG] Pass 1: Searching for global variable declarations...
[IR_DBG] > generate_ir_for_node: Processing node kind AST_PROGRAM at line 3
[IR_DBG]   Case AST_PROGRAM
[IR_DBG] > generate_ir_for_node: Processing node kind AST_FUN_DECL at line 3
[IR_DBG]   Case AST_FUN_DECL for 'main'
[IR_DBG] Creating new name operand: main
[IR_DBG] Emitting instruction with opcode 15
[IR_DBG] > generate_ir_for_node: Processing node kind AST_BLOCK at line 24
[IR_DBG]   Case AST_BLOCK
[IR_DBG] > generate_ir_for_node: Processing node kind AST_ASSIGN at line 10
[IR_DBG]   Case AST_ASSIGN (as statement)
[IR_DBG] >> generate_ir_for_expr: Processing expression kind AST_ASSIGN at line 10
[IR_DBG]    Case AST_ASSIGN
[IR_DBG] >> generate_ir_for_expr: Processing expression kind AST_CALL at line 10
[IR_DBG]    Case AST_CALL for function 'input'
[IR_DBG] Creating new temporary: t0
[IR_DBG] Creating new constant: 0
[IR_DBG] Creating new name operand: input
[IR_DBG] Emitting instruction with opcode 22
[IR_DBG] << generate_ir_for_expr: Finished processing expression kind AST_CALL
[IR_DBG] Creating new name operand: a
[IR_DBG] Emitting instruction with opcode 0
[IR_DBG] << generate_ir_for_expr: Finished processing expression kind AST_ASSIGN
[IR_DBG] < generate_ir_for_node: Finished processing node kind AST_ASSIGN
[IR_DBG] > generate_ir_for_node: Processing node kind AST_ASSIGN at line 11
[IR_DBG]   Case AST_ASSIGN (as statement)
[IR_DBG] >> generate_ir_for_expr: Processing expression kind AST_ASSIGN at line 11
[IR_DBG]    Case AST_ASSIGN
[IR_DBG] >> generate_ir_for_expr: Processing expression kind AST_CALL at line 11
[IR_DBG]    Case AST_CALL for function 'input'
[IR_DBG] Creating new temporary: t1
[IR_DBG] Creating new constant: 0
[IR_DBG] Creating new name operand: input
[IR_DBG] Emitting instruction with opcode 22
[IR_DBG] << generate_ir_for_expr: Finished processing expression kind AST_CALL
[IR_DBG] Creating new name operand: b
[IR_DBG] Emitting instruction with opcode 0
[IR_DBG] << generate_ir_for_expr: Finished processing expression kind AST_ASSIGN
[IR_DBG] < generate_ir_for_node: Finished processing node kind AST_ASSIGN
[IR_DBG] > generate_ir_for_node: Processing node kind AST_ASSIGN at line 12
[IR_DBG]   Case AST_ASSIGN (as statement)
[IR_DBG] >> generate_ir_for_expr: Processing expression kind AST_ASSIGN at line 12
[IR_DBG]    Case AST_ASSIGN
[IR_DBG] >> generate_ir_for_expr: Processing expression kind AST_NUM at line 12
[IR_DBG]    Case AST_NUM
[IR_DBG] Creating new constant: 0
[IR_DBG] << generate_ir_for_expr: Finished processing expression kind AST_NUM
[IR_DBG] Creating new name operand: quotient
[IR_DBG] Emitting instruction with opcode 0
[IR_DBG] << generate_ir_for_expr: Finished processing expression kind AST_ASSIGN
[IR_DBG] < generate_ir_for_node: Finished processing node kind AST_ASSIGN
[IR_DBG] > generate_ir_for_node: Processing node kind AST_ASSIGN at line 13
[IR_DBG]   Case AST_ASSIGN (as statement)
[IR_DBG] >> generate_ir_for_expr: Processing expression kind AST_ASSIGN at line 13
[IR_DBG]    Case AST_ASSIGN
[IR_DBG] >> generate_ir_for_expr: Processing expression kind AST_NUM at line 13
[IR_DBG]    Case AST_NUM
[IR_DBG] Creating new constant: 0
[IR_DBG] << generate_ir_for_expr: Finished processing expression kind AST_NUM
[IR_DBG] Creating new name operand: remainder
[IR_DBG] Emitting instruction with opcode 0
[IR_DBG] << generate_ir_for_expr: Finished processing expression kind AST_ASSIGN
[IR_DBG] < generate_ir_for_node: Finished processing node kind AST_ASSIGN
[IR_DBG] > generate_ir_for_node: Processing node kind AST_WHILE at line 15
[IR_DBG]   Case AST_WHILE
[IR_DBG] Creating new label: L0
[IR_DBG] Creating new label: L1
[IR_DBG] Emitting instruction with opcode 15
[IR_DBG] >> generate_ir_for_expr: Processing expression kind AST_BINOP at line 15
[IR_DBG]    Case AST_BINOP
[IR_DBG]      Operator: '!='
[IR_DBG] >> generate_ir_for_expr: Processing expression kind AST_ID at line 15
[IR_DBG]    Case AST_ID
[IR_DBG] Creating new name operand: b
[IR_DBG] << generate_ir_for_expr: Finished processing expression kind AST_ID
[IR_DBG] >> generate_ir_for_expr: Processing expression kind AST_NUM at line 15
[IR_DBG]    Case AST_NUM
[IR_DBG] Creating new constant: 0
[IR_DBG] << generate_ir_for_expr: Finished processing expression kind AST_NUM
[IR_DBG] Creating new temporary: t2
[IR_DBG] Emitting instruction with opcode 10
[IR_DBG] << generate_ir_for_expr: Finished processing expression kind AST_BINOP
[IR_DBG] Emitting instruction with opcode 17
[IR_DBG] > generate_ir_for_node: Processing node kind AST_BLOCK at line 20
[IR_DBG]   Case AST_BLOCK
[IR_DBG] > generate_ir_for_node: Processing node kind AST_ASSIGN at line 16
[IR_DBG]   Case AST_ASSIGN (as statement)
[IR_DBG] >> generate_ir_for_expr: Processing expression kind AST_ASSIGN at line 16
[IR_DBG]    Case AST_ASSIGN
[IR_DBG] >> generate_ir_for_expr: Processing expression kind AST_BINOP at line 16
[IR_DBG]    Case AST_BINOP
[IR_DBG]      Operator: '/'
[IR_DBG] >> generate_ir_for_expr: Processing expression kind AST_ID at line 16
[IR_DBG]    Case AST_ID
[IR_DBG] Creating new name operand: a
[IR_DBG] << generate_ir_for_expr: Finished processing expression kind AST_ID
[IR_DBG] >> generate_ir_for_expr: Processing expression kind AST_ID at line 16
[IR_DBG]    Case AST_ID
[IR_DBG] Creating new name operand: b
[IR_DBG] << generate_ir_for_expr: Finished processing expression kind AST_ID
[IR_DBG] Creating new temporary: t3
[IR_DBG] Emitting instruction with opcode 8
[IR_DBG] << generate_ir_for_expr: Finished processing expression kind AST_BINOP
[IR_DBG] Creating new name operand: quotient
[IR_DBG] Emitting instruction with opcode 0
[IR_DBG] << generate_ir_for_expr: Finished processing expression kind AST_ASSIGN
[IR_DBG] < generate_ir_for_node: Finished processing node kind AST_ASSIGN
[IR_DBG] > generate_ir_for_node: Processing node kind AST_ASSIGN at line 17
[IR_DBG]   Case AST_ASSIGN (as statement)
[IR_DBG] >> generate_ir_for_expr: Processing expression kind AST_ASSIGN at line 17
[IR_DBG]    Case AST_ASSIGN
[IR_DBG] >> generate_ir_for_expr: Processing expression kind AST_BINOP at line 17
[IR_DBG]    Case AST_BINOP
[IR_DBG]      Operator: '-'
[IR_DBG] >> generate_ir_for_expr: Processing expression kind AST_ID at line 17
[IR_DBG]    Case AST_ID
[IR_DBG] Creating new name operand: a
[IR_DBG] << generate_ir_for_expr: Finished processing expression kind AST_ID
[IR_DBG] >> generate_ir_for_expr: Processing expression kind AST_BINOP at line 17
[IR_DBG]    Case AST_BINOP
[IR_DBG]      Operator: '*'
[IR_DBG] >> generate_ir_for_expr: Processing expression kind AST_ID at line 17
[IR_DBG]    Case AST_ID
[IR_DBG] Creating new name operand: quotient
[IR_DBG] << generate_ir_for_expr: Finished processing expression kind AST_ID
[IR_DBG] >> generate_ir_for_expr: Processing expression kind AST_ID at line 17
[IR_DBG]    Case AST_ID
[IR_DBG] Creating new name operand: b
[IR_DBG] << generate_ir_for_expr: Finished processing expression kind AST_ID
[IR_DBG] Creating new temporary: t4
[IR_DBG] Emitting instruction with opcode 7
[IR_DBG] << generate_ir_for_expr: Finished processing expression kind AST_BINOP
[IR_DBG] Creating new temporary: t5
[IR_DBG] Emitting instruction with opcode 6
[IR_DBG] << generate_ir_for_expr: Finished processing expression kind AST_BINOP
[IR_DBG] Creating new name operand: remainder
[IR_DBG] Emitting instruction with opcode 0
[IR_DBG] << generate_ir_for_expr: Finished processing expression kind AST_ASSIGN
[IR_DBG] < generate_ir_for_node: Finished processing node kind AST_ASSIGN
[IR_DBG] > generate_ir_for_node: Processing node kind AST_ASSIGN at line 18
[IR_DBG]   Case AST_ASSIGN (as statement)
[IR_DBG] >> generate_ir_for_expr: Processing expression kind AST_ASSIGN at line 18
[IR_DBG]    Case AST_ASSIGN
[IR_DBG] >> generate_ir_for_expr: Processing expression kind AST_ID at line 18
[IR_DBG]    Case AST_ID
[IR_DBG] Creating new name operand: b
[IR_DBG] << generate_ir_for_expr: Finished processing expression kind AST_ID
[IR_DBG] Creating new name operand: a
[IR_DBG] Emitting instruction with opcode 0
[IR_DBG] << generate_ir_for_expr: Finished processing expression kind AST_ASSIGN
[IR_DBG] < generate_ir_for_node: Finished processing node kind AST_ASSIGN
[IR_DBG] > generate_ir_for_node: Processing node kind AST_ASSIGN at line 19
[IR_DBG]   Case AST_ASSIGN (as statement)
[IR_DBG] >> generate_ir_for_expr: Processing expression kind AST_ASSIGN at line 19
[IR_DBG]    Case AST_ASSIGN
[IR_DBG] >> generate_ir_for_expr: Processing expression kind AST_ID at line 19
[IR_DBG]    Case AST_ID
[IR_DBG] Creating new name operand: remainder
[IR_DBG] << generate_ir_for_expr: Finished processing expression kind AST_ID
[IR_DBG] Creating new name operand: b
[IR_DBG] Emitting instruction with opcode 0
[IR_DBG] << generate_ir_for_expr: Finished processing expression kind AST_ASSIGN
[IR_DBG] < generate_ir_for_node: Finished processing node kind AST_ASSIGN
[IR_DBG] < generate_ir_for_node: Finished processing node kind AST_BLOCK
[IR_DBG] Emitting instruction with opcode 16
[IR_DBG] Emitting instruction with opcode 15
[IR_DBG] < generate_ir_for_node: Finished processing node kind AST_WHILE
[IR_DBG] > generate_ir_for_node: Processing node kind AST_CALL at line 22
[IR_DBG]   Case AST_CALL (as statement)
[IR_DBG] >> generate_ir_for_expr: Processing expression kind AST_CALL at line 22
[IR_DBG]    Case AST_CALL for function 'output'
[IR_DBG] >> generate_ir_for_expr: Processing expression kind AST_ID at line 22
[IR_DBG]    Case AST_ID
[IR_DBG] Creating new name operand: a
[IR_DBG] << generate_ir_for_expr: Finished processing expression kind AST_ID
[IR_DBG] Emitting instruction with opcode 20
[IR_DBG] Creating new constant: 1
[IR_DBG] Creating new name operand: output
[IR_DBG] Emitting instruction with opcode 21
[IR_DBG] << generate_ir_for_expr: Finished processing expression kind AST_CALL
[IR_DBG] < generate_ir_for_node: Finished processing node kind AST_CALL
[IR_DBG] > generate_ir_for_node: Processing node kind AST_RETURN at line 23
[IR_DBG]   Case AST_RETURN
[IR_DBG] Emitting instruction with opcode 18
[IR_DBG] < generate_ir_for_node: Finished processing node kind AST_RETURN
[IR_DBG] < generate_ir_for_node: Finished processing node kind AST_BLOCK
[IR_DBG] Emitting instruction with opcode 18
[IR_DBG] < generate_ir_for_node: Finished processing node kind AST_FUN_DECL
[IR_DBG] < generate_ir_for_node: Finished processing node kind AST_PROGRAM
[IR_DBG] === Finished IR Generation ===

--- BEGIN IR DUMP (Terminal) ---
main:
  t0 := call input, 0
  a := t0
  t1 := call input, 0
  b := t1
  quotient := 0
  remainder := 0
L0:
  t2 := b != 0
  if_false t2 goto L1
  t3 := a / b
  quotient := t3
  t4 := quotient * b
  t5 := a - t4
  remainder := t5
  a := b
  b := remainder
  goto L0
L1:
  arg a
  call output, 1
  return _
--- END IR DUMP ---
IR dump has been saved to: docs/generated/intermediate/semantic/ir/generated_IR.txt
======= SYMBOL TABLE =======
Name            Scope      Kind   Decl Lines           Use Lines            Type  
--------------------------------------------------------------------------
remainder       main#block0 VAR    8	13,17,19	INT
quotient        main#block0 VAR    7	12,16,17	INT
b               main#block0 VAR    6	11,15,16,17,18,19	INT
a               main#block0 VAR    5	10,16,17,18,22	INT
main            global     FUNC   3		VOID
output          global     FUNC   0	22	VOID
input           global     FUNC   0	10,11	INT
======= END OF TABLE =======
Symbol table has been saved to: docs/generated/frontend/symbol_table/symbol_table.txt
