

=== INICIANDO GERAÇÃO DE ASSEMBLY ===

--- Passagem 1A: Coletando definições de funções ---
[Passagem 1A] Função encontrada: 'main'
[ALLOC_INIT] Inicializando alocador para a função 'main'
[ALLOC_INIT] Pool de registradores definido: ['r4', 'r5', 'r6', 'r7', 'r8', 'r9', 'r10', 'r11', 'r12', 'r13', 'r14', 'r15', 'r16', 'r17', 'r18', 'r19', 'r20', 'r21', 'r22', 'r23', 'r24', 'r25', 'r26']
[ALLOC_INIT] Registrador de spill reservado: r30
[ALLOC_INIT] Estado inicial: 23 registradores livres.
[FUNC_CTX] Contexto para a função 'main' criado.

--- Passagem 1B: Construindo a Tabela de Símbolos Globais ---
[Passagem 1B] Declaração de Vetor Global encontrada: 'workload' de tamanho 8
[SymbolTable] Adding symbol: <Symbol(name='workload', type=ARRAY(size=8, base_type=INT), scope='global', addr=64)>
--- Fim da Passagem 1: 1 símbolos globais encontrados. ---

--- Passagem 2: Traduzindo o IR para cada função ---

[Processando Função] -> 'main'
-> IR isolado para 'main' contém 53 instruções.
[DEBUG] Função 'main': all_vars=['round', 'i', 'j', 'k', 'index', 'total', 'workload'], defined_vars={'i', 'total', 'k', 'j', 'index', 'round'}, params=[]
--> Parâmetros para 'main': []
--> Variáveis Locais para 'main': ['round', 'i', 'j', 'k', 'index', 'total']
--> Criando o layout da pilha para 'main'...
    -> Mapeando 'round' para o offset [fp, #-1] (size=1)
    -> Mapeando 'i' para o offset [fp, #-2] (size=1)
    -> Mapeando 'j' para o offset [fp, #-3] (size=1)
    -> Mapeando 'k' para o offset [fp, #-4] (size=1)
    -> Mapeando 'index' para o offset [fp, #-5] (size=1)
    -> Mapeando 'total' para o offset [fp, #-6] (size=1)
--> Tamanho total do frame para 'main': 24 palavras.

--- [TRANSLATE] Processando IR: round := 0 ---
[TRANSLATE] -> Detalhes: Destino='round', Expressão='0'
[TRANSLATE] -> Caminho: Atribuição Simples
[ENSURE] Tentando garantir '0' em um registrador.
[GET_FREE] -> Encontrado registrador livre: r4. Restantes: 22.
[ENSURE] -> Alocando r4 para a constante '0'.
[ADD_INSTR] Adicionando instrução para 'main': movi: r4 = 0
[TRANSLATE_ASSIGN] -> Armazenando 'round' na sua posição da pilha.
[ADD_INSTR] Adicionando instrução para 'main': subi: r30 = r31, 1
[ADD_INSTR] Adicionando instrução para 'main': store: [r30] = r4
[UPDATE_MAP] Mapeando 'round' para o registrador r4 (que contém o valor de origem).
[ASSIGN_REG] Mapeando 'round' para r4.

--- [TRANSLATE] Processando IR: i := 0 ---
[TRANSLATE] -> Detalhes: Destino='i', Expressão='0'
[TRANSLATE] -> Caminho: Atribuição Simples
[ENSURE] Tentando garantir '0' em um registrador.
[GET_FREE] -> Encontrado registrador livre: r5. Restantes: 21.
[ENSURE] -> Alocando r5 para a constante '0'.
[ADD_INSTR] Adicionando instrução para 'main': movi: r5 = 0
[TRANSLATE_ASSIGN] -> Armazenando 'i' na sua posição da pilha.
[ADD_INSTR] Adicionando instrução para 'main': subi: r30 = r31, 2
[ADD_INSTR] Adicionando instrução para 'main': store: [r30] = r5
[UPDATE_MAP] Mapeando 'i' para o registrador r5 (que contém o valor de origem).
[ASSIGN_REG] Mapeando 'i' para r5.

--- [TRANSLATE] Processando IR: j := 0 ---
[TRANSLATE] -> Detalhes: Destino='j', Expressão='0'
[TRANSLATE] -> Caminho: Atribuição Simples
[ENSURE] Tentando garantir '0' em um registrador.
[GET_FREE] -> Encontrado registrador livre: r6. Restantes: 20.
[ENSURE] -> Alocando r6 para a constante '0'.
[ADD_INSTR] Adicionando instrução para 'main': movi: r6 = 0
[TRANSLATE_ASSIGN] -> Armazenando 'j' na sua posição da pilha.
[ADD_INSTR] Adicionando instrução para 'main': subi: r30 = r31, 3
[ADD_INSTR] Adicionando instrução para 'main': store: [r30] = r6
[UPDATE_MAP] Mapeando 'j' para o registrador r6 (que contém o valor de origem).
[ASSIGN_REG] Mapeando 'j' para r6.

--- [TRANSLATE] Processando IR: k := 0 ---
[TRANSLATE] -> Detalhes: Destino='k', Expressão='0'
[TRANSLATE] -> Caminho: Atribuição Simples
[ENSURE] Tentando garantir '0' em um registrador.
[GET_FREE] -> Encontrado registrador livre: r7. Restantes: 19.
[ENSURE] -> Alocando r7 para a constante '0'.
[ADD_INSTR] Adicionando instrução para 'main': movi: r7 = 0
[TRANSLATE_ASSIGN] -> Armazenando 'k' na sua posição da pilha.
[ADD_INSTR] Adicionando instrução para 'main': subi: r30 = r31, 4
[ADD_INSTR] Adicionando instrução para 'main': store: [r30] = r7
[UPDATE_MAP] Mapeando 'k' para o registrador r7 (que contém o valor de origem).
[ASSIGN_REG] Mapeando 'k' para r7.

--- [TRANSLATE] Processando IR: index := 0 ---
[TRANSLATE] -> Detalhes: Destino='index', Expressão='0'
[TRANSLATE] -> Caminho: Atribuição Simples
[ENSURE] Tentando garantir '0' em um registrador.
[GET_FREE] -> Encontrado registrador livre: r8. Restantes: 18.
[ENSURE] -> Alocando r8 para a constante '0'.
[ADD_INSTR] Adicionando instrução para 'main': movi: r8 = 0
[TRANSLATE_ASSIGN] -> Armazenando 'index' na sua posição da pilha.
[ADD_INSTR] Adicionando instrução para 'main': subi: r30 = r31, 5
[ADD_INSTR] Adicionando instrução para 'main': store: [r30] = r8
[UPDATE_MAP] Mapeando 'index' para o registrador r8 (que contém o valor de origem).
[ASSIGN_REG] Mapeando 'index' para r8.

--- [TRANSLATE] Processando IR: total := 0 ---
[TRANSLATE] -> Detalhes: Destino='total', Expressão='0'
[TRANSLATE] -> Caminho: Atribuição Simples
[ENSURE] Tentando garantir '0' em um registrador.
[GET_FREE] -> Encontrado registrador livre: r9. Restantes: 17.
[ENSURE] -> Alocando r9 para a constante '0'.
[ADD_INSTR] Adicionando instrução para 'main': movi: r9 = 0
[TRANSLATE_ASSIGN] -> Armazenando 'total' na sua posição da pilha.
[ADD_INSTR] Adicionando instrução para 'main': subi: r30 = r31, 6
[ADD_INSTR] Adicionando instrução para 'main': store: [r30] = r9
[UPDATE_MAP] Mapeando 'total' para o registrador r9 (que contém o valor de origem).
[ASSIGN_REG] Mapeando 'total' para r9.

--- [TRANSLATE] Processando IR: L0: ---
[TRANSLATE] -> Rótulo detectado: L0:
[SPILL_ALL] Verificando registradores sujos para salvar. Sujos: set()
[UNASSIGN_REG] Desmapeado r4 de 'round'.
[UNASSIGN_REG] -> Estado atual: 18 registradores livres. Mapeamentos: {'i': 'r5', 'j': 'r6', 'k': 'r7', 'index': 'r8', 'total': 'r9'}
[UNASSIGN_REG] Desmapeado r5 de 'i'.
[UNASSIGN_REG] -> Estado atual: 19 registradores livres. Mapeamentos: {'j': 'r6', 'k': 'r7', 'index': 'r8', 'total': 'r9'}
[UNASSIGN_REG] Desmapeado r6 de 'j'.
[UNASSIGN_REG] -> Estado atual: 20 registradores livres. Mapeamentos: {'k': 'r7', 'index': 'r8', 'total': 'r9'}
[UNASSIGN_REG] Desmapeado r7 de 'k'.
[UNASSIGN_REG] -> Estado atual: 21 registradores livres. Mapeamentos: {'index': 'r8', 'total': 'r9'}
[UNASSIGN_REG] Desmapeado r8 de 'index'.
[UNASSIGN_REG] -> Estado atual: 22 registradores livres. Mapeamentos: {'total': 'r9'}
[UNASSIGN_REG] Desmapeado r9 de 'total'.
[UNASSIGN_REG] -> Estado atual: 23 registradores livres. Mapeamentos: {}
[ADD_INSTR] Adicionando instrução para 'main': L0:

--- [TRANSLATE] Processando IR: t0 := round < 6 ---
[TRANSLATE] -> Detalhes: Destino='t0', Expressão='round < 6'
[TRANSLATE] -> Caminho: Comparação (condicional)
[ENSURE] Tentando garantir 'round' em um registrador.
[ENSURE] -> 'round' é uma variável da pilha. Carregando...
[GET_FREE] -> Encontrado registrador livre: r10. Restantes: 22.
[ADD_INSTR] Adicionando instrução para 'main': subi: r30 = r31, 1
[ADD_INSTR] Adicionando instrução para 'main': load: r10 = [r30]
[ASSIGN_REG] Mapeando 'round' para r10.
[ENSURE] Tentando garantir '6' em um registrador.
[GET_FREE] -> Encontrado registrador livre: r11. Restantes: 21.
[ENSURE] -> Alocando r11 para a constante '6'.
[ADD_INSTR] Adicionando instrução para 'main': movi: r11 = 6
[ADD_INSTR] Adicionando instrução para 'main': subs: r0 = r10, r11

--- [TRANSLATE] Processando IR: if_false t0 goto L1 ---
[TRANSLATE] -> Caminho: Desvio Condicional (if_false)
[ADD_INSTR] Adicionando instrução para 'main': bigteq: L1

--- [TRANSLATE] Processando IR: i := 0 ---
[TRANSLATE] -> Detalhes: Destino='i', Expressão='0'
[TRANSLATE] -> Caminho: Atribuição Simples
[ENSURE] Tentando garantir '0' em um registrador.
[GET_FREE] -> Encontrado registrador livre: r12. Restantes: 20.
[ENSURE] -> Alocando r12 para a constante '0'.
[ADD_INSTR] Adicionando instrução para 'main': movi: r12 = 0
[TRANSLATE_ASSIGN] -> Armazenando 'i' na sua posição da pilha.
[ADD_INSTR] Adicionando instrução para 'main': subi: r30 = r31, 2
[ADD_INSTR] Adicionando instrução para 'main': store: [r30] = r12
[UPDATE_MAP] Mapeando 'i' para o registrador r12 (que contém o valor de origem).
[ASSIGN_REG] Mapeando 'i' para r12.

--- [TRANSLATE] Processando IR: L2: ---
[TRANSLATE] -> Rótulo detectado: L2:
[SPILL_ALL] Verificando registradores sujos para salvar. Sujos: set()
[UNASSIGN_REG] Desmapeado r10 de 'round'.
[UNASSIGN_REG] -> Estado atual: 21 registradores livres. Mapeamentos: {'i': 'r12'}
[UNASSIGN_REG] Desmapeado r12 de 'i'.
[UNASSIGN_REG] -> Estado atual: 22 registradores livres. Mapeamentos: {}
[ADD_INSTR] Adicionando instrução para 'main': L2:

--- [TRANSLATE] Processando IR: t1 := i < 8 ---
[TRANSLATE] -> Detalhes: Destino='t1', Expressão='i < 8'
[TRANSLATE] -> Caminho: Comparação (condicional)
[ENSURE] Tentando garantir 'i' em um registrador.
[ENSURE] -> 'i' é uma variável da pilha. Carregando...
[GET_FREE] -> Encontrado registrador livre: r13. Restantes: 21.
[ADD_INSTR] Adicionando instrução para 'main': subi: r30 = r31, 2
[ADD_INSTR] Adicionando instrução para 'main': load: r13 = [r30]
[ASSIGN_REG] Mapeando 'i' para r13.
[ENSURE] Tentando garantir '8' em um registrador.
[GET_FREE] -> Encontrado registrador livre: r14. Restantes: 20.
[ENSURE] -> Alocando r14 para a constante '8'.
[ADD_INSTR] Adicionando instrução para 'main': movi: r14 = 8
[ADD_INSTR] Adicionando instrução para 'main': subs: r0 = r13, r14

--- [TRANSLATE] Processando IR: if_false t1 goto L3 ---
[TRANSLATE] -> Caminho: Desvio Condicional (if_false)
[ADD_INSTR] Adicionando instrução para 'main': bigteq: L3

--- [TRANSLATE] Processando IR: t2 := i + round ---
[TRANSLATE] -> Detalhes: Destino='t2', Expressão='i + round'
[TRANSLATE] -> Caminho: Operação Aritmética
[ENSURE] Tentando garantir 'i' em um registrador.
[ENSURE] -> Sucesso! 'i' já está em r13.
[ENSURE] Tentando garantir 'round' em um registrador.
[ENSURE] -> 'round' é uma variável da pilha. Carregando...
[GET_FREE] -> Encontrado registrador livre: r15. Restantes: 19.
[ADD_INSTR] Adicionando instrução para 'main': subi: r30 = r31, 1
[ADD_INSTR] Adicionando instrução para 'main': load: r15 = [r30]
[ASSIGN_REG] Mapeando 'round' para r15.
[GET_TEMP] Solicitando registrador para o temporário 't2'.
[GET_FREE] -> Encontrado registrador livre: r16. Restantes: 18.
[ASSIGN_REG] Mapeando 't2' para r16.
[GET_TEMP] -> 't2' alocado no registrador r16.
[ADD_INSTR] Adicionando instrução para 'main': add: r16 = r13, r15

--- [TRANSLATE] Processando IR: t3 := t2 + 1 ---
[TRANSLATE] -> Detalhes: Destino='t3', Expressão='t2 + 1'
[TRANSLATE] -> Caminho: Operação Aritmética
[ENSURE] Tentando garantir 't2' em um registrador.
[ENSURE] -> Sucesso! 't2' já está em r16.
[TRANSLATE] -> Operando 2 é um imediato: 1
[GET_TEMP] Solicitando registrador para o temporário 't3'.
[GET_FREE] -> Encontrado registrador livre: r17. Restantes: 17.
[ASSIGN_REG] Mapeando 't3' para r17.
[GET_TEMP] -> 't3' alocado no registrador r17.
[ADD_INSTR] Adicionando instrução para 'main': addi: r17 = r16, 1
[FREE_TEMP] Liberando registrador r16 que continha o temporário 't2'.
[UNASSIGN_REG] Desmapeado r16 de 't2'.
[UNASSIGN_REG] -> Estado atual: 18 registradores livres. Mapeamentos: {'i': 'r13', 'round': 'r15', 't3': 'r17'}

--- [TRANSLATE] Processando IR: t4 := &workload ---
[TRANSLATE] -> Detalhes: Destino='t4', Expressão='&workload'
[GET_TEMP] Solicitando registrador para o temporário 't4'.
[GET_FREE] -> Encontrado registrador livre: r18. Restantes: 17.
[ASSIGN_REG] Mapeando 't4' para r18.
[GET_TEMP] -> 't4' alocado no registrador r18.
[ADD_INSTR] Adicionando instrução para 'main': movi: r18 = 64

--- [TRANSLATE] Processando IR: t5 := t4 + i ---
[TRANSLATE] -> Detalhes: Destino='t5', Expressão='t4 + i'
[TRANSLATE] -> Caminho: Operação Aritmética
[ENSURE] Tentando garantir 't4' em um registrador.
[ENSURE] -> Sucesso! 't4' já está em r18.
[ENSURE] Tentando garantir 'i' em um registrador.
[ENSURE] -> Sucesso! 'i' já está em r13.
[GET_TEMP] Solicitando registrador para o temporário 't5'.
[GET_FREE] -> Encontrado registrador livre: r19. Restantes: 16.
[ASSIGN_REG] Mapeando 't5' para r19.
[GET_TEMP] -> 't5' alocado no registrador r19.
[ADD_INSTR] Adicionando instrução para 'main': add: r19 = r18, r13
[FREE_TEMP] Liberando registrador r18 que continha o temporário 't4'.
[UNASSIGN_REG] Desmapeado r18 de 't4'.
[UNASSIGN_REG] -> Estado atual: 17 registradores livres. Mapeamentos: {'i': 'r13', 'round': 'r15', 't3': 'r17', 't5': 'r19'}

--- [TRANSLATE] Processando IR: *t5 := t3 ---
[TRANSLATE] -> Detalhes: Destino='*t5', Expressão='t3'
[TRANSLATE] -> Caminho: Armazenar em Ponteiro (*)
[ENSURE] Tentando garantir 't3' em um registrador.
[ENSURE] -> Sucesso! 't3' já está em r17.
[TRANSLATE] -> Endereço de destino é uma variável temporária. Usando registrador temporário.
[ENSURE] Tentando garantir 't5' em um registrador.
[ENSURE] -> Sucesso! 't5' já está em r19.
[ADD_INSTR] Adicionando instrução para 'main': store: [r19] = r17
[UNASSIGN_REG] Desmapeado r17 de 't3'.
[UNASSIGN_REG] -> Estado atual: 18 registradores livres. Mapeamentos: {'i': 'r13', 'round': 'r15', 't5': 'r19'}
[UNASSIGN_REG] Desmapeado r19 de 't5'.
[UNASSIGN_REG] -> Estado atual: 19 registradores livres. Mapeamentos: {'i': 'r13', 'round': 'r15'}

--- [TRANSLATE] Processando IR: t6 := i + 1 ---
[TRANSLATE] -> Detalhes: Destino='t6', Expressão='i + 1'
[TRANSLATE] -> Caminho: Operação Aritmética
[ENSURE] Tentando garantir 'i' em um registrador.
[ENSURE] -> Sucesso! 'i' já está em r13.
[TRANSLATE] -> Operando 2 é um imediato: 1
[GET_TEMP] Solicitando registrador para o temporário 't6'.
[GET_FREE] -> Encontrado registrador livre: r20. Restantes: 18.
[ASSIGN_REG] Mapeando 't6' para r20.
[GET_TEMP] -> 't6' alocado no registrador r20.
[ADD_INSTR] Adicionando instrução para 'main': addi: r20 = r13, 1

--- [TRANSLATE] Processando IR: i := t6 ---
[TRANSLATE] -> Detalhes: Destino='i', Expressão='t6'
[TRANSLATE] -> Caminho: Atribuição Simples
[ENSURE] Tentando garantir 't6' em um registrador.
[ENSURE] -> Sucesso! 't6' já está em r20.
[TRANSLATE_ASSIGN] -> Armazenando 'i' na sua posição da pilha.
[ADD_INSTR] Adicionando instrução para 'main': subi: r30 = r31, 2
[ADD_INSTR] Adicionando instrução para 'main': store: [r30] = r20
[UPDATE_MAP] Mapeando 'i' para o registrador r20 (que contém o valor de origem).
[ASSIGN_REG] Mapeando 'i' para r20.
[ASSIGN_REG] -> Variável 'i' já estava em r13. Liberando o mapeamento antigo.
[UNASSIGN_REG] Desmapeado r13 de 'i'.
[UNASSIGN_REG] -> Estado atual: 19 registradores livres. Mapeamentos: {'round': 'r15', 't6': 'r20'}
[ASSIGN_REG] -> Registrador r20 já continha 't6'. Liberando o mapeamento antigo.
[UNASSIGN_REG] Desmapeado r20 de 't6'.
[UNASSIGN_REG] -> Estado atual: 20 registradores livres. Mapeamentos: {'round': 'r15'}

--- [TRANSLATE] Processando IR: goto L2 ---
[TRANSLATE] -> Desvio incondicional detectado: L2
[SPILL_ALL] Verificando registradores sujos para salvar. Sujos: {'r16', 'r19', 'r17', 'r20', 'r18'}
[SPILL_ALL] -> Salvando variável local 'i' do registrador r20 na pilha [fp, #-2].
[ADD_INSTR] Adicionando instrução para 'main': subi: r30 = r31, 2
[ADD_INSTR] Adicionando instrução para 'main': store: [r30] = r20
[ADD_INSTR] Adicionando instrução para 'main': bi: L2
[UNASSIGN_REG] Desmapeado r15 de 'round'.
[UNASSIGN_REG] -> Estado atual: 21 registradores livres. Mapeamentos: {'i': 'r20'}
[UNASSIGN_REG] Desmapeado r20 de 'i'.
[UNASSIGN_REG] -> Estado atual: 21 registradores livres. Mapeamentos: {}

--- [TRANSLATE] Processando IR: L3: ---
[TRANSLATE] -> Rótulo detectado: L3:
[SPILL_ALL] Verificando registradores sujos para salvar. Sujos: set()
[ADD_INSTR] Adicionando instrução para 'main': L3:

--- [TRANSLATE] Processando IR: j := 0 ---
[TRANSLATE] -> Detalhes: Destino='j', Expressão='0'
[TRANSLATE] -> Caminho: Atribuição Simples
[ENSURE] Tentando garantir '0' em um registrador.
[GET_FREE] -> Encontrado registrador livre: r21. Restantes: 20.
[ENSURE] -> Alocando r21 para a constante '0'.
[ADD_INSTR] Adicionando instrução para 'main': movi: r21 = 0
[TRANSLATE_ASSIGN] -> Armazenando 'j' na sua posição da pilha.
[ADD_INSTR] Adicionando instrução para 'main': subi: r30 = r31, 3
[ADD_INSTR] Adicionando instrução para 'main': store: [r30] = r21
[UPDATE_MAP] Mapeando 'j' para o registrador r21 (que contém o valor de origem).
[ASSIGN_REG] Mapeando 'j' para r21.

--- [TRANSLATE] Processando IR: L4: ---
[TRANSLATE] -> Rótulo detectado: L4:
[SPILL_ALL] Verificando registradores sujos para salvar. Sujos: set()
[UNASSIGN_REG] Desmapeado r21 de 'j'.
[UNASSIGN_REG] -> Estado atual: 21 registradores livres. Mapeamentos: {}
[ADD_INSTR] Adicionando instrução para 'main': L4:

--- [TRANSLATE] Processando IR: t7 := j < 8 ---
[TRANSLATE] -> Detalhes: Destino='t7', Expressão='j < 8'
[TRANSLATE] -> Caminho: Comparação (condicional)
[ENSURE] Tentando garantir 'j' em um registrador.
[ENSURE] -> 'j' é uma variável da pilha. Carregando...
[GET_FREE] -> Encontrado registrador livre: r22. Restantes: 20.
[ADD_INSTR] Adicionando instrução para 'main': subi: r30 = r31, 3
[ADD_INSTR] Adicionando instrução para 'main': load: r22 = [r30]
[ASSIGN_REG] Mapeando 'j' para r22.
[ENSURE] Tentando garantir '8' em um registrador.
[GET_FREE] -> Encontrado registrador livre: r23. Restantes: 19.
[ENSURE] -> Alocando r23 para a constante '8'.
[ADD_INSTR] Adicionando instrução para 'main': movi: r23 = 8
[ADD_INSTR] Adicionando instrução para 'main': subs: r0 = r22, r23

--- [TRANSLATE] Processando IR: if_false t7 goto L5 ---
[TRANSLATE] -> Caminho: Desvio Condicional (if_false)
[ADD_INSTR] Adicionando instrução para 'main': bigteq: L5

--- [TRANSLATE] Processando IR: k := 0 ---
[TRANSLATE] -> Detalhes: Destino='k', Expressão='0'
[TRANSLATE] -> Caminho: Atribuição Simples
[ENSURE] Tentando garantir '0' em um registrador.
[GET_FREE] -> Encontrado registrador livre: r24. Restantes: 18.
[ENSURE] -> Alocando r24 para a constante '0'.
[ADD_INSTR] Adicionando instrução para 'main': movi: r24 = 0
[TRANSLATE_ASSIGN] -> Armazenando 'k' na sua posição da pilha.
[ADD_INSTR] Adicionando instrução para 'main': subi: r30 = r31, 4
[ADD_INSTR] Adicionando instrução para 'main': store: [r30] = r24
[UPDATE_MAP] Mapeando 'k' para o registrador r24 (que contém o valor de origem).
[ASSIGN_REG] Mapeando 'k' para r24.

--- [TRANSLATE] Processando IR: L6: ---
[TRANSLATE] -> Rótulo detectado: L6:
[SPILL_ALL] Verificando registradores sujos para salvar. Sujos: set()
[UNASSIGN_REG] Desmapeado r22 de 'j'.
[UNASSIGN_REG] -> Estado atual: 19 registradores livres. Mapeamentos: {'k': 'r24'}
[UNASSIGN_REG] Desmapeado r24 de 'k'.
[UNASSIGN_REG] -> Estado atual: 20 registradores livres. Mapeamentos: {}
[ADD_INSTR] Adicionando instrução para 'main': L6:

--- [TRANSLATE] Processando IR: t8 := k < 8 ---
[TRANSLATE] -> Detalhes: Destino='t8', Expressão='k < 8'
[TRANSLATE] -> Caminho: Comparação (condicional)
[ENSURE] Tentando garantir 'k' em um registrador.
[ENSURE] -> 'k' é uma variável da pilha. Carregando...
[GET_FREE] -> Encontrado registrador livre: r25. Restantes: 19.
[ADD_INSTR] Adicionando instrução para 'main': subi: r30 = r31, 4
[ADD_INSTR] Adicionando instrução para 'main': load: r25 = [r30]
[ASSIGN_REG] Mapeando 'k' para r25.
[ENSURE] Tentando garantir '8' em um registrador.
[GET_FREE] -> Encontrado registrador livre: r26. Restantes: 18.
[ENSURE] -> Alocando r26 para a constante '8'.
[ADD_INSTR] Adicionando instrução para 'main': movi: r26 = 8
[ADD_INSTR] Adicionando instrução para 'main': subs: r0 = r25, r26

--- [TRANSLATE] Processando IR: if_false t8 goto L7 ---
[TRANSLATE] -> Caminho: Desvio Condicional (if_false)
[ADD_INSTR] Adicionando instrução para 'main': bigteq: L7

--- [TRANSLATE] Processando IR: index := k ---
[TRANSLATE] -> Detalhes: Destino='index', Expressão='k'
[TRANSLATE] -> Caminho: Atribuição Simples
[ENSURE] Tentando garantir 'k' em um registrador.
[ENSURE] -> Sucesso! 'k' já está em r25.
[TRANSLATE_ASSIGN] -> Armazenando 'index' na sua posição da pilha.
[ADD_INSTR] Adicionando instrução para 'main': subi: r30 = r31, 5
[ADD_INSTR] Adicionando instrução para 'main': store: [r30] = r25
[UPDATE_MAP] Mapeando 'index' para o registrador r25 (que contém o valor de origem).
[ASSIGN_REG] Mapeando 'index' para r25.
[ASSIGN_REG] -> Registrador r25 já continha 'k'. Liberando o mapeamento antigo.
[UNASSIGN_REG] Desmapeado r25 de 'k'.
[UNASSIGN_REG] -> Estado atual: 19 registradores livres. Mapeamentos: {}

--- [TRANSLATE] Processando IR: t9 := &workload ---
[TRANSLATE] -> Detalhes: Destino='t9', Expressão='&workload'
[GET_TEMP] Solicitando registrador para o temporário 't9'.
[GET_FREE] -> Encontrado registrador livre: r4. Restantes: 18.
[ASSIGN_REG] Mapeando 't9' para r4.
[GET_TEMP] -> 't9' alocado no registrador r4.
[ADD_INSTR] Adicionando instrução para 'main': movi: r4 = 64

--- [TRANSLATE] Processando IR: t10 := t9 + index ---
[TRANSLATE] -> Detalhes: Destino='t10', Expressão='t9 + index'
[TRANSLATE] -> Caminho: Operação Aritmética
[ENSURE] Tentando garantir 't9' em um registrador.
[ENSURE] -> Sucesso! 't9' já está em r4.
[ENSURE] Tentando garantir 'index' em um registrador.
[ENSURE] -> Sucesso! 'index' já está em r25.
[GET_TEMP] Solicitando registrador para o temporário 't10'.
[GET_FREE] -> Encontrado registrador livre: r5. Restantes: 17.
[ASSIGN_REG] Mapeando 't10' para r5.
[GET_TEMP] -> 't10' alocado no registrador r5.
[ADD_INSTR] Adicionando instrução para 'main': add: r5 = r4, r25
[FREE_TEMP] Liberando registrador r4 que continha o temporário 't9'.
[UNASSIGN_REG] Desmapeado r4 de 't9'.
[UNASSIGN_REG] -> Estado atual: 18 registradores livres. Mapeamentos: {'index': 'r25', 't10': 'r5'}

--- [TRANSLATE] Processando IR: t11 := *t10 ---
[TRANSLATE] -> Detalhes: Destino='t11', Expressão='*t10'
[TRANSLATE] -> Caminho: Carregar de Ponteiro (*)
[TRANSLATE] -> Ponteiro é uma temporária ('t10'). Usando seu valor como endereço.
[ENSURE] Tentando garantir 't10' em um registrador.
[ENSURE] -> Sucesso! 't10' já está em r5.
[GET_TEMP] Solicitando registrador para o temporário 't11'.
[GET_FREE] -> Encontrado registrador livre: r6. Restantes: 17.
[ASSIGN_REG] Mapeando 't11' para r6.
[GET_TEMP] -> 't11' alocado no registrador r6.
[ADD_INSTR] Adicionando instrução para 'main': load: r6 = [r5]
[FREE_TEMP] Liberando registrador r5 que continha o temporário 't10'.
[UNASSIGN_REG] Desmapeado r5 de 't10'.
[UNASSIGN_REG] -> Estado atual: 18 registradores livres. Mapeamentos: {'index': 'r25', 't11': 'r6'}

--- [TRANSLATE] Processando IR: t12 := total + t11 ---
[TRANSLATE] -> Detalhes: Destino='t12', Expressão='total + t11'
[TRANSLATE] -> Caminho: Operação Aritmética
[ENSURE] Tentando garantir 'total' em um registrador.
[ENSURE] -> 'total' é uma variável da pilha. Carregando...
[GET_FREE] -> Encontrado registrador livre: r7. Restantes: 17.
[ADD_INSTR] Adicionando instrução para 'main': subi: r30 = r31, 6
[ADD_INSTR] Adicionando instrução para 'main': load: r7 = [r30]
[ASSIGN_REG] Mapeando 'total' para r7.
[ENSURE] Tentando garantir 't11' em um registrador.
[ENSURE] -> Sucesso! 't11' já está em r6.
[GET_TEMP] Solicitando registrador para o temporário 't12'.
[GET_FREE] -> Encontrado registrador livre: r8. Restantes: 16.
[ASSIGN_REG] Mapeando 't12' para r8.
[GET_TEMP] -> 't12' alocado no registrador r8.
[ADD_INSTR] Adicionando instrução para 'main': add: r8 = r7, r6
[FREE_TEMP] Liberando registrador r6 que continha o temporário 't11'.
[UNASSIGN_REG] Desmapeado r6 de 't11'.
[UNASSIGN_REG] -> Estado atual: 17 registradores livres. Mapeamentos: {'index': 'r25', 'total': 'r7', 't12': 'r8'}

--- [TRANSLATE] Processando IR: t13 := t12 + j ---
[TRANSLATE] -> Detalhes: Destino='t13', Expressão='t12 + j'
[TRANSLATE] -> Caminho: Operação Aritmética
[ENSURE] Tentando garantir 't12' em um registrador.
[ENSURE] -> Sucesso! 't12' já está em r8.
[ENSURE] Tentando garantir 'j' em um registrador.
[ENSURE] -> 'j' é uma variável da pilha. Carregando...
[GET_FREE] -> Encontrado registrador livre: r9. Restantes: 16.
[ADD_INSTR] Adicionando instrução para 'main': subi: r30 = r31, 3
[ADD_INSTR] Adicionando instrução para 'main': load: r9 = [r30]
[ASSIGN_REG] Mapeando 'j' para r9.
[GET_TEMP] Solicitando registrador para o temporário 't13'.
[GET_FREE] -> Encontrado registrador livre: r10. Restantes: 15.
[ASSIGN_REG] Mapeando 't13' para r10.
[GET_TEMP] -> 't13' alocado no registrador r10.
[ADD_INSTR] Adicionando instrução para 'main': add: r10 = r8, r9
[FREE_TEMP] Liberando registrador r8 que continha o temporário 't12'.
[UNASSIGN_REG] Desmapeado r8 de 't12'.
[UNASSIGN_REG] -> Estado atual: 16 registradores livres. Mapeamentos: {'index': 'r25', 'total': 'r7', 'j': 'r9', 't13': 'r10'}

--- [TRANSLATE] Processando IR: t14 := t13 + round ---
[TRANSLATE] -> Detalhes: Destino='t14', Expressão='t13 + round'
[TRANSLATE] -> Caminho: Operação Aritmética
[ENSURE] Tentando garantir 't13' em um registrador.
[ENSURE] -> Sucesso! 't13' já está em r10.
[ENSURE] Tentando garantir 'round' em um registrador.
[ENSURE] -> 'round' é uma variável da pilha. Carregando...
[GET_FREE] -> Encontrado registrador livre: r12. Restantes: 15.
[ADD_INSTR] Adicionando instrução para 'main': subi: r30 = r31, 1
[ADD_INSTR] Adicionando instrução para 'main': load: r12 = [r30]
[ASSIGN_REG] Mapeando 'round' para r12.
[GET_TEMP] Solicitando registrador para o temporário 't14'.
[GET_FREE] -> Encontrado registrador livre: r16. Restantes: 14.
[ASSIGN_REG] Mapeando 't14' para r16.
[GET_TEMP] -> 't14' alocado no registrador r16.
[ADD_INSTR] Adicionando instrução para 'main': add: r16 = r10, r12
[FREE_TEMP] Liberando registrador r10 que continha o temporário 't13'.
[UNASSIGN_REG] Desmapeado r10 de 't13'.
[UNASSIGN_REG] -> Estado atual: 15 registradores livres. Mapeamentos: {'index': 'r25', 'total': 'r7', 'j': 'r9', 'round': 'r12', 't14': 'r16'}

--- [TRANSLATE] Processando IR: total := t14 ---
[TRANSLATE] -> Detalhes: Destino='total', Expressão='t14'
[TRANSLATE] -> Caminho: Atribuição Simples
[ENSURE] Tentando garantir 't14' em um registrador.
[ENSURE] -> Sucesso! 't14' já está em r16.
[TRANSLATE_ASSIGN] -> Armazenando 'total' na sua posição da pilha.
[ADD_INSTR] Adicionando instrução para 'main': subi: r30 = r31, 6
[ADD_INSTR] Adicionando instrução para 'main': store: [r30] = r16
[UPDATE_MAP] Mapeando 'total' para o registrador r16 (que contém o valor de origem).
[ASSIGN_REG] Mapeando 'total' para r16.
[ASSIGN_REG] -> Variável 'total' já estava em r7. Liberando o mapeamento antigo.
[UNASSIGN_REG] Desmapeado r7 de 'total'.
[UNASSIGN_REG] -> Estado atual: 16 registradores livres. Mapeamentos: {'index': 'r25', 'j': 'r9', 'round': 'r12', 't14': 'r16'}
[ASSIGN_REG] -> Registrador r16 já continha 't14'. Liberando o mapeamento antigo.
[UNASSIGN_REG] Desmapeado r16 de 't14'.
[UNASSIGN_REG] -> Estado atual: 17 registradores livres. Mapeamentos: {'index': 'r25', 'j': 'r9', 'round': 'r12'}

--- [TRANSLATE] Processando IR: t15 := k + 1 ---
[TRANSLATE] -> Detalhes: Destino='t15', Expressão='k + 1'
[TRANSLATE] -> Caminho: Operação Aritmética
[ENSURE] Tentando garantir 'k' em um registrador.
[ENSURE] -> 'k' é uma variável da pilha. Carregando...
[GET_FREE] -> Encontrado registrador livre: r18. Restantes: 16.
[ADD_INSTR] Adicionando instrução para 'main': subi: r30 = r31, 4
[ADD_INSTR] Adicionando instrução para 'main': load: r18 = [r30]
[ASSIGN_REG] Mapeando 'k' para r18.
[TRANSLATE] -> Operando 2 é um imediato: 1
[GET_TEMP] Solicitando registrador para o temporário 't15'.
[GET_FREE] -> Encontrado registrador livre: r17. Restantes: 15.
[ASSIGN_REG] Mapeando 't15' para r17.
[GET_TEMP] -> 't15' alocado no registrador r17.
[ADD_INSTR] Adicionando instrução para 'main': addi: r17 = r18, 1

--- [TRANSLATE] Processando IR: k := t15 ---
[TRANSLATE] -> Detalhes: Destino='k', Expressão='t15'
[TRANSLATE] -> Caminho: Atribuição Simples
[ENSURE] Tentando garantir 't15' em um registrador.
[ENSURE] -> Sucesso! 't15' já está em r17.
[TRANSLATE_ASSIGN] -> Armazenando 'k' na sua posição da pilha.
[ADD_INSTR] Adicionando instrução para 'main': subi: r30 = r31, 4
[ADD_INSTR] Adicionando instrução para 'main': store: [r30] = r17
[UPDATE_MAP] Mapeando 'k' para o registrador r17 (que contém o valor de origem).
[ASSIGN_REG] Mapeando 'k' para r17.
[ASSIGN_REG] -> Variável 'k' já estava em r18. Liberando o mapeamento antigo.
[UNASSIGN_REG] Desmapeado r18 de 'k'.
[UNASSIGN_REG] -> Estado atual: 16 registradores livres. Mapeamentos: {'index': 'r25', 'j': 'r9', 'round': 'r12', 'total': 'r16', 't15': 'r17'}
[ASSIGN_REG] -> Registrador r17 já continha 't15'. Liberando o mapeamento antigo.
[UNASSIGN_REG] Desmapeado r17 de 't15'.
[UNASSIGN_REG] -> Estado atual: 17 registradores livres. Mapeamentos: {'index': 'r25', 'j': 'r9', 'round': 'r12', 'total': 'r16'}

--- [TRANSLATE] Processando IR: goto L6 ---
[TRANSLATE] -> Desvio incondicional detectado: L6
[SPILL_ALL] Verificando registradores sujos para salvar. Sujos: {'r4', 'r16', 'r8', 'r10', 'r17', 'r6', 'r5'}
[SPILL_ALL] -> Salvando variável local 'total' do registrador r16 na pilha [fp, #-6].
[ADD_INSTR] Adicionando instrução para 'main': subi: r30 = r31, 6
[ADD_INSTR] Adicionando instrução para 'main': store: [r30] = r16
[SPILL_ALL] -> Salvando variável local 'k' do registrador r17 na pilha [fp, #-4].
[ADD_INSTR] Adicionando instrução para 'main': subi: r30 = r31, 4
[ADD_INSTR] Adicionando instrução para 'main': store: [r30] = r17
[ADD_INSTR] Adicionando instrução para 'main': bi: L6
[UNASSIGN_REG] Desmapeado r25 de 'index'.
[UNASSIGN_REG] -> Estado atual: 17 registradores livres. Mapeamentos: {'j': 'r9', 'round': 'r12', 'total': 'r16', 'k': 'r17'}
[UNASSIGN_REG] Desmapeado r9 de 'j'.
[UNASSIGN_REG] -> Estado atual: 18 registradores livres. Mapeamentos: {'round': 'r12', 'total': 'r16', 'k': 'r17'}
[UNASSIGN_REG] Desmapeado r12 de 'round'.
[UNASSIGN_REG] -> Estado atual: 19 registradores livres. Mapeamentos: {'total': 'r16', 'k': 'r17'}
[UNASSIGN_REG] Desmapeado r16 de 'total'.
[UNASSIGN_REG] -> Estado atual: 19 registradores livres. Mapeamentos: {'k': 'r17'}
[UNASSIGN_REG] Desmapeado r17 de 'k'.
[UNASSIGN_REG] -> Estado atual: 19 registradores livres. Mapeamentos: {}

--- [TRANSLATE] Processando IR: L7: ---
[TRANSLATE] -> Rótulo detectado: L7:
[SPILL_ALL] Verificando registradores sujos para salvar. Sujos: set()
[ADD_INSTR] Adicionando instrução para 'main': L7:

--- [TRANSLATE] Processando IR: t16 := j + 1 ---
[TRANSLATE] -> Detalhes: Destino='t16', Expressão='j + 1'
[TRANSLATE] -> Caminho: Operação Aritmética
[ENSURE] Tentando garantir 'j' em um registrador.
[ENSURE] -> 'j' é uma variável da pilha. Carregando...
[GET_FREE] -> Encontrado registrador livre: r19. Restantes: 18.
[ADD_INSTR] Adicionando instrução para 'main': subi: r30 = r31, 3
[ADD_INSTR] Adicionando instrução para 'main': load: r19 = [r30]
[ASSIGN_REG] Mapeando 'j' para r19.
[TRANSLATE] -> Operando 2 é um imediato: 1
[GET_TEMP] Solicitando registrador para o temporário 't16'.
[GET_FREE] -> Encontrado registrador livre: r13. Restantes: 17.
[ASSIGN_REG] Mapeando 't16' para r13.
[GET_TEMP] -> 't16' alocado no registrador r13.
[ADD_INSTR] Adicionando instrução para 'main': addi: r13 = r19, 1

--- [TRANSLATE] Processando IR: j := t16 ---
[TRANSLATE] -> Detalhes: Destino='j', Expressão='t16'
[TRANSLATE] -> Caminho: Atribuição Simples
[ENSURE] Tentando garantir 't16' em um registrador.
[ENSURE] -> Sucesso! 't16' já está em r13.
[TRANSLATE_ASSIGN] -> Armazenando 'j' na sua posição da pilha.
[ADD_INSTR] Adicionando instrução para 'main': subi: r30 = r31, 3
[ADD_INSTR] Adicionando instrução para 'main': store: [r30] = r13
[UPDATE_MAP] Mapeando 'j' para o registrador r13 (que contém o valor de origem).
[ASSIGN_REG] Mapeando 'j' para r13.
[ASSIGN_REG] -> Variável 'j' já estava em r19. Liberando o mapeamento antigo.
[UNASSIGN_REG] Desmapeado r19 de 'j'.
[UNASSIGN_REG] -> Estado atual: 18 registradores livres. Mapeamentos: {'t16': 'r13'}
[ASSIGN_REG] -> Registrador r13 já continha 't16'. Liberando o mapeamento antigo.
[UNASSIGN_REG] Desmapeado r13 de 't16'.
[UNASSIGN_REG] -> Estado atual: 19 registradores livres. Mapeamentos: {}

--- [TRANSLATE] Processando IR: goto L4 ---
[TRANSLATE] -> Desvio incondicional detectado: L4
[SPILL_ALL] Verificando registradores sujos para salvar. Sujos: {'r13'}
[SPILL_ALL] -> Salvando variável local 'j' do registrador r13 na pilha [fp, #-3].
[ADD_INSTR] Adicionando instrução para 'main': subi: r30 = r31, 3
[ADD_INSTR] Adicionando instrução para 'main': store: [r30] = r13
[ADD_INSTR] Adicionando instrução para 'main': bi: L4
[UNASSIGN_REG] Desmapeado r13 de 'j'.
[UNASSIGN_REG] -> Estado atual: 19 registradores livres. Mapeamentos: {}

--- [TRANSLATE] Processando IR: L5: ---
[TRANSLATE] -> Rótulo detectado: L5:
[SPILL_ALL] Verificando registradores sujos para salvar. Sujos: set()
[ADD_INSTR] Adicionando instrução para 'main': L5:

--- [TRANSLATE] Processando IR: t17 := round + 1 ---
[TRANSLATE] -> Detalhes: Destino='t17', Expressão='round + 1'
[TRANSLATE] -> Caminho: Operação Aritmética
[ENSURE] Tentando garantir 'round' em um registrador.
[ENSURE] -> 'round' é uma variável da pilha. Carregando...
[GET_FREE] -> Encontrado registrador livre: r20. Restantes: 18.
[ADD_INSTR] Adicionando instrução para 'main': subi: r30 = r31, 1
[ADD_INSTR] Adicionando instrução para 'main': load: r20 = [r30]
[ASSIGN_REG] Mapeando 'round' para r20.
[TRANSLATE] -> Operando 2 é um imediato: 1
[GET_TEMP] Solicitando registrador para o temporário 't17'.
[GET_FREE] -> Encontrado registrador livre: r15. Restantes: 17.
[ASSIGN_REG] Mapeando 't17' para r15.
[GET_TEMP] -> 't17' alocado no registrador r15.
[ADD_INSTR] Adicionando instrução para 'main': addi: r15 = r20, 1

--- [TRANSLATE] Processando IR: round := t17 ---
[TRANSLATE] -> Detalhes: Destino='round', Expressão='t17'
[TRANSLATE] -> Caminho: Atribuição Simples
[ENSURE] Tentando garantir 't17' em um registrador.
[ENSURE] -> Sucesso! 't17' já está em r15.
[TRANSLATE_ASSIGN] -> Armazenando 'round' na sua posição da pilha.
[ADD_INSTR] Adicionando instrução para 'main': subi: r30 = r31, 1
[ADD_INSTR] Adicionando instrução para 'main': store: [r30] = r15
[UPDATE_MAP] Mapeando 'round' para o registrador r15 (que contém o valor de origem).
[ASSIGN_REG] Mapeando 'round' para r15.
[ASSIGN_REG] -> Variável 'round' já estava em r20. Liberando o mapeamento antigo.
[UNASSIGN_REG] Desmapeado r20 de 'round'.
[UNASSIGN_REG] -> Estado atual: 18 registradores livres. Mapeamentos: {'t17': 'r15'}
[ASSIGN_REG] -> Registrador r15 já continha 't17'. Liberando o mapeamento antigo.
[UNASSIGN_REG] Desmapeado r15 de 't17'.
[UNASSIGN_REG] -> Estado atual: 19 registradores livres. Mapeamentos: {}

--- [TRANSLATE] Processando IR: goto L0 ---
[TRANSLATE] -> Desvio incondicional detectado: L0
[SPILL_ALL] Verificando registradores sujos para salvar. Sujos: {'r15'}
[SPILL_ALL] -> Salvando variável local 'round' do registrador r15 na pilha [fp, #-1].
[ADD_INSTR] Adicionando instrução para 'main': subi: r30 = r31, 1
[ADD_INSTR] Adicionando instrução para 'main': store: [r30] = r15
[ADD_INSTR] Adicionando instrução para 'main': bi: L0
[UNASSIGN_REG] Desmapeado r15 de 'round'.
[UNASSIGN_REG] -> Estado atual: 19 registradores livres. Mapeamentos: {}

--- [TRANSLATE] Processando IR: L1: ---
[TRANSLATE] -> Rótulo detectado: L1:
[SPILL_ALL] Verificando registradores sujos para salvar. Sujos: set()
[ADD_INSTR] Adicionando instrução para 'main': L1:

--- [TRANSLATE] Processando IR: arg total ---
[TRANSLATE] -> Caminho: Enfileirando argumento 1

--- [TRANSLATE] Processando IR: call output, 1 ---
[TRANSLATE] -> Caminho: Chamada de Procedimento
[SPILL_CALL] Preparando spill completo antes de chamada.
[SPILL_ALL] Verificando registradores sujos para salvar. Sujos: set()
[ENSURE] Tentando garantir 'total' em um registrador.
[ENSURE] -> 'total' é uma variável da pilha. Carregando...
[GET_FREE] -> Encontrado registrador livre: r21. Restantes: 18.
[ADD_INSTR] Adicionando instrução para 'main': subi: r30 = r31, 6
[ADD_INSTR] Adicionando instrução para 'main': load: r21 = [r30]
[ASSIGN_REG] Mapeando 'total' para r21.
[ADD_INSTR] Adicionando instrução para 'main': mov: r1 = r21
[ADD_INSTR] Adicionando instrução para 'main': out: r1
[UNASSIGN_REG] Desmapeado r21 de 'total'.
[UNASSIGN_REG] -> Estado atual: 19 registradores livres. Mapeamentos: {}

--- [TRANSLATE] Processando IR: return _ ---
[TRANSLATE] -> Caminho: Retorno de Função
[SPILL_ALL] Verificando registradores sujos para salvar. Sujos: set()
[TRANSLATE] -> Pular para a seção de epílogo.
[ADD_INSTR] Adicionando instrução para 'main': bi: main_epilogue
-> Finalizando a função 'main', fazendo spill de todos os registradores sujos.
[SPILL_ALL] Verificando registradores sujos para salvar. Sujos: set()
--- Fim da Passagem 2 ---

--- Montagem Final: Construindo o arquivo assembly completo ---
[Montagem] Processando função 'main' com 115 instruções.
[Montagem] Adicionando a seção .data.
[Montagem] -> Variáveis a serem declaradas: ['workload']
=== GERAÇÃO DE ASSEMBLY CONCLUÍDA ===
--- ASSEMBLY CODE READY FOR YOUR ASSEMBLER ---
.text
.global main

	bi: main
main:
	movi: r29 = 63
	mov: r31 = r29
	subi: r29 = r29, 24
	movi: r4 = 0
	subi: r30 = r31, 1
	store: [r30] = r4
	movi: r5 = 0
	subi: r30 = r31, 2
	store: [r30] = r5
	movi: r6 = 0
	subi: r30 = r31, 3
	store: [r30] = r6
	movi: r7 = 0
	subi: r30 = r31, 4
	store: [r30] = r7
	movi: r8 = 0
	subi: r30 = r31, 5
	store: [r30] = r8
	movi: r9 = 0
	subi: r30 = r31, 6
	store: [r30] = r9
L0:
	subi: r30 = r31, 1
	load: r10 = [r30]
	movi: r11 = 6
	subs: r0 = r10, r11
	bigteq: L1
	movi: r12 = 0
	subi: r30 = r31, 2
	store: [r30] = r12
L2:
	subi: r30 = r31, 2
	load: r13 = [r30]
	movi: r14 = 8
	subs: r0 = r13, r14
	bigteq: L3
	subi: r30 = r31, 1
	load: r15 = [r30]
	add: r16 = r13, r15
	addi: r17 = r16, 1
	movi: r18 = 64
	add: r19 = r18, r13
	store: [r19] = r17
	addi: r20 = r13, 1
	subi: r30 = r31, 2
	store: [r30] = r20
	subi: r30 = r31, 2
	store: [r30] = r20
	bi: L2
L3:
	movi: r21 = 0
	subi: r30 = r31, 3
	store: [r30] = r21
L4:
	subi: r30 = r31, 3
	load: r22 = [r30]
	movi: r23 = 8
	subs: r0 = r22, r23
	bigteq: L5
	movi: r24 = 0
	subi: r30 = r31, 4
	store: [r30] = r24
L6:
	subi: r30 = r31, 4
	load: r25 = [r30]
	movi: r26 = 8
	subs: r0 = r25, r26
	bigteq: L7
	subi: r30 = r31, 5
	store: [r30] = r25
	movi: r4 = 64
	add: r5 = r4, r25
	load: r6 = [r5]
	subi: r30 = r31, 6
	load: r7 = [r30]
	add: r8 = r7, r6
	subi: r30 = r31, 3
	load: r9 = [r30]
	add: r10 = r8, r9
	subi: r30 = r31, 1
	load: r12 = [r30]
	add: r16 = r10, r12
	subi: r30 = r31, 6
	store: [r30] = r16
	subi: r30 = r31, 4
	load: r18 = [r30]
	addi: r17 = r18, 1
	subi: r30 = r31, 4
	store: [r30] = r17
	subi: r30 = r31, 6
	store: [r30] = r16
	subi: r30 = r31, 4
	store: [r30] = r17
	bi: L6
L7:
	subi: r30 = r31, 3
	load: r19 = [r30]
	addi: r13 = r19, 1
	subi: r30 = r31, 3
	store: [r30] = r13
	subi: r30 = r31, 3
	store: [r30] = r13
	bi: L4
L5:
	subi: r30 = r31, 1
	load: r20 = [r30]
	addi: r15 = r20, 1
	subi: r30 = r31, 1
	store: [r30] = r15
	subi: r30 = r31, 1
	store: [r30] = r15
	bi: L0
L1:
	subi: r30 = r31, 6
	load: r21 = [r30]
	mov: r1 = r21
	out: r1
	bi: main_epilogue
main_epilogue:
	ret:

.data
stack_space: .space 64
var_workload: .space 8
---------------------------------------------
--- DEBUG OUTPUT ---
00001110000000000000000000000001 -> bi: main
00000010100011101000000000111111 -> movi: r29 = 63
00000000100011111000001110100000 -> mov: r31 = r29
00000010000111101111010000011000 -> subi: r29 = r29, 24
00000010100000100000000000000000 -> movi: r4 = 0
00000010000111110111110000000001 -> subi: r30 = r31, 1
00000100000000000001001111000000 -> store: [r30] = r4
00000010100000101000000000000000 -> movi: r5 = 0
00000010000111110111110000000010 -> subi: r30 = r31, 2
00000100000000000001011111000000 -> store: [r30] = r5
00000010100000110000000000000000 -> movi: r6 = 0
00000010000111110111110000000011 -> subi: r30 = r31, 3
00000100000000000001101111000000 -> store: [r30] = r6
00000010100000111000000000000000 -> movi: r7 = 0
00000010000111110111110000000100 -> subi: r30 = r31, 4
00000100000000000001111111000000 -> store: [r30] = r7
00000010100001000000000000000000 -> movi: r8 = 0
00000010000111110111110000000101 -> subi: r30 = r31, 5
00000100000000000010001111000000 -> store: [r30] = r8
00000010100001001000000000000000 -> movi: r9 = 0
00000010000111110111110000000110 -> subi: r30 = r31, 6
00000100000000000010011111000000 -> store: [r30] = r9
00000010000111110111110000000001 -> subi: r30 = r31, 1
00000100000101010000001111000000 -> load: r10 = [r30]
00000010100001011000000000000110 -> movi: r11 = 6
00000001000100000010100101100000 -> subs: r0 = r10, r11
01001110000000000000000001010000 -> bigteq: L1
00000010100001100000000000000000 -> movi: r12 = 0
00000010000111110111110000000010 -> subi: r30 = r31, 2
00000100000000000011001111000000 -> store: [r30] = r12
00000010000111110111110000000010 -> subi: r30 = r31, 2
00000100000101101000001111000000 -> load: r13 = [r30]
00000010100001110000000000001000 -> movi: r14 = 8
00000001000100000011010111000000 -> subs: r0 = r13, r14
01001110000000000000000000001110 -> bigteq: L3
00000010000111110111110000000001 -> subi: r30 = r31, 1
00000100000101111000001111000000 -> load: r15 = [r30]
00000000000010000011010111100000 -> add: r16 = r13, r15
00000010000010001100000000000001 -> addi: r17 = r16, 1
00000010100010010000000001000000 -> movi: r18 = 64
00000000000010011100100110100000 -> add: r19 = r18, r13
00000100000000000100011001100000 -> store: [r19] = r17
00000010000010100011010000000001 -> addi: r20 = r13, 1
00000010000111110111110000000010 -> subi: r30 = r31, 2
00000100000000000101001111000000 -> store: [r30] = r20
00000010000111110111110000000010 -> subi: r30 = r31, 2
00000100000000000101001111000000 -> store: [r30] = r20
00001110000000000000001111101111 -> bi: L2
00000010100010101000000000000000 -> movi: r21 = 0
00000010000111110111110000000011 -> subi: r30 = r31, 3
00000100000000000101011111000000 -> store: [r30] = r21
00000010000111110111110000000011 -> subi: r30 = r31, 3
00000100000110110000001111000000 -> load: r22 = [r30]
00000010100010111000000000001000 -> movi: r23 = 8
00000001000100000101101011100000 -> subs: r0 = r22, r23
01001110000000000000000000101011 -> bigteq: L5
00000010100011000000000000000000 -> movi: r24 = 0
00000010000111110111110000000100 -> subi: r30 = r31, 4
00000100000000000110001111000000 -> store: [r30] = r24
00000010000111110111110000000100 -> subi: r30 = r31, 4
00000100000111001000001111000000 -> load: r25 = [r30]
00000010100011010000000000001000 -> movi: r26 = 8
00000001000100000110011101000000 -> subs: r0 = r25, r26
01001110000000000000000000011011 -> bigteq: L7
00000010000111110111110000000101 -> subi: r30 = r31, 5
00000100000000000110011111000000 -> store: [r30] = r25
00000010100000100000000001000000 -> movi: r4 = 64
00000000000000101001001100100000 -> add: r5 = r4, r25
00000100000100110000000010100000 -> load: r6 = [r5]
00000010000111110111110000000110 -> subi: r30 = r31, 6
00000100000100111000001111000000 -> load: r7 = [r30]
00000000000001000001110011000000 -> add: r8 = r7, r6
00000010000111110111110000000011 -> subi: r30 = r31, 3
00000100000101001000001111000000 -> load: r9 = [r30]
00000000000001010010000100100000 -> add: r10 = r8, r9
00000010000111110111110000000001 -> subi: r30 = r31, 1
00000100000101100000001111000000 -> load: r12 = [r30]
00000000000010000010100110000000 -> add: r16 = r10, r12
00000010000111110111110000000110 -> subi: r30 = r31, 6
00000100000000000100001111000000 -> store: [r30] = r16
00000010000111110111110000000100 -> subi: r30 = r31, 4
00000100000110010000001111000000 -> load: r18 = [r30]
00000010000010001100100000000001 -> addi: r17 = r18, 1
00000010000111110111110000000100 -> subi: r30 = r31, 4
00000100000000000100011111000000 -> store: [r30] = r17
00000010000111110111110000000110 -> subi: r30 = r31, 6
00000100000000000100001111000000 -> store: [r30] = r16
00000010000111110111110000000100 -> subi: r30 = r31, 4
00000100000000000100011111000000 -> store: [r30] = r17
00001110000000000000001111100010 -> bi: L6
00000010000111110111110000000011 -> subi: r30 = r31, 3
00000100000110011000001111000000 -> load: r19 = [r30]
00000010000001101100110000000001 -> addi: r13 = r19, 1
00000010000111110111110000000011 -> subi: r30 = r31, 3
00000100000000000011011111000000 -> store: [r30] = r13
00000010000111110111110000000011 -> subi: r30 = r31, 3
00000100000000000011011111000000 -> store: [r30] = r13
00001110000000000000001111010010 -> bi: L4
00000010000111110111110000000001 -> subi: r30 = r31, 1
00000100000110100000001111000000 -> load: r20 = [r30]
00000010000001111101000000000001 -> addi: r15 = r20, 1
00000010000111110111110000000001 -> subi: r30 = r31, 1
00000100000000000011111111000000 -> store: [r30] = r15
00000010000111110111110000000001 -> subi: r30 = r31, 1
00000100000000000011111111000000 -> store: [r30] = r15
00001110000000000000001110101101 -> bi: L0
00000010000111110111110000000110 -> subi: r30 = r31, 6
00000100000110101000001111000000 -> load: r21 = [r30]
00000000100000001000001010100000 -> mov: r1 = r21
00000000101000000000000000100000 -> out: r1
00001110000000000000000000000001 -> bi: main_epilogue
00001110000000000000000000000000 -> ret -> bi 0
00000000000000000000000000000000 -> data stack_space[0] .space
00000000000000000000000000000000 -> data stack_space[1] .space
00000000000000000000000000000000 -> data stack_space[2] .space
00000000000000000000000000000000 -> data stack_space[3] .space
00000000000000000000000000000000 -> data stack_space[4] .space
00000000000000000000000000000000 -> data stack_space[5] .space
00000000000000000000000000000000 -> data stack_space[6] .space
00000000000000000000000000000000 -> data stack_space[7] .space
00000000000000000000000000000000 -> data stack_space[8] .space
00000000000000000000000000000000 -> data stack_space[9] .space
00000000000000000000000000000000 -> data stack_space[10] .space
00000000000000000000000000000000 -> data stack_space[11] .space
00000000000000000000000000000000 -> data stack_space[12] .space
00000000000000000000000000000000 -> data stack_space[13] .space
00000000000000000000000000000000 -> data stack_space[14] .space
00000000000000000000000000000000 -> data stack_space[15] .space
00000000000000000000000000000000 -> data stack_space[16] .space
00000000000000000000000000000000 -> data stack_space[17] .space
00000000000000000000000000000000 -> data stack_space[18] .space
00000000000000000000000000000000 -> data stack_space[19] .space
00000000000000000000000000000000 -> data stack_space[20] .space
00000000000000000000000000000000 -> data stack_space[21] .space
00000000000000000000000000000000 -> data stack_space[22] .space
00000000000000000000000000000000 -> data stack_space[23] .space
00000000000000000000000000000000 -> data stack_space[24] .space
00000000000000000000000000000000 -> data stack_space[25] .space
00000000000000000000000000000000 -> data stack_space[26] .space
00000000000000000000000000000000 -> data stack_space[27] .space
00000000000000000000000000000000 -> data stack_space[28] .space
00000000000000000000000000000000 -> data stack_space[29] .space
00000000000000000000000000000000 -> data stack_space[30] .space
00000000000000000000000000000000 -> data stack_space[31] .space
00000000000000000000000000000000 -> data stack_space[32] .space
00000000000000000000000000000000 -> data stack_space[33] .space
00000000000000000000000000000000 -> data stack_space[34] .space
00000000000000000000000000000000 -> data stack_space[35] .space
00000000000000000000000000000000 -> data stack_space[36] .space
00000000000000000000000000000000 -> data stack_space[37] .space
00000000000000000000000000000000 -> data stack_space[38] .space
00000000000000000000000000000000 -> data stack_space[39] .space
00000000000000000000000000000000 -> data stack_space[40] .space
00000000000000000000000000000000 -> data stack_space[41] .space
00000000000000000000000000000000 -> data stack_space[42] .space
00000000000000000000000000000000 -> data stack_space[43] .space
00000000000000000000000000000000 -> data stack_space[44] .space
00000000000000000000000000000000 -> data stack_space[45] .space
00000000000000000000000000000000 -> data stack_space[46] .space
00000000000000000000000000000000 -> data stack_space[47] .space
00000000000000000000000000000000 -> data stack_space[48] .space
00000000000000000000000000000000 -> data stack_space[49] .space
00000000000000000000000000000000 -> data stack_space[50] .space
00000000000000000000000000000000 -> data stack_space[51] .space
00000000000000000000000000000000 -> data stack_space[52] .space
00000000000000000000000000000000 -> data stack_space[53] .space
00000000000000000000000000000000 -> data stack_space[54] .space
00000000000000000000000000000000 -> data stack_space[55] .space
00000000000000000000000000000000 -> data stack_space[56] .space
00000000000000000000000000000000 -> data stack_space[57] .space
00000000000000000000000000000000 -> data stack_space[58] .space
00000000000000000000000000000000 -> data stack_space[59] .space
00000000000000000000000000000000 -> data stack_space[60] .space
00000000000000000000000000000000 -> data stack_space[61] .space
00000000000000000000000000000000 -> data stack_space[62] .space
00000000000000000000000000000000 -> data stack_space[63] .space
00000000000000000000000000000000 -> data var_workload[0] .space
00000000000000000000000000000000 -> data var_workload[1] .space
00000000000000000000000000000000 -> data var_workload[2] .space
00000000000000000000000000000000 -> data var_workload[3] .space
00000000000000000000000000000000 -> data var_workload[4] .space
00000000000000000000000000000000 -> data var_workload[5] .space
00000000000000000000000000000000 -> data var_workload[6] .space
00000000000000000000000000000000 -> data var_workload[7] .space
Mapeamento assembly->máquina salvo em: docs/generated/diagnostics/assembler/assembly_to_machine.txt

Código de máquina gerado com sucesso em: docs/generated/final/assembler/machine_code/generated_machine_code.txt
--- MACHINE CODE DECODED ---
