Initializing symbol table and scope stack...
Symbol table initialized successfully.
Parsing 'docs/input/cminus/01_soma_1_ate_n.txt'...
[LEX][1] SKIP_COMMENT
[LEX][3] VOID     -> 'void'
[LEX][3] ID       -> 'main'
[LEX][3] LPAREN   -> '('
[LEX][3] VOID     -> 'void'
[LEX][3] RPAREN   -> ')'
[LEX][4] LBRACE   -> '{'
[LEX][5] INT      -> 'int'
[LEX][5] ID       -> 'n'
[LEX][5] SEMI     -> ';'
[AST DBG] newNode kind=AST_VAR_DECL -> 0x5c1b474b38a0
[PARSER DBG] var_declaration: name=n[LEX][6] INT      -> 'int'
[LEX][6] ID       -> 'i'
[LEX][6] SEMI     -> ';'
[AST DBG] newNode kind=AST_VAR_DECL -> 0x5c1b474b39b0
[PARSER DBG] var_declaration: name=i[LEX][7] INT      -> 'int'
[LEX][7] ID       -> 'sum'
[LEX][7] SEMI     -> ';'
[AST DBG] newNode kind=AST_VAR_DECL -> 0x5c1b474b3ac0
[PARSER DBG] var_declaration: name=sum[LEX][9] ID       -> 'n'
[LEX][9] ASSIGN   -> '='
[AST DBG] newNode kind=AST_ID -> 0x5c1b474b3b20
[AST DBG] newIdNode("n") -> 0x5c1b474b3b20
[LEX][9] ID       -> 'input'
[LEX][9] LPAREN   -> '('
[LEX][9] RPAREN   -> ')'
[AST DBG] newNode kind=AST_CALL -> 0x5c1b474b3b80
[LEX][9] SEMI     -> ';'
[AST DBG] newNode kind=AST_ASSIGN -> 0x5c1b474b3be0
[AST DBG] addChild parent=0x5c1b474b3be0(AST_ASSIGN, lineno=9) child=0x5c1b474b3b20(AST_ID, lineno=9)
[AST DBG] addChild parent=0x5c1b474b3be0(AST_ASSIGN, lineno=9) child=0x5c1b474b3b80(AST_CALL, lineno=9)
[PARSER DBG] assignment: var=0x5c1b474b3b20 expr=0x5c1b474b3b80
[LEX][10] ID       -> 'i'
[LEX][10] ASSIGN   -> '='
[AST DBG] newNode kind=AST_ID -> 0x5c1b474b3c20
[AST DBG] newIdNode("i") -> 0x5c1b474b3c20
[LEX][10] NUM      -> '1' (1)
[AST DBG] newNode kind=AST_NUM -> 0x5c1b474b3c80
[AST DBG] newNumNode(1) -> 0x5c1b474b3c80
[LEX][10] SEMI     -> ';'
[AST DBG] newNode kind=AST_ASSIGN -> 0x5c1b474b3cc0
[AST DBG] addChild parent=0x5c1b474b3cc0(AST_ASSIGN, lineno=10) child=0x5c1b474b3c20(AST_ID, lineno=10)
[AST DBG] addChild parent=0x5c1b474b3cc0(AST_ASSIGN, lineno=10) child=0x5c1b474b3c80(AST_NUM, lineno=10)
[PARSER DBG] assignment: var=0x5c1b474b3c20 expr=0x5c1b474b3c80
[LEX][11] ID       -> 'sum'
[LEX][11] ASSIGN   -> '='
[AST DBG] newNode kind=AST_ID -> 0x5c1b474b3d00
[AST DBG] newIdNode("sum") -> 0x5c1b474b3d00
[LEX][11] NUM      -> '0' (0)
[AST DBG] newNode kind=AST_NUM -> 0x5c1b474b3d60
[AST DBG] newNumNode(0) -> 0x5c1b474b3d60
[LEX][11] SEMI     -> ';'
[AST DBG] newNode kind=AST_ASSIGN -> 0x5c1b474b3da0
[AST DBG] addChild parent=0x5c1b474b3da0(AST_ASSIGN, lineno=11) child=0x5c1b474b3d00(AST_ID, lineno=11)
[AST DBG] addChild parent=0x5c1b474b3da0(AST_ASSIGN, lineno=11) child=0x5c1b474b3d60(AST_NUM, lineno=11)
[PARSER DBG] assignment: var=0x5c1b474b3d00 expr=0x5c1b474b3d60
[LEX][13] WHILE    -> 'while'
[LEX][13] LPAREN   -> '('
[LEX][13] ID       -> 'i'
[LEX][13] LTE      -> '<='
[AST DBG] newNode kind=AST_ID -> 0x5c1b474b3de0
[AST DBG] newIdNode("i") -> 0x5c1b474b3de0
[AST DBG] newNode kind=AST_OP -> 0x5c1b474b3e40
[LEX][13] ID       -> 'n'
[LEX][13] RPAREN   -> ')'
[AST DBG] newNode kind=AST_ID -> 0x5c1b474b3ea0
[AST DBG] newIdNode("n") -> 0x5c1b474b3ea0
[AST DBG] newNode kind=AST_BINOP -> 0x5c1b474b3f00
[AST DBG] addChild parent=0x5c1b474b3f00(AST_BINOP, lineno=13) child=0x5c1b474b3de0(AST_ID, lineno=13)
[AST DBG] addChild parent=0x5c1b474b3f00(AST_BINOP, lineno=13) child=0x5c1b474b3e40(AST_OP, lineno=13)
[AST DBG] addChild parent=0x5c1b474b3f00(AST_BINOP, lineno=13) child=0x5c1b474b3ea0(AST_ID, lineno=13)
[PARSER DBG] binop: left=0x5c1b474b3de0 op=0x5c1b474b3e40 right=0x5c1b474b3ea0
[LEX][13] LBRACE   -> '{'
[LEX][14] ID       -> 'sum'
[LEX][14] ASSIGN   -> '='
[AST DBG] newNode kind=AST_ID -> 0x5c1b474b3f80
[AST DBG] newIdNode("sum") -> 0x5c1b474b3f80
[LEX][14] ID       -> 'sum'
[LEX][14] PLUS     -> '+'
[AST DBG] newNode kind=AST_ID -> 0x5c1b474b3fe0
[AST DBG] newIdNode("sum") -> 0x5c1b474b3fe0
[AST DBG] newNode kind=AST_OP -> 0x5c1b474b4040
[LEX][14] ID       -> 'i'
[LEX][14] SEMI     -> ';'
[AST DBG] newNode kind=AST_ID -> 0x5c1b474b40a0
[AST DBG] newIdNode("i") -> 0x5c1b474b40a0
[AST DBG] newNode kind=AST_BINOP -> 0x5c1b474b4100
[AST DBG] addChild parent=0x5c1b474b4100(AST_BINOP, lineno=14) child=0x5c1b474b3fe0(AST_ID, lineno=14)
[AST DBG] addChild parent=0x5c1b474b4100(AST_BINOP, lineno=14) child=0x5c1b474b4040(AST_OP, lineno=14)
[AST DBG] addChild parent=0x5c1b474b4100(AST_BINOP, lineno=14) child=0x5c1b474b40a0(AST_ID, lineno=14)
[AST DBG] newNode kind=AST_ASSIGN -> 0x5c1b474b4140
[AST DBG] addChild parent=0x5c1b474b4140(AST_ASSIGN, lineno=14) child=0x5c1b474b3f80(AST_ID, lineno=14)
[AST DBG] addChild parent=0x5c1b474b4140(AST_ASSIGN, lineno=14) child=0x5c1b474b4100(AST_BINOP, lineno=14)
[PARSER DBG] assignment: var=0x5c1b474b3f80 expr=0x5c1b474b4100
[LEX][15] ID       -> 'i'
[LEX][15] ASSIGN   -> '='
[AST DBG] newNode kind=AST_ID -> 0x5c1b474b4180
[AST DBG] newIdNode("i") -> 0x5c1b474b4180
[LEX][15] ID       -> 'i'
[LEX][15] PLUS     -> '+'
[AST DBG] newNode kind=AST_ID -> 0x5c1b474b41e0
[AST DBG] newIdNode("i") -> 0x5c1b474b41e0
[AST DBG] newNode kind=AST_OP -> 0x5c1b474b4240
[LEX][15] NUM      -> '1' (1)
[AST DBG] newNode kind=AST_NUM -> 0x5c1b474b4280
[AST DBG] newNumNode(1) -> 0x5c1b474b4280
[LEX][15] SEMI     -> ';'
[AST DBG] newNode kind=AST_BINOP -> 0x5c1b474b42c0
[AST DBG] addChild parent=0x5c1b474b42c0(AST_BINOP, lineno=15) child=0x5c1b474b41e0(AST_ID, lineno=15)
[AST DBG] addChild parent=0x5c1b474b42c0(AST_BINOP, lineno=15) child=0x5c1b474b4240(AST_OP, lineno=15)
[AST DBG] addChild parent=0x5c1b474b42c0(AST_BINOP, lineno=15) child=0x5c1b474b4280(AST_NUM, lineno=15)
[AST DBG] newNode kind=AST_ASSIGN -> 0x5c1b474b4300
[AST DBG] addChild parent=0x5c1b474b4300(AST_ASSIGN, lineno=15) child=0x5c1b474b4180(AST_ID, lineno=15)
[AST DBG] addChild parent=0x5c1b474b4300(AST_ASSIGN, lineno=15) child=0x5c1b474b42c0(AST_BINOP, lineno=15)
[PARSER DBG] assignment: var=0x5c1b474b4180 expr=0x5c1b474b42c0
[LEX][16] RBRACE   -> '}'
[AST DBG] newNode kind=AST_BLOCK -> 0x5c1b474b4340
[AST DBG] addChild parent=0x5c1b474b4340(AST_BLOCK, lineno=16) child=0x5c1b474b4140(AST_ASSIGN, lineno=14)
[AST DBG] addChild parent=0x5c1b474b4340(AST_BLOCK, lineno=16) child=0x5c1b474b4300(AST_ASSIGN, lineno=15)
[PARSER DBG] compound_stmt: scope=main#block0#block1 decls=(nil) stmts=0x5c1b474b4140
[AST DBG] newNode kind=AST_WHILE -> 0x5c1b474b4380
[AST DBG] addChild parent=0x5c1b474b4380(AST_WHILE, lineno=13) child=0x5c1b474b3f00(AST_BINOP, lineno=13)
[AST DBG] addChild parent=0x5c1b474b4380(AST_WHILE, lineno=13) child=0x5c1b474b4340(AST_BLOCK, lineno=16)
[LEX][18] ID       -> 'output'
[LEX][18] LPAREN   -> '('
[LEX][18] ID       -> 'sum'
[LEX][18] RPAREN   -> ')'
[AST DBG] newNode kind=AST_ID -> 0x5c1b474b43e0
[AST DBG] newIdNode("sum") -> 0x5c1b474b43e0
[AST DBG] newNode kind=AST_ARG_LIST -> 0x5c1b474b4440
[AST DBG] addChild parent=0x5c1b474b4440(AST_ARG_LIST, lineno=18) child=0x5c1b474b43e0(AST_ID, lineno=18)
[AST DBG] newNode kind=AST_CALL -> 0x5c1b474b4480
[AST DBG] addChild parent=0x5c1b474b4480(AST_CALL, lineno=18) child=0x5c1b474b4440(AST_ARG_LIST, lineno=18)
[LEX][18] SEMI     -> ';'
[LEX][19] RETURN   -> 'return'
[LEX][19] SEMI     -> ';'
[AST DBG] newNode kind=AST_RETURN -> 0x5c1b474b44c0
[LEX][20] RBRACE   -> '}'
[AST DBG] newNode kind=AST_BLOCK -> 0x5c1b474b4500
[AST DBG] addChild parent=0x5c1b474b4500(AST_BLOCK, lineno=20) child=0x5c1b474b38a0(AST_VAR_DECL, lineno=5)
[AST DBG] addChild parent=0x5c1b474b4500(AST_BLOCK, lineno=20) child=0x5c1b474b3be0(AST_ASSIGN, lineno=9)
[AST DBG] addChild parent=0x5c1b474b4500(AST_BLOCK, lineno=20) child=0x5c1b474b3cc0(AST_ASSIGN, lineno=10)
[AST DBG] addChild parent=0x5c1b474b4500(AST_BLOCK, lineno=20) child=0x5c1b474b3da0(AST_ASSIGN, lineno=11)
[AST DBG] addChild parent=0x5c1b474b4500(AST_BLOCK, lineno=20) child=0x5c1b474b4380(AST_WHILE, lineno=13)
[AST DBG] addChild parent=0x5c1b474b4500(AST_BLOCK, lineno=20) child=0x5c1b474b4480(AST_CALL, lineno=18)
[AST DBG] addChild parent=0x5c1b474b4500(AST_BLOCK, lineno=20) child=0x5c1b474b44c0(AST_RETURN, lineno=19)
[PARSER DBG] compound_stmt: scope=main#block0 decls=0x5c1b474b38a0 stmts=0x5c1b474b3be0
[AST DBG] newNode kind=AST_FUN_DECL -> 0x5c1b474b4540
[AST DBG] addChild parent=0x5c1b474b4540(AST_FUN_DECL, lineno=3) child=0x5c1b474b4500(AST_BLOCK, lineno=20)
[PARSER DBG] fun_declaration: name=main, params=(nil), body=0x5c1b474b4500
[LEX][21] EOF
[AST DBG] newNode kind=AST_PROGRAM -> 0x5c1b474b4580
[AST DBG] addChild parent=0x5c1b474b4580(AST_PROGRAM, lineno=3) child=0x5c1b474b4540(AST_FUN_DECL, lineno=3)
Parse successful.

=== AST ===
Program (lineno=3)
  FunDecl(name=main, lineno=3)
    Block (lineno=20)
      VarDecl(name=n, lineno=5)
      VarDecl(name=i, lineno=6)
      VarDecl(name=sum, lineno=7)
      Assign (lineno=9)
        Id(name=n, lineno=9)
        Call(name=input, lineno=9)
      Assign (lineno=10)
        Id(name=i, lineno=10)
        Num(value=1, lineno=10)
      Assign (lineno=11)
        Id(name=sum, lineno=11)
        Num(value=0, lineno=11)
      While (lineno=13)
        BinOp (lineno=13)
          Id(name=i, lineno=13)
          Op(op='<=', lineno=13)
          Id(name=n, lineno=13)
        Block (lineno=16)
          Assign (lineno=14)
            Id(name=sum, lineno=14)
            BinOp (lineno=14)
              Id(name=sum, lineno=14)
              Op(op='+', lineno=14)
              Id(name=i, lineno=14)
          Assign (lineno=15)
            Id(name=i, lineno=15)
            BinOp (lineno=15)
              Id(name=i, lineno=15)
              Op(op='+', lineno=15)
              Num(value=1, lineno=15)
      Call(name=output, lineno=18)
        ArgList (lineno=18)
          Id(name=sum, lineno=18)
      Return (lineno=19)
AST has been saved to: docs/generated/frontend/syntax_tree/ast.txt
Semantic analysis completed successfully with no errors.

=== IR ===

[IR_DBG] === Starting IR Generation ===
[IR_DBG] Pass 1: Searching for global variable declarations...
[IR_DBG] > generate_ir_for_node: Processing node kind AST_PROGRAM at line 3
[IR_DBG]   Case AST_PROGRAM
[IR_DBG] > generate_ir_for_node: Processing node kind AST_FUN_DECL at line 3
[IR_DBG]   Case AST_FUN_DECL for 'main'
[IR_DBG] Creating new name operand: main
[IR_DBG] Emitting instruction with opcode 15
[IR_DBG] > generate_ir_for_node: Processing node kind AST_BLOCK at line 20
[IR_DBG]   Case AST_BLOCK
[IR_DBG] > generate_ir_for_node: Processing node kind AST_ASSIGN at line 9
[IR_DBG]   Case AST_ASSIGN (as statement)
[IR_DBG] >> generate_ir_for_expr: Processing expression kind AST_ASSIGN at line 9
[IR_DBG]    Case AST_ASSIGN
[IR_DBG] >> generate_ir_for_expr: Processing expression kind AST_CALL at line 9
[IR_DBG]    Case AST_CALL for function 'input'
[IR_DBG] Creating new temporary: t0
[IR_DBG] Creating new constant: 0
[IR_DBG] Creating new name operand: input
[IR_DBG] Emitting instruction with opcode 22
[IR_DBG] << generate_ir_for_expr: Finished processing expression kind AST_CALL
[IR_DBG] Creating new name operand: n
[IR_DBG] Emitting instruction with opcode 0
[IR_DBG] << generate_ir_for_expr: Finished processing expression kind AST_ASSIGN
[IR_DBG] < generate_ir_for_node: Finished processing node kind AST_ASSIGN
[IR_DBG] > generate_ir_for_node: Processing node kind AST_ASSIGN at line 10
[IR_DBG]   Case AST_ASSIGN (as statement)
[IR_DBG] >> generate_ir_for_expr: Processing expression kind AST_ASSIGN at line 10
[IR_DBG]    Case AST_ASSIGN
[IR_DBG] >> generate_ir_for_expr: Processing expression kind AST_NUM at line 10
[IR_DBG]    Case AST_NUM
[IR_DBG] Creating new constant: 1
[IR_DBG] << generate_ir_for_expr: Finished processing expression kind AST_NUM
[IR_DBG] Creating new name operand: i
[IR_DBG] Emitting instruction with opcode 0
[IR_DBG] << generate_ir_for_expr: Finished processing expression kind AST_ASSIGN
[IR_DBG] < generate_ir_for_node: Finished processing node kind AST_ASSIGN
[IR_DBG] > generate_ir_for_node: Processing node kind AST_ASSIGN at line 11
[IR_DBG]   Case AST_ASSIGN (as statement)
[IR_DBG] >> generate_ir_for_expr: Processing expression kind AST_ASSIGN at line 11
[IR_DBG]    Case AST_ASSIGN
[IR_DBG] >> generate_ir_for_expr: Processing expression kind AST_NUM at line 11
[IR_DBG]    Case AST_NUM
[IR_DBG] Creating new constant: 0
[IR_DBG] << generate_ir_for_expr: Finished processing expression kind AST_NUM
[IR_DBG] Creating new name operand: sum
[IR_DBG] Emitting instruction with opcode 0
[IR_DBG] << generate_ir_for_expr: Finished processing expression kind AST_ASSIGN
[IR_DBG] < generate_ir_for_node: Finished processing node kind AST_ASSIGN
[IR_DBG] > generate_ir_for_node: Processing node kind AST_WHILE at line 13
[IR_DBG]   Case AST_WHILE
[IR_DBG] Creating new label: L0
[IR_DBG] Creating new label: L1
[IR_DBG] Emitting instruction with opcode 15
[IR_DBG] >> generate_ir_for_expr: Processing expression kind AST_BINOP at line 13
[IR_DBG]    Case AST_BINOP
[IR_DBG]      Operator: '<='
[IR_DBG] >> generate_ir_for_expr: Processing expression kind AST_ID at line 13
[IR_DBG]    Case AST_ID
[IR_DBG] Creating new name operand: i
[IR_DBG] << generate_ir_for_expr: Finished processing expression kind AST_ID
[IR_DBG] >> generate_ir_for_expr: Processing expression kind AST_ID at line 13
[IR_DBG]    Case AST_ID
[IR_DBG] Creating new name operand: n
[IR_DBG] << generate_ir_for_expr: Finished processing expression kind AST_ID
[IR_DBG] Creating new temporary: t1
[IR_DBG] Emitting instruction with opcode 12
[IR_DBG] << generate_ir_for_expr: Finished processing expression kind AST_BINOP
[IR_DBG] Emitting instruction with opcode 17
[IR_DBG] > generate_ir_for_node: Processing node kind AST_BLOCK at line 16
[IR_DBG]   Case AST_BLOCK
[IR_DBG] > generate_ir_for_node: Processing node kind AST_ASSIGN at line 14
[IR_DBG]   Case AST_ASSIGN (as statement)
[IR_DBG] >> generate_ir_for_expr: Processing expression kind AST_ASSIGN at line 14
[IR_DBG]    Case AST_ASSIGN
[IR_DBG] >> generate_ir_for_expr: Processing expression kind AST_BINOP at line 14
[IR_DBG]    Case AST_BINOP
[IR_DBG]      Operator: '+'
[IR_DBG] >> generate_ir_for_expr: Processing expression kind AST_ID at line 14
[IR_DBG]    Case AST_ID
[IR_DBG] Creating new name operand: sum
[IR_DBG] << generate_ir_for_expr: Finished processing expression kind AST_ID
[IR_DBG] >> generate_ir_for_expr: Processing expression kind AST_ID at line 14
[IR_DBG]    Case AST_ID
[IR_DBG] Creating new name operand: i
[IR_DBG] << generate_ir_for_expr: Finished processing expression kind AST_ID
[IR_DBG] Creating new temporary: t2
[IR_DBG] Emitting instruction with opcode 5
[IR_DBG] << generate_ir_for_expr: Finished processing expression kind AST_BINOP
[IR_DBG] Creating new name operand: sum
[IR_DBG] Emitting instruction with opcode 0
[IR_DBG] << generate_ir_for_expr: Finished processing expression kind AST_ASSIGN
[IR_DBG] < generate_ir_for_node: Finished processing node kind AST_ASSIGN
[IR_DBG] > generate_ir_for_node: Processing node kind AST_ASSIGN at line 15
[IR_DBG]   Case AST_ASSIGN (as statement)
[IR_DBG] >> generate_ir_for_expr: Processing expression kind AST_ASSIGN at line 15
[IR_DBG]    Case AST_ASSIGN
[IR_DBG] >> generate_ir_for_expr: Processing expression kind AST_BINOP at line 15
[IR_DBG]    Case AST_BINOP
[IR_DBG]      Operator: '+'
[IR_DBG] >> generate_ir_for_expr: Processing expression kind AST_ID at line 15
[IR_DBG]    Case AST_ID
[IR_DBG] Creating new name operand: i
[IR_DBG] << generate_ir_for_expr: Finished processing expression kind AST_ID
[IR_DBG] >> generate_ir_for_expr: Processing expression kind AST_NUM at line 15
[IR_DBG]    Case AST_NUM
[IR_DBG] Creating new constant: 1
[IR_DBG] << generate_ir_for_expr: Finished processing expression kind AST_NUM
[IR_DBG] Creating new temporary: t3
[IR_DBG] Emitting instruction with opcode 5
[IR_DBG] << generate_ir_for_expr: Finished processing expression kind AST_BINOP
[IR_DBG] Creating new name operand: i
[IR_DBG] Emitting instruction with opcode 0
[IR_DBG] << generate_ir_for_expr: Finished processing expression kind AST_ASSIGN
[IR_DBG] < generate_ir_for_node: Finished processing node kind AST_ASSIGN
[IR_DBG] < generate_ir_for_node: Finished processing node kind AST_BLOCK
[IR_DBG] Emitting instruction with opcode 16
[IR_DBG] Emitting instruction with opcode 15
[IR_DBG] < generate_ir_for_node: Finished processing node kind AST_WHILE
[IR_DBG] > generate_ir_for_node: Processing node kind AST_CALL at line 18
[IR_DBG]   Case AST_CALL (as statement)
[IR_DBG] >> generate_ir_for_expr: Processing expression kind AST_CALL at line 18
[IR_DBG]    Case AST_CALL for function 'output'
[IR_DBG] >> generate_ir_for_expr: Processing expression kind AST_ID at line 18
[IR_DBG]    Case AST_ID
[IR_DBG] Creating new name operand: sum
[IR_DBG] << generate_ir_for_expr: Finished processing expression kind AST_ID
[IR_DBG] Emitting instruction with opcode 20
[IR_DBG] Creating new constant: 1
[IR_DBG] Creating new name operand: output
[IR_DBG] Emitting instruction with opcode 21
[IR_DBG] << generate_ir_for_expr: Finished processing expression kind AST_CALL
[IR_DBG] < generate_ir_for_node: Finished processing node kind AST_CALL
[IR_DBG] > generate_ir_for_node: Processing node kind AST_RETURN at line 19
[IR_DBG]   Case AST_RETURN
[IR_DBG] Emitting instruction with opcode 18
[IR_DBG] < generate_ir_for_node: Finished processing node kind AST_RETURN
[IR_DBG] < generate_ir_for_node: Finished processing node kind AST_BLOCK
[IR_DBG] Emitting instruction with opcode 18
[IR_DBG] < generate_ir_for_node: Finished processing node kind AST_FUN_DECL
[IR_DBG] < generate_ir_for_node: Finished processing node kind AST_PROGRAM
[IR_DBG] === Finished IR Generation ===

--- BEGIN IR DUMP (Terminal) ---
main:
  t0 := call input, 0
  n := t0
  i := 1
  sum := 0
L0:
  t1 := i <= n
  if_false t1 goto L1
  t2 := sum + i
  sum := t2
  t3 := i + 1
  i := t3
  goto L0
L1:
  arg sum
  call output, 1
  return _
--- END IR DUMP ---
IR dump has been saved to: docs/generated/intermediate/semantic/ir/generated_IR.txt
======= SYMBOL TABLE =======
Name            Scope      Kind   Decl Lines           Use Lines            Type  
--------------------------------------------------------------------------
sum             main#block0 VAR    7	11,14,14,18	INT
i               main#block0 VAR    6	10,13,14,15,15	INT
n               main#block0 VAR    5	9,13	INT
main            global     FUNC   3		VOID
output          global     FUNC   0	18	VOID
input           global     FUNC   0	9	INT
======= END OF TABLE =======
Symbol table has been saved to: docs/generated/frontend/symbol_table/symbol_table.txt
