

=== INICIANDO GERAÇÃO DE ASSEMBLY ===

--- Passagem 1A: Coletando definições de funções ---
[Passagem 1A] Função encontrada: 'main'
[ALLOC_INIT] Inicializando alocador para a função 'main'
[ALLOC_INIT] Pool de registradores definido: ['r4', 'r5', 'r6', 'r7', 'r8', 'r9', 'r10', 'r11', 'r12', 'r13', 'r14', 'r15', 'r16', 'r17', 'r18', 'r19', 'r20', 'r21', 'r22', 'r23', 'r24', 'r25', 'r26']
[ALLOC_INIT] Registrador de spill reservado: r30
[ALLOC_INIT] Estado inicial: 23 registradores livres.
[FUNC_CTX] Contexto para a função 'main' criado.

--- Passagem 1B: Construindo a Tabela de Símbolos Globais ---
--- Fim da Passagem 1: 0 símbolos globais encontrados. ---

--- Passagem 2: Traduzindo o IR para cada função ---

[Processando Função] -> 'main'
-> IR isolado para 'main' contém 20 instruções.
[DEBUG] Função 'main': all_vars=['n', 'i', 'previous', 'current', 'next'], defined_vars={'i', 'n', 'previous', 'next', 'current'}, params=[]
--> Parâmetros para 'main': []
--> Variáveis Locais para 'main': ['n', 'i', 'previous', 'current', 'next']
--> Criando o layout da pilha para 'main'...
    -> Mapeando 'n' para o offset [fp, #-1] (size=1)
    -> Mapeando 'i' para o offset [fp, #-2] (size=1)
    -> Mapeando 'previous' para o offset [fp, #-3] (size=1)
    -> Mapeando 'current' para o offset [fp, #-4] (size=1)
    -> Mapeando 'next' para o offset [fp, #-5] (size=1)
--> Tamanho total do frame para 'main': 9 palavras.

--- [TRANSLATE] Processando IR: t0 := call input, 0 ---
[TRANSLATE] -> Detalhes: Destino='t0', Expressão='call input, 0'
[TRANSLATE] -> Caminho: Chamada de Função
[SPILL_CALL] Preparando spill completo antes de chamada.
[SPILL_ALL] Verificando registradores sujos para salvar. Sujos: set()
[GET_TEMP] Solicitando registrador para o temporário 't0'.
[GET_FREE] -> Encontrado registrador livre: r4. Restantes: 22.
[ASSIGN_REG] Mapeando 't0' para r4.
[GET_TEMP] -> 't0' alocado no registrador r4.
[ADD_INSTR] Adicionando instrução para 'main': in: r4

--- [TRANSLATE] Processando IR: n := t0 ---
[TRANSLATE] -> Detalhes: Destino='n', Expressão='t0'
[TRANSLATE] -> Caminho: Atribuição Simples
[ENSURE] Tentando garantir 't0' em um registrador.
[ENSURE] -> Sucesso! 't0' já está em r4.
[TRANSLATE_ASSIGN] -> Armazenando 'n' na sua posição da pilha.
[ADD_INSTR] Adicionando instrução para 'main': subi: r30 = r31, 1
[ADD_INSTR] Adicionando instrução para 'main': store: [r30] = r4
[UPDATE_MAP] Mapeando 'n' para o registrador r4 (que contém o valor de origem).
[ASSIGN_REG] Mapeando 'n' para r4.
[ASSIGN_REG] -> Registrador r4 já continha 't0'. Liberando o mapeamento antigo.
[UNASSIGN_REG] Desmapeado r4 de 't0'.
[UNASSIGN_REG] -> Estado atual: 23 registradores livres. Mapeamentos: {}

--- [TRANSLATE] Processando IR: i := 0 ---
[TRANSLATE] -> Detalhes: Destino='i', Expressão='0'
[TRANSLATE] -> Caminho: Atribuição Simples
[ENSURE] Tentando garantir '0' em um registrador.
[GET_FREE] -> Encontrado registrador livre: r5. Restantes: 22.
[ENSURE] -> Alocando r5 para a constante '0'.
[ADD_INSTR] Adicionando instrução para 'main': movi: r5 = 0
[TRANSLATE_ASSIGN] -> Armazenando 'i' na sua posição da pilha.
[ADD_INSTR] Adicionando instrução para 'main': subi: r30 = r31, 2
[ADD_INSTR] Adicionando instrução para 'main': store: [r30] = r5
[UPDATE_MAP] Mapeando 'i' para o registrador r5 (que contém o valor de origem).
[ASSIGN_REG] Mapeando 'i' para r5.

--- [TRANSLATE] Processando IR: previous := 0 ---
[TRANSLATE] -> Detalhes: Destino='previous', Expressão='0'
[TRANSLATE] -> Caminho: Atribuição Simples
[ENSURE] Tentando garantir '0' em um registrador.
[GET_FREE] -> Encontrado registrador livre: r6. Restantes: 21.
[ENSURE] -> Alocando r6 para a constante '0'.
[ADD_INSTR] Adicionando instrução para 'main': movi: r6 = 0
[TRANSLATE_ASSIGN] -> Armazenando 'previous' na sua posição da pilha.
[ADD_INSTR] Adicionando instrução para 'main': subi: r30 = r31, 3
[ADD_INSTR] Adicionando instrução para 'main': store: [r30] = r6
[UPDATE_MAP] Mapeando 'previous' para o registrador r6 (que contém o valor de origem).
[ASSIGN_REG] Mapeando 'previous' para r6.

--- [TRANSLATE] Processando IR: current := 1 ---
[TRANSLATE] -> Detalhes: Destino='current', Expressão='1'
[TRANSLATE] -> Caminho: Atribuição Simples
[ENSURE] Tentando garantir '1' em um registrador.
[GET_FREE] -> Encontrado registrador livre: r7. Restantes: 20.
[ENSURE] -> Alocando r7 para a constante '1'.
[ADD_INSTR] Adicionando instrução para 'main': movi: r7 = 1
[TRANSLATE_ASSIGN] -> Armazenando 'current' na sua posição da pilha.
[ADD_INSTR] Adicionando instrução para 'main': subi: r30 = r31, 4
[ADD_INSTR] Adicionando instrução para 'main': store: [r30] = r7
[UPDATE_MAP] Mapeando 'current' para o registrador r7 (que contém o valor de origem).
[ASSIGN_REG] Mapeando 'current' para r7.

--- [TRANSLATE] Processando IR: next := 0 ---
[TRANSLATE] -> Detalhes: Destino='next', Expressão='0'
[TRANSLATE] -> Caminho: Atribuição Simples
[ENSURE] Tentando garantir '0' em um registrador.
[GET_FREE] -> Encontrado registrador livre: r8. Restantes: 19.
[ENSURE] -> Alocando r8 para a constante '0'.
[ADD_INSTR] Adicionando instrução para 'main': movi: r8 = 0
[TRANSLATE_ASSIGN] -> Armazenando 'next' na sua posição da pilha.
[ADD_INSTR] Adicionando instrução para 'main': subi: r30 = r31, 5
[ADD_INSTR] Adicionando instrução para 'main': store: [r30] = r8
[UPDATE_MAP] Mapeando 'next' para o registrador r8 (que contém o valor de origem).
[ASSIGN_REG] Mapeando 'next' para r8.

--- [TRANSLATE] Processando IR: L0: ---
[TRANSLATE] -> Rótulo detectado: L0:
[SPILL_ALL] Verificando registradores sujos para salvar. Sujos: {'r4'}
[SPILL_ALL] -> Salvando variável local 'n' do registrador r4 na pilha [fp, #-1].
[ADD_INSTR] Adicionando instrução para 'main': subi: r30 = r31, 1
[ADD_INSTR] Adicionando instrução para 'main': store: [r30] = r4
[UNASSIGN_REG] Desmapeado r4 de 'n'.
[UNASSIGN_REG] -> Estado atual: 19 registradores livres. Mapeamentos: {'i': 'r5', 'previous': 'r6', 'current': 'r7', 'next': 'r8'}
[UNASSIGN_REG] Desmapeado r5 de 'i'.
[UNASSIGN_REG] -> Estado atual: 20 registradores livres. Mapeamentos: {'previous': 'r6', 'current': 'r7', 'next': 'r8'}
[UNASSIGN_REG] Desmapeado r6 de 'previous'.
[UNASSIGN_REG] -> Estado atual: 21 registradores livres. Mapeamentos: {'current': 'r7', 'next': 'r8'}
[UNASSIGN_REG] Desmapeado r7 de 'current'.
[UNASSIGN_REG] -> Estado atual: 22 registradores livres. Mapeamentos: {'next': 'r8'}
[UNASSIGN_REG] Desmapeado r8 de 'next'.
[UNASSIGN_REG] -> Estado atual: 23 registradores livres. Mapeamentos: {}
[ADD_INSTR] Adicionando instrução para 'main': L0:

--- [TRANSLATE] Processando IR: t1 := i < n ---
[TRANSLATE] -> Detalhes: Destino='t1', Expressão='i < n'
[TRANSLATE] -> Caminho: Comparação (condicional)
[ENSURE] Tentando garantir 'i' em um registrador.
[ENSURE] -> 'i' é uma variável da pilha. Carregando...
[GET_FREE] -> Encontrado registrador livre: r9. Restantes: 22.
[ADD_INSTR] Adicionando instrução para 'main': subi: r30 = r31, 2
[ADD_INSTR] Adicionando instrução para 'main': load: r9 = [r30]
[ASSIGN_REG] Mapeando 'i' para r9.
[ENSURE] Tentando garantir 'n' em um registrador.
[ENSURE] -> 'n' é uma variável da pilha. Carregando...
[GET_FREE] -> Encontrado registrador livre: r10. Restantes: 21.
[ADD_INSTR] Adicionando instrução para 'main': subi: r30 = r31, 1
[ADD_INSTR] Adicionando instrução para 'main': load: r10 = [r30]
[ASSIGN_REG] Mapeando 'n' para r10.
[ADD_INSTR] Adicionando instrução para 'main': subs: r0 = r9, r10

--- [TRANSLATE] Processando IR: if_false t1 goto L1 ---
[TRANSLATE] -> Caminho: Desvio Condicional (if_false)
[ADD_INSTR] Adicionando instrução para 'main': bigteq: L1

--- [TRANSLATE] Processando IR: t2 := previous + current ---
[TRANSLATE] -> Detalhes: Destino='t2', Expressão='previous + current'
[TRANSLATE] -> Caminho: Operação Aritmética
[ENSURE] Tentando garantir 'previous' em um registrador.
[ENSURE] -> 'previous' é uma variável da pilha. Carregando...
[GET_FREE] -> Encontrado registrador livre: r11. Restantes: 20.
[ADD_INSTR] Adicionando instrução para 'main': subi: r30 = r31, 3
[ADD_INSTR] Adicionando instrução para 'main': load: r11 = [r30]
[ASSIGN_REG] Mapeando 'previous' para r11.
[ENSURE] Tentando garantir 'current' em um registrador.
[ENSURE] -> 'current' é uma variável da pilha. Carregando...
[GET_FREE] -> Encontrado registrador livre: r12. Restantes: 19.
[ADD_INSTR] Adicionando instrução para 'main': subi: r30 = r31, 4
[ADD_INSTR] Adicionando instrução para 'main': load: r12 = [r30]
[ASSIGN_REG] Mapeando 'current' para r12.
[GET_TEMP] Solicitando registrador para o temporário 't2'.
[GET_FREE] -> Encontrado registrador livre: r13. Restantes: 18.
[ASSIGN_REG] Mapeando 't2' para r13.
[GET_TEMP] -> 't2' alocado no registrador r13.
[ADD_INSTR] Adicionando instrução para 'main': add: r13 = r11, r12

--- [TRANSLATE] Processando IR: next := t2 ---
[TRANSLATE] -> Detalhes: Destino='next', Expressão='t2'
[TRANSLATE] -> Caminho: Atribuição Simples
[ENSURE] Tentando garantir 't2' em um registrador.
[ENSURE] -> Sucesso! 't2' já está em r13.
[TRANSLATE_ASSIGN] -> Armazenando 'next' na sua posição da pilha.
[ADD_INSTR] Adicionando instrução para 'main': subi: r30 = r31, 5
[ADD_INSTR] Adicionando instrução para 'main': store: [r30] = r13
[UPDATE_MAP] Mapeando 'next' para o registrador r13 (que contém o valor de origem).
[ASSIGN_REG] Mapeando 'next' para r13.
[ASSIGN_REG] -> Registrador r13 já continha 't2'. Liberando o mapeamento antigo.
[UNASSIGN_REG] Desmapeado r13 de 't2'.
[UNASSIGN_REG] -> Estado atual: 19 registradores livres. Mapeamentos: {'i': 'r9', 'n': 'r10', 'previous': 'r11', 'current': 'r12'}

--- [TRANSLATE] Processando IR: previous := current ---
[TRANSLATE] -> Detalhes: Destino='previous', Expressão='current'
[TRANSLATE] -> Caminho: Atribuição Simples
[ENSURE] Tentando garantir 'current' em um registrador.
[ENSURE] -> Sucesso! 'current' já está em r12.
[TRANSLATE_ASSIGN] -> Armazenando 'previous' na sua posição da pilha.
[ADD_INSTR] Adicionando instrução para 'main': subi: r30 = r31, 3
[ADD_INSTR] Adicionando instrução para 'main': store: [r30] = r12
[UPDATE_MAP] Mapeando 'previous' para o registrador r12 (que contém o valor de origem).
[ASSIGN_REG] Mapeando 'previous' para r12.
[ASSIGN_REG] -> Variável 'previous' já estava em r11. Liberando o mapeamento antigo.
[UNASSIGN_REG] Desmapeado r11 de 'previous'.
[UNASSIGN_REG] -> Estado atual: 20 registradores livres. Mapeamentos: {'i': 'r9', 'n': 'r10', 'current': 'r12', 'next': 'r13'}
[ASSIGN_REG] -> Registrador r12 já continha 'current'. Liberando o mapeamento antigo.
[UNASSIGN_REG] Desmapeado r12 de 'current'.
[UNASSIGN_REG] -> Estado atual: 21 registradores livres. Mapeamentos: {'i': 'r9', 'n': 'r10', 'next': 'r13'}

--- [TRANSLATE] Processando IR: current := next ---
[TRANSLATE] -> Detalhes: Destino='current', Expressão='next'
[TRANSLATE] -> Caminho: Atribuição Simples
[ENSURE] Tentando garantir 'next' em um registrador.
[ENSURE] -> Sucesso! 'next' já está em r13.
[TRANSLATE_ASSIGN] -> Armazenando 'current' na sua posição da pilha.
[ADD_INSTR] Adicionando instrução para 'main': subi: r30 = r31, 4
[ADD_INSTR] Adicionando instrução para 'main': store: [r30] = r13
[UPDATE_MAP] Mapeando 'current' para o registrador r13 (que contém o valor de origem).
[ASSIGN_REG] Mapeando 'current' para r13.
[ASSIGN_REG] -> Registrador r13 já continha 'next'. Liberando o mapeamento antigo.
[UNASSIGN_REG] Desmapeado r13 de 'next'.
[UNASSIGN_REG] -> Estado atual: 21 registradores livres. Mapeamentos: {'i': 'r9', 'n': 'r10', 'previous': 'r12'}

--- [TRANSLATE] Processando IR: t3 := i + 1 ---
[TRANSLATE] -> Detalhes: Destino='t3', Expressão='i + 1'
[TRANSLATE] -> Caminho: Operação Aritmética
[ENSURE] Tentando garantir 'i' em um registrador.
[ENSURE] -> Sucesso! 'i' já está em r9.
[TRANSLATE] -> Operando 2 é um imediato: 1
[GET_TEMP] Solicitando registrador para o temporário 't3'.
[GET_FREE] -> Encontrado registrador livre: r14. Restantes: 20.
[ASSIGN_REG] Mapeando 't3' para r14.
[GET_TEMP] -> 't3' alocado no registrador r14.
[ADD_INSTR] Adicionando instrução para 'main': addi: r14 = r9, 1

--- [TRANSLATE] Processando IR: i := t3 ---
[TRANSLATE] -> Detalhes: Destino='i', Expressão='t3'
[TRANSLATE] -> Caminho: Atribuição Simples
[ENSURE] Tentando garantir 't3' em um registrador.
[ENSURE] -> Sucesso! 't3' já está em r14.
[TRANSLATE_ASSIGN] -> Armazenando 'i' na sua posição da pilha.
[ADD_INSTR] Adicionando instrução para 'main': subi: r30 = r31, 2
[ADD_INSTR] Adicionando instrução para 'main': store: [r30] = r14
[UPDATE_MAP] Mapeando 'i' para o registrador r14 (que contém o valor de origem).
[ASSIGN_REG] Mapeando 'i' para r14.
[ASSIGN_REG] -> Variável 'i' já estava em r9. Liberando o mapeamento antigo.
[UNASSIGN_REG] Desmapeado r9 de 'i'.
[UNASSIGN_REG] -> Estado atual: 21 registradores livres. Mapeamentos: {'n': 'r10', 'previous': 'r12', 'current': 'r13', 't3': 'r14'}
[ASSIGN_REG] -> Registrador r14 já continha 't3'. Liberando o mapeamento antigo.
[UNASSIGN_REG] Desmapeado r14 de 't3'.
[UNASSIGN_REG] -> Estado atual: 22 registradores livres. Mapeamentos: {'n': 'r10', 'previous': 'r12', 'current': 'r13'}

--- [TRANSLATE] Processando IR: goto L0 ---
[TRANSLATE] -> Desvio incondicional detectado: L0
[SPILL_ALL] Verificando registradores sujos para salvar. Sujos: {'r14', 'r13'}
[SPILL_ALL] -> Salvando variável local 'i' do registrador r14 na pilha [fp, #-2].
[ADD_INSTR] Adicionando instrução para 'main': subi: r30 = r31, 2
[ADD_INSTR] Adicionando instrução para 'main': store: [r30] = r14
[SPILL_ALL] -> Salvando variável local 'current' do registrador r13 na pilha [fp, #-4].
[ADD_INSTR] Adicionando instrução para 'main': subi: r30 = r31, 4
[ADD_INSTR] Adicionando instrução para 'main': store: [r30] = r13
[ADD_INSTR] Adicionando instrução para 'main': bi: L0
[UNASSIGN_REG] Desmapeado r10 de 'n'.
[UNASSIGN_REG] -> Estado atual: 23 registradores livres. Mapeamentos: {'previous': 'r12', 'current': 'r13', 'i': 'r14'}
[UNASSIGN_REG] Desmapeado r12 de 'previous'.
[UNASSIGN_REG] -> Estado atual: 23 registradores livres. Mapeamentos: {'current': 'r13', 'i': 'r14'}
[UNASSIGN_REG] Desmapeado r13 de 'current'.
[UNASSIGN_REG] -> Estado atual: 23 registradores livres. Mapeamentos: {'i': 'r14'}
[UNASSIGN_REG] Desmapeado r14 de 'i'.
[UNASSIGN_REG] -> Estado atual: 23 registradores livres. Mapeamentos: {}

--- [TRANSLATE] Processando IR: L1: ---
[TRANSLATE] -> Rótulo detectado: L1:
[SPILL_ALL] Verificando registradores sujos para salvar. Sujos: set()
[ADD_INSTR] Adicionando instrução para 'main': L1:

--- [TRANSLATE] Processando IR: arg previous ---
[TRANSLATE] -> Caminho: Enfileirando argumento 1

--- [TRANSLATE] Processando IR: call output, 1 ---
[TRANSLATE] -> Caminho: Chamada de Procedimento
[SPILL_CALL] Preparando spill completo antes de chamada.
[SPILL_ALL] Verificando registradores sujos para salvar. Sujos: set()
[ENSURE] Tentando garantir 'previous' em um registrador.
[ENSURE] -> 'previous' é uma variável da pilha. Carregando...
[GET_FREE] -> Encontrado registrador livre: r15. Restantes: 22.
[ADD_INSTR] Adicionando instrução para 'main': subi: r30 = r31, 3
[ADD_INSTR] Adicionando instrução para 'main': load: r15 = [r30]
[ASSIGN_REG] Mapeando 'previous' para r15.
[ADD_INSTR] Adicionando instrução para 'main': mov: r1 = r15
[ADD_INSTR] Adicionando instrução para 'main': out: r1
[UNASSIGN_REG] Desmapeado r15 de 'previous'.
[UNASSIGN_REG] -> Estado atual: 23 registradores livres. Mapeamentos: {}

--- [TRANSLATE] Processando IR: return _ ---
[TRANSLATE] -> Caminho: Retorno de Função
[SPILL_ALL] Verificando registradores sujos para salvar. Sujos: set()
[TRANSLATE] -> Pular para a seção de epílogo.
[ADD_INSTR] Adicionando instrução para 'main': bi: main_epilogue
-> Finalizando a função 'main', fazendo spill de todos os registradores sujos.
[SPILL_ALL] Verificando registradores sujos para salvar. Sujos: set()
--- Fim da Passagem 2 ---

--- Montagem Final: Construindo o arquivo assembly completo ---
[Montagem] Processando função 'main' com 49 instruções.
[Montagem] Adicionando a seção .data.
[Montagem] -> Variáveis a serem declaradas: []
=== GERAÇÃO DE ASSEMBLY CONCLUÍDA ===
--- ASSEMBLY CODE READY FOR YOUR ASSEMBLER ---
.text
.global main

	bi: main
main:
	movi: r29 = 63
	mov: r31 = r29
	subi: r29 = r29, 9
	in: r4
	subi: r30 = r31, 1
	store: [r30] = r4
	movi: r5 = 0
	subi: r30 = r31, 2
	store: [r30] = r5
	movi: r6 = 0
	subi: r30 = r31, 3
	store: [r30] = r6
	movi: r7 = 1
	subi: r30 = r31, 4
	store: [r30] = r7
	movi: r8 = 0
	subi: r30 = r31, 5
	store: [r30] = r8
	subi: r30 = r31, 1
	store: [r30] = r4
L0:
	subi: r30 = r31, 2
	load: r9 = [r30]
	subi: r30 = r31, 1
	load: r10 = [r30]
	subs: r0 = r9, r10
	bigteq: L1
	subi: r30 = r31, 3
	load: r11 = [r30]
	subi: r30 = r31, 4
	load: r12 = [r30]
	add: r13 = r11, r12
	subi: r30 = r31, 5
	store: [r30] = r13
	subi: r30 = r31, 3
	store: [r30] = r12
	subi: r30 = r31, 4
	store: [r30] = r13
	addi: r14 = r9, 1
	subi: r30 = r31, 2
	store: [r30] = r14
	subi: r30 = r31, 2
	store: [r30] = r14
	subi: r30 = r31, 4
	store: [r30] = r13
	bi: L0
L1:
	subi: r30 = r31, 3
	load: r15 = [r30]
	mov: r1 = r15
	out: r1
	bi: main_epilogue
main_epilogue:
	ret:

.data
stack_space: .space 64
---------------------------------------------
--- DEBUG OUTPUT ---
00001110000000000000000000000001 -> bi: main
00000010100011101000000000111111 -> movi: r29 = 63
00000000100011111000001110100000 -> mov: r31 = r29
00000010000111101111010000001001 -> subi: r29 = r29, 9
00000000100100100000000000000000 -> in: r4
00000010000111110111110000000001 -> subi: r30 = r31, 1
00000100000000000001001111000000 -> store: [r30] = r4
00000010100000101000000000000000 -> movi: r5 = 0
00000010000111110111110000000010 -> subi: r30 = r31, 2
00000100000000000001011111000000 -> store: [r30] = r5
00000010100000110000000000000000 -> movi: r6 = 0
00000010000111110111110000000011 -> subi: r30 = r31, 3
00000100000000000001101111000000 -> store: [r30] = r6
00000010100000111000000000000001 -> movi: r7 = 1
00000010000111110111110000000100 -> subi: r30 = r31, 4
00000100000000000001111111000000 -> store: [r30] = r7
00000010100001000000000000000000 -> movi: r8 = 0
00000010000111110111110000000101 -> subi: r30 = r31, 5
00000100000000000010001111000000 -> store: [r30] = r8
00000010000111110111110000000001 -> subi: r30 = r31, 1
00000100000000000001001111000000 -> store: [r30] = r4
00000010000111110111110000000010 -> subi: r30 = r31, 2
00000100000101001000001111000000 -> load: r9 = [r30]
00000010000111110111110000000001 -> subi: r30 = r31, 1
00000100000101010000001111000000 -> load: r10 = [r30]
00000001000100000010010101000000 -> subs: r0 = r9, r10
01001110000000000000000000010100 -> bigteq: L1
00000010000111110111110000000011 -> subi: r30 = r31, 3
00000100000101011000001111000000 -> load: r11 = [r30]
00000010000111110111110000000100 -> subi: r30 = r31, 4
00000100000101100000001111000000 -> load: r12 = [r30]
00000000000001101010110110000000 -> add: r13 = r11, r12
00000010000111110111110000000101 -> subi: r30 = r31, 5
00000100000000000011011111000000 -> store: [r30] = r13
00000010000111110111110000000011 -> subi: r30 = r31, 3
00000100000000000011001111000000 -> store: [r30] = r12
00000010000111110111110000000100 -> subi: r30 = r31, 4
00000100000000000011011111000000 -> store: [r30] = r13
00000010000001110010010000000001 -> addi: r14 = r9, 1
00000010000111110111110000000010 -> subi: r30 = r31, 2
00000100000000000011101111000000 -> store: [r30] = r14
00000010000111110111110000000010 -> subi: r30 = r31, 2
00000100000000000011101111000000 -> store: [r30] = r14
00000010000111110111110000000100 -> subi: r30 = r31, 4
00000100000000000011011111000000 -> store: [r30] = r13
00001110000000000000001111101000 -> bi: L0
00000010000111110111110000000011 -> subi: r30 = r31, 3
00000100000101111000001111000000 -> load: r15 = [r30]
00000000100000001000000111100000 -> mov: r1 = r15
00000000101000000000000000100000 -> out: r1
00001110000000000000000000000001 -> bi: main_epilogue
00001110000000000000000000000000 -> ret -> bi 0
00000000000000000000000000000000 -> data stack_space[0] .space
00000000000000000000000000000000 -> data stack_space[1] .space
00000000000000000000000000000000 -> data stack_space[2] .space
00000000000000000000000000000000 -> data stack_space[3] .space
00000000000000000000000000000000 -> data stack_space[4] .space
00000000000000000000000000000000 -> data stack_space[5] .space
00000000000000000000000000000000 -> data stack_space[6] .space
00000000000000000000000000000000 -> data stack_space[7] .space
00000000000000000000000000000000 -> data stack_space[8] .space
00000000000000000000000000000000 -> data stack_space[9] .space
00000000000000000000000000000000 -> data stack_space[10] .space
00000000000000000000000000000000 -> data stack_space[11] .space
00000000000000000000000000000000 -> data stack_space[12] .space
00000000000000000000000000000000 -> data stack_space[13] .space
00000000000000000000000000000000 -> data stack_space[14] .space
00000000000000000000000000000000 -> data stack_space[15] .space
00000000000000000000000000000000 -> data stack_space[16] .space
00000000000000000000000000000000 -> data stack_space[17] .space
00000000000000000000000000000000 -> data stack_space[18] .space
00000000000000000000000000000000 -> data stack_space[19] .space
00000000000000000000000000000000 -> data stack_space[20] .space
00000000000000000000000000000000 -> data stack_space[21] .space
00000000000000000000000000000000 -> data stack_space[22] .space
00000000000000000000000000000000 -> data stack_space[23] .space
00000000000000000000000000000000 -> data stack_space[24] .space
00000000000000000000000000000000 -> data stack_space[25] .space
00000000000000000000000000000000 -> data stack_space[26] .space
00000000000000000000000000000000 -> data stack_space[27] .space
00000000000000000000000000000000 -> data stack_space[28] .space
00000000000000000000000000000000 -> data stack_space[29] .space
00000000000000000000000000000000 -> data stack_space[30] .space
00000000000000000000000000000000 -> data stack_space[31] .space
00000000000000000000000000000000 -> data stack_space[32] .space
00000000000000000000000000000000 -> data stack_space[33] .space
00000000000000000000000000000000 -> data stack_space[34] .space
00000000000000000000000000000000 -> data stack_space[35] .space
00000000000000000000000000000000 -> data stack_space[36] .space
00000000000000000000000000000000 -> data stack_space[37] .space
00000000000000000000000000000000 -> data stack_space[38] .space
00000000000000000000000000000000 -> data stack_space[39] .space
00000000000000000000000000000000 -> data stack_space[40] .space
00000000000000000000000000000000 -> data stack_space[41] .space
00000000000000000000000000000000 -> data stack_space[42] .space
00000000000000000000000000000000 -> data stack_space[43] .space
00000000000000000000000000000000 -> data stack_space[44] .space
00000000000000000000000000000000 -> data stack_space[45] .space
00000000000000000000000000000000 -> data stack_space[46] .space
00000000000000000000000000000000 -> data stack_space[47] .space
00000000000000000000000000000000 -> data stack_space[48] .space
00000000000000000000000000000000 -> data stack_space[49] .space
00000000000000000000000000000000 -> data stack_space[50] .space
00000000000000000000000000000000 -> data stack_space[51] .space
00000000000000000000000000000000 -> data stack_space[52] .space
00000000000000000000000000000000 -> data stack_space[53] .space
00000000000000000000000000000000 -> data stack_space[54] .space
00000000000000000000000000000000 -> data stack_space[55] .space
00000000000000000000000000000000 -> data stack_space[56] .space
00000000000000000000000000000000 -> data stack_space[57] .space
00000000000000000000000000000000 -> data stack_space[58] .space
00000000000000000000000000000000 -> data stack_space[59] .space
00000000000000000000000000000000 -> data stack_space[60] .space
00000000000000000000000000000000 -> data stack_space[61] .space
00000000000000000000000000000000 -> data stack_space[62] .space
00000000000000000000000000000000 -> data stack_space[63] .space
Mapeamento assembly->máquina salvo em: docs/generated/diagnostics/assembler/assembly_to_machine.txt

Código de máquina gerado com sucesso em: docs/generated/final/assembler/machine_code/generated_machine_code.txt
--- MACHINE CODE DECODED ---
