Initializing symbol table and scope stack...
Symbol table initialized successfully.
Parsing 'docs/input/cminus/fibonacci.txt'...
[LEX][1] INT      -> 'int'
[LEX][1] ID       -> 'fib'
[LEX][1] LPAREN   -> '('
[LEX][1] INT      -> 'int'
[LEX][1] ID       -> 'n'
[LEX][1] RPAREN   -> ')'
[AST DBG] newNode kind=AST_PARAM -> 0x6398eccc8860
[AST DBG] newNode kind=AST_PARAM_LIST -> 0x6398eccc88c0
[AST DBG] addChild parent=0x6398eccc88c0(AST_PARAM_LIST, lineno=1) child=0x6398eccc8860(AST_PARAM, lineno=1)
[LEX][2] LBRACE   -> '{'
[LEX][3] IF       -> 'if'
[LEX][3] LPAREN   -> '('
[LEX][3] ID       -> 'n'
[LEX][3] LT       -> '<'
[AST DBG] newNode kind=AST_ID -> 0x6398eccc8940
[AST DBG] newIdNode("n") -> 0x6398eccc8940
[AST DBG] newNode kind=AST_OP -> 0x6398eccc89a0
[LEX][3] NUM      -> '2' (2)
[AST DBG] newNode kind=AST_NUM -> 0x6398eccc89e0
[AST DBG] newNumNode(2) -> 0x6398eccc89e0
[LEX][3] RPAREN   -> ')'
[AST DBG] newNode kind=AST_BINOP -> 0x6398eccc8a20
[AST DBG] addChild parent=0x6398eccc8a20(AST_BINOP, lineno=3) child=0x6398eccc8940(AST_ID, lineno=3)
[AST DBG] addChild parent=0x6398eccc8a20(AST_BINOP, lineno=3) child=0x6398eccc89a0(AST_OP, lineno=3)
[AST DBG] addChild parent=0x6398eccc8a20(AST_BINOP, lineno=3) child=0x6398eccc89e0(AST_NUM, lineno=3)
[PARSER DBG] binop: left=0x6398eccc8940 op=0x6398eccc89a0 right=0x6398eccc89e0
[LEX][3] RETURN   -> 'return'
[LEX][3] ID       -> 'n'
[LEX][3] SEMI     -> ';'
[AST DBG] newNode kind=AST_ID -> 0x6398eccc8a80
[AST DBG] newIdNode("n") -> 0x6398eccc8a80
[AST DBG] newNode kind=AST_RETURN -> 0x6398eccc8ae0
[AST DBG] addChild parent=0x6398eccc8ae0(AST_RETURN, lineno=3) child=0x6398eccc8a80(AST_ID, lineno=3)
[LEX][4] RETURN   -> 'return'
[AST DBG] newNode kind=AST_IF -> 0x6398eccc8b20
[AST DBG] addChild parent=0x6398eccc8b20(AST_IF, lineno=3) child=0x6398eccc8a20(AST_BINOP, lineno=3)
[AST DBG] addChild parent=0x6398eccc8b20(AST_IF, lineno=3) child=0x6398eccc8ae0(AST_RETURN, lineno=3)
[LEX][4] ID       -> 'fib'
[LEX][4] LPAREN   -> '('
[LEX][4] ID       -> 'n'
[LEX][4] MINUS    -> '-'
[AST DBG] newNode kind=AST_ID -> 0x6398eccc8b80
[AST DBG] newIdNode("n") -> 0x6398eccc8b80
[AST DBG] newNode kind=AST_OP -> 0x6398eccc8be0
[LEX][4] NUM      -> '1' (1)
[AST DBG] newNode kind=AST_NUM -> 0x6398eccc8c20
[AST DBG] newNumNode(1) -> 0x6398eccc8c20
[LEX][4] RPAREN   -> ')'
[AST DBG] newNode kind=AST_BINOP -> 0x6398eccc8c60
[AST DBG] addChild parent=0x6398eccc8c60(AST_BINOP, lineno=4) child=0x6398eccc8b80(AST_ID, lineno=4)
[AST DBG] addChild parent=0x6398eccc8c60(AST_BINOP, lineno=4) child=0x6398eccc8be0(AST_OP, lineno=4)
[AST DBG] addChild parent=0x6398eccc8c60(AST_BINOP, lineno=4) child=0x6398eccc8c20(AST_NUM, lineno=4)
[AST DBG] newNode kind=AST_ARG_LIST -> 0x6398eccc8ca0
[AST DBG] addChild parent=0x6398eccc8ca0(AST_ARG_LIST, lineno=4) child=0x6398eccc8c60(AST_BINOP, lineno=4)
[AST DBG] newNode kind=AST_CALL -> 0x6398eccc8ce0
[AST DBG] addChild parent=0x6398eccc8ce0(AST_CALL, lineno=4) child=0x6398eccc8ca0(AST_ARG_LIST, lineno=4)
[LEX][4] PLUS     -> '+'
[AST DBG] newNode kind=AST_OP -> 0x6398eccc8d40
[LEX][4] ID       -> 'fib'
[LEX][4] LPAREN   -> '('
[LEX][4] ID       -> 'n'
[LEX][4] MINUS    -> '-'
[AST DBG] newNode kind=AST_ID -> 0x6398eccc8dc0
[AST DBG] newIdNode("n") -> 0x6398eccc8dc0
[AST DBG] newNode kind=AST_OP -> 0x6398eccc8e20
[LEX][4] NUM      -> '2' (2)
[AST DBG] newNode kind=AST_NUM -> 0x6398eccc8e60
[AST DBG] newNumNode(2) -> 0x6398eccc8e60
[LEX][4] RPAREN   -> ')'
[AST DBG] newNode kind=AST_BINOP -> 0x6398eccc8ea0
[AST DBG] addChild parent=0x6398eccc8ea0(AST_BINOP, lineno=4) child=0x6398eccc8dc0(AST_ID, lineno=4)
[AST DBG] addChild parent=0x6398eccc8ea0(AST_BINOP, lineno=4) child=0x6398eccc8e20(AST_OP, lineno=4)
[AST DBG] addChild parent=0x6398eccc8ea0(AST_BINOP, lineno=4) child=0x6398eccc8e60(AST_NUM, lineno=4)
[AST DBG] newNode kind=AST_ARG_LIST -> 0x6398eccc8ee0
[AST DBG] addChild parent=0x6398eccc8ee0(AST_ARG_LIST, lineno=4) child=0x6398eccc8ea0(AST_BINOP, lineno=4)
[AST DBG] newNode kind=AST_CALL -> 0x6398eccc8f20
[AST DBG] addChild parent=0x6398eccc8f20(AST_CALL, lineno=4) child=0x6398eccc8ee0(AST_ARG_LIST, lineno=4)
[LEX][4] SEMI     -> ';'
[AST DBG] newNode kind=AST_BINOP -> 0x6398eccc8f80
[AST DBG] addChild parent=0x6398eccc8f80(AST_BINOP, lineno=4) child=0x6398eccc8ce0(AST_CALL, lineno=4)
[AST DBG] addChild parent=0x6398eccc8f80(AST_BINOP, lineno=4) child=0x6398eccc8d40(AST_OP, lineno=4)
[AST DBG] addChild parent=0x6398eccc8f80(AST_BINOP, lineno=4) child=0x6398eccc8f20(AST_CALL, lineno=4)
[AST DBG] newNode kind=AST_RETURN -> 0x6398eccc8fc0
[AST DBG] addChild parent=0x6398eccc8fc0(AST_RETURN, lineno=4) child=0x6398eccc8f80(AST_BINOP, lineno=4)
[LEX][5] RBRACE   -> '}'
[AST DBG] newNode kind=AST_BLOCK -> 0x6398eccc9000
[AST DBG] addChild parent=0x6398eccc9000(AST_BLOCK, lineno=5) child=0x6398eccc8b20(AST_IF, lineno=3)
[AST DBG] addChild parent=0x6398eccc9000(AST_BLOCK, lineno=5) child=0x6398eccc8fc0(AST_RETURN, lineno=4)
[PARSER DBG] compound_stmt: scope=fib#block0 decls=(nil) stmts=0x6398eccc8b20
[AST DBG] newNode kind=AST_FUN_DECL -> 0x6398eccc9040
[AST DBG] addChild parent=0x6398eccc9040(AST_FUN_DECL, lineno=1) child=0x6398eccc88c0(AST_PARAM_LIST, lineno=1)
[AST DBG] addChild parent=0x6398eccc9040(AST_FUN_DECL, lineno=1) child=0x6398eccc9000(AST_BLOCK, lineno=5)
[PARSER DBG] fun_declaration: name=fib, params=0x6398eccc88c0, body=0x6398eccc9000
[LEX][7] VOID     -> 'void'
[LEX][7] ID       -> 'main'
[LEX][7] LPAREN   -> '('
[LEX][7] VOID     -> 'void'
[LEX][7] RPAREN   -> ')'
[LEX][8] LBRACE   -> '{'
[LEX][9] INT      -> 'int'
[LEX][9] ID       -> 'in'
[LEX][9] SEMI     -> ';'
[AST DBG] newNode kind=AST_VAR_DECL -> 0x6398eccc9240
[PARSER DBG] var_declaration: name=in[LEX][10] INT      -> 'int'
[LEX][10] ID       -> 'r'
[LEX][10] SEMI     -> ';'
[AST DBG] newNode kind=AST_VAR_DECL -> 0x6398eccc9350
[PARSER DBG] var_declaration: name=r[LEX][11] ID       -> 'in'
[LEX][11] ASSIGN   -> '='
[AST DBG] newNode kind=AST_ID -> 0x6398eccc93b0
[AST DBG] newIdNode("in") -> 0x6398eccc93b0
[LEX][11] ID       -> 'input'
[LEX][11] LPAREN   -> '('
[LEX][11] RPAREN   -> ')'
[AST DBG] newNode kind=AST_CALL -> 0x6398eccc9410
[LEX][11] SEMI     -> ';'
[AST DBG] newNode kind=AST_ASSIGN -> 0x6398eccc9470
[AST DBG] addChild parent=0x6398eccc9470(AST_ASSIGN, lineno=11) child=0x6398eccc93b0(AST_ID, lineno=11)
[AST DBG] addChild parent=0x6398eccc9470(AST_ASSIGN, lineno=11) child=0x6398eccc9410(AST_CALL, lineno=11)
[PARSER DBG] assignment: var=0x6398eccc93b0 expr=0x6398eccc9410
[LEX][12] ID       -> 'r'
[LEX][12] ASSIGN   -> '='
[AST DBG] newNode kind=AST_ID -> 0x6398eccc94b0
[AST DBG] newIdNode("r") -> 0x6398eccc94b0
[LEX][12] ID       -> 'fib'
[LEX][12] LPAREN   -> '('
[LEX][12] ID       -> 'in'
[LEX][12] RPAREN   -> ')'
[AST DBG] newNode kind=AST_ID -> 0x6398eccc9530
[AST DBG] newIdNode("in") -> 0x6398eccc9530
[AST DBG] newNode kind=AST_ARG_LIST -> 0x6398eccc9590
[AST DBG] addChild parent=0x6398eccc9590(AST_ARG_LIST, lineno=12) child=0x6398eccc9530(AST_ID, lineno=12)
[AST DBG] newNode kind=AST_CALL -> 0x6398eccc95d0
[AST DBG] addChild parent=0x6398eccc95d0(AST_CALL, lineno=12) child=0x6398eccc9590(AST_ARG_LIST, lineno=12)
[LEX][12] SEMI     -> ';'
[AST DBG] newNode kind=AST_ASSIGN -> 0x6398eccc9610
[AST DBG] addChild parent=0x6398eccc9610(AST_ASSIGN, lineno=12) child=0x6398eccc94b0(AST_ID, lineno=12)
[AST DBG] addChild parent=0x6398eccc9610(AST_ASSIGN, lineno=12) child=0x6398eccc95d0(AST_CALL, lineno=12)
[PARSER DBG] assignment: var=0x6398eccc94b0 expr=0x6398eccc95d0
[LEX][13] ID       -> 'output'
[LEX][13] LPAREN   -> '('
[LEX][13] ID       -> 'r'
[LEX][13] RPAREN   -> ')'
[AST DBG] newNode kind=AST_ID -> 0x6398eccc9670
[AST DBG] newIdNode("r") -> 0x6398eccc9670
[AST DBG] newNode kind=AST_ARG_LIST -> 0x6398eccc96d0
[AST DBG] addChild parent=0x6398eccc96d0(AST_ARG_LIST, lineno=13) child=0x6398eccc9670(AST_ID, lineno=13)
[AST DBG] newNode kind=AST_CALL -> 0x6398eccc9710
[AST DBG] addChild parent=0x6398eccc9710(AST_CALL, lineno=13) child=0x6398eccc96d0(AST_ARG_LIST, lineno=13)
[LEX][13] SEMI     -> ';'
[LEX][14] RBRACE   -> '}'
[AST DBG] newNode kind=AST_BLOCK -> 0x6398eccc9750
[AST DBG] addChild parent=0x6398eccc9750(AST_BLOCK, lineno=14) child=0x6398eccc9240(AST_VAR_DECL, lineno=9)
[AST DBG] addChild parent=0x6398eccc9750(AST_BLOCK, lineno=14) child=0x6398eccc9470(AST_ASSIGN, lineno=11)
[AST DBG] addChild parent=0x6398eccc9750(AST_BLOCK, lineno=14) child=0x6398eccc9610(AST_ASSIGN, lineno=12)
[AST DBG] addChild parent=0x6398eccc9750(AST_BLOCK, lineno=14) child=0x6398eccc9710(AST_CALL, lineno=13)
[PARSER DBG] compound_stmt: scope=main#block1 decls=0x6398eccc9240 stmts=0x6398eccc9470
[AST DBG] newNode kind=AST_FUN_DECL -> 0x6398eccc9790
[AST DBG] addChild parent=0x6398eccc9790(AST_FUN_DECL, lineno=7) child=0x6398eccc9750(AST_BLOCK, lineno=14)
[PARSER DBG] fun_declaration: name=main, params=(nil), body=0x6398eccc9750
[PARSER DBG] declaration_list: added main
[LEX][15] EOF
[AST DBG] newNode kind=AST_PROGRAM -> 0x6398eccc97d0
[AST DBG] addChild parent=0x6398eccc97d0(AST_PROGRAM, lineno=1) child=0x6398eccc9040(AST_FUN_DECL, lineno=1)
[AST DBG] addChild parent=0x6398eccc97d0(AST_PROGRAM, lineno=1) child=0x6398eccc9790(AST_FUN_DECL, lineno=7)
Parse successful.

=== AST ===
Program (lineno=1)
  FunDecl(name=fib, lineno=1)
    ParamList (lineno=1)
      Param(name=n, lineno=1)
    Block (lineno=5)
      If (lineno=3)
        BinOp (lineno=3)
          Id(name=n, lineno=3)
          Op(op='<', lineno=3)
          Num(value=2, lineno=3)
        Return (lineno=3)
          Id(name=n, lineno=3)
      Return (lineno=4)
        BinOp (lineno=4)
          Call(name=fib, lineno=4)
            ArgList (lineno=4)
              BinOp (lineno=4)
                Id(name=n, lineno=4)
                Op(op='-', lineno=4)
                Num(value=1, lineno=4)
          Op(op='+', lineno=4)
          Call(name=fib, lineno=4)
            ArgList (lineno=4)
              BinOp (lineno=4)
                Id(name=n, lineno=4)
                Op(op='-', lineno=4)
                Num(value=2, lineno=4)
  FunDecl(name=main, lineno=7)
    Block (lineno=14)
      VarDecl(name=in, lineno=9)
      VarDecl(name=r, lineno=10)
      Assign (lineno=11)
        Id(name=in, lineno=11)
        Call(name=input, lineno=11)
      Assign (lineno=12)
        Id(name=r, lineno=12)
        Call(name=fib, lineno=12)
          ArgList (lineno=12)
            Id(name=in, lineno=12)
      Call(name=output, lineno=13)
        ArgList (lineno=13)
          Id(name=r, lineno=13)
AST has been saved to: docs/generated/frontend/syntax_tree/ast.txt
Semantic analysis completed successfully with no errors.

=== IR ===

[IR_DBG] === Starting IR Generation ===
[IR_DBG] Pass 1: Searching for global variable declarations...
[IR_DBG] > generate_ir_for_node: Processing node kind AST_PROGRAM at line 1
[IR_DBG]   Case AST_PROGRAM
[IR_DBG] > generate_ir_for_node: Processing node kind AST_FUN_DECL at line 1
[IR_DBG]   Case AST_FUN_DECL for 'fib'
[IR_DBG] Creating new name operand: fib
[IR_DBG] Emitting instruction with opcode 15
[IR_DBG] Creating new name operand: n
[IR_DBG] Emitting instruction with opcode 19
[IR_DBG] > generate_ir_for_node: Processing node kind AST_BLOCK at line 5
[IR_DBG]   Case AST_BLOCK
[IR_DBG] > generate_ir_for_node: Processing node kind AST_IF at line 3
[IR_DBG]   Case AST_IF
[IR_DBG] Creating new label: L0
[IR_DBG] Creating new label: L1
[IR_DBG] >> generate_ir_for_expr: Processing expression kind AST_BINOP at line 3
[IR_DBG]    Case AST_BINOP
[IR_DBG]      Operator: '<'
[IR_DBG] >> generate_ir_for_expr: Processing expression kind AST_ID at line 3
[IR_DBG]    Case AST_ID
[IR_DBG] Creating new name operand: n
[IR_DBG] << generate_ir_for_expr: Finished processing expression kind AST_ID
[IR_DBG] >> generate_ir_for_expr: Processing expression kind AST_NUM at line 3
[IR_DBG]    Case AST_NUM
[IR_DBG] Creating new constant: 2
[IR_DBG] << generate_ir_for_expr: Finished processing expression kind AST_NUM
[IR_DBG] Creating new temporary: t0
[IR_DBG] Emitting instruction with opcode 11
[IR_DBG] << generate_ir_for_expr: Finished processing expression kind AST_BINOP
[IR_DBG] Emitting instruction with opcode 17
[IR_DBG] > generate_ir_for_node: Processing node kind AST_RETURN at line 3
[IR_DBG]   Case AST_RETURN
[IR_DBG] >> generate_ir_for_expr: Processing expression kind AST_ID at line 3
[IR_DBG]    Case AST_ID
[IR_DBG] Creating new name operand: n
[IR_DBG] << generate_ir_for_expr: Finished processing expression kind AST_ID
[IR_DBG] Emitting instruction with opcode 18
[IR_DBG] < generate_ir_for_node: Finished processing node kind AST_RETURN
[IR_DBG] Emitting instruction with opcode 16
[IR_DBG] Emitting instruction with opcode 15
[IR_DBG] Emitting instruction with opcode 15
[IR_DBG] < generate_ir_for_node: Finished processing node kind AST_IF
[IR_DBG] > generate_ir_for_node: Processing node kind AST_RETURN at line 4
[IR_DBG]   Case AST_RETURN
[IR_DBG] >> generate_ir_for_expr: Processing expression kind AST_BINOP at line 4
[IR_DBG]    Case AST_BINOP
[IR_DBG]      Operator: '+'
[IR_DBG] >> generate_ir_for_expr: Processing expression kind AST_CALL at line 4
[IR_DBG]    Case AST_CALL for function 'fib'
[IR_DBG] >> generate_ir_for_expr: Processing expression kind AST_BINOP at line 4
[IR_DBG]    Case AST_BINOP
[IR_DBG]      Operator: '-'
[IR_DBG] >> generate_ir_for_expr: Processing expression kind AST_ID at line 4
[IR_DBG]    Case AST_ID
[IR_DBG] Creating new name operand: n
[IR_DBG] << generate_ir_for_expr: Finished processing expression kind AST_ID
[IR_DBG] >> generate_ir_for_expr: Processing expression kind AST_NUM at line 4
[IR_DBG]    Case AST_NUM
[IR_DBG] Creating new constant: 1
[IR_DBG] << generate_ir_for_expr: Finished processing expression kind AST_NUM
[IR_DBG] Creating new temporary: t1
[IR_DBG] Emitting instruction with opcode 6
[IR_DBG] << generate_ir_for_expr: Finished processing expression kind AST_BINOP
[IR_DBG] Emitting instruction with opcode 20
[IR_DBG] Creating new temporary: t2
[IR_DBG] Creating new constant: 1
[IR_DBG] Creating new name operand: fib
[IR_DBG] Emitting instruction with opcode 22
[IR_DBG] << generate_ir_for_expr: Finished processing expression kind AST_CALL
[IR_DBG] >> generate_ir_for_expr: Processing expression kind AST_CALL at line 4
[IR_DBG]    Case AST_CALL for function 'fib'
[IR_DBG] >> generate_ir_for_expr: Processing expression kind AST_BINOP at line 4
[IR_DBG]    Case AST_BINOP
[IR_DBG]      Operator: '-'
[IR_DBG] >> generate_ir_for_expr: Processing expression kind AST_ID at line 4
[IR_DBG]    Case AST_ID
[IR_DBG] Creating new name operand: n
[IR_DBG] << generate_ir_for_expr: Finished processing expression kind AST_ID
[IR_DBG] >> generate_ir_for_expr: Processing expression kind AST_NUM at line 4
[IR_DBG]    Case AST_NUM
[IR_DBG] Creating new constant: 2
[IR_DBG] << generate_ir_for_expr: Finished processing expression kind AST_NUM
[IR_DBG] Creating new temporary: t3
[IR_DBG] Emitting instruction with opcode 6
[IR_DBG] << generate_ir_for_expr: Finished processing expression kind AST_BINOP
[IR_DBG] Emitting instruction with opcode 20
[IR_DBG] Creating new temporary: t4
[IR_DBG] Creating new constant: 1
[IR_DBG] Creating new name operand: fib
[IR_DBG] Emitting instruction with opcode 22
[IR_DBG] << generate_ir_for_expr: Finished processing expression kind AST_CALL
[IR_DBG] Creating new temporary: t5
[IR_DBG] Emitting instruction with opcode 5
[IR_DBG] << generate_ir_for_expr: Finished processing expression kind AST_BINOP
[IR_DBG] Emitting instruction with opcode 18
[IR_DBG] < generate_ir_for_node: Finished processing node kind AST_RETURN
[IR_DBG] < generate_ir_for_node: Finished processing node kind AST_BLOCK
[IR_DBG] Emitting instruction with opcode 18
[IR_DBG] < generate_ir_for_node: Finished processing node kind AST_FUN_DECL
[IR_DBG] > generate_ir_for_node: Processing node kind AST_FUN_DECL at line 7
[IR_DBG]   Case AST_FUN_DECL for 'main'
[IR_DBG] Creating new name operand: main
[IR_DBG] Emitting instruction with opcode 15
[IR_DBG] > generate_ir_for_node: Processing node kind AST_BLOCK at line 14
[IR_DBG]   Case AST_BLOCK
[IR_DBG] > generate_ir_for_node: Processing node kind AST_ASSIGN at line 11
[IR_DBG]   Case AST_ASSIGN (as statement)
[IR_DBG] >> generate_ir_for_expr: Processing expression kind AST_ASSIGN at line 11
[IR_DBG]    Case AST_ASSIGN
[IR_DBG] >> generate_ir_for_expr: Processing expression kind AST_CALL at line 11
[IR_DBG]    Case AST_CALL for function 'input'
[IR_DBG] Creating new temporary: t6
[IR_DBG] Creating new constant: 0
[IR_DBG] Creating new name operand: input
[IR_DBG] Emitting instruction with opcode 22
[IR_DBG] << generate_ir_for_expr: Finished processing expression kind AST_CALL
[IR_DBG] Creating new name operand: in
[IR_DBG] Emitting instruction with opcode 0
[IR_DBG] << generate_ir_for_expr: Finished processing expression kind AST_ASSIGN
[IR_DBG] < generate_ir_for_node: Finished processing node kind AST_ASSIGN
[IR_DBG] > generate_ir_for_node: Processing node kind AST_ASSIGN at line 12
[IR_DBG]   Case AST_ASSIGN (as statement)
[IR_DBG] >> generate_ir_for_expr: Processing expression kind AST_ASSIGN at line 12
[IR_DBG]    Case AST_ASSIGN
[IR_DBG] >> generate_ir_for_expr: Processing expression kind AST_CALL at line 12
[IR_DBG]    Case AST_CALL for function 'fib'
[IR_DBG] >> generate_ir_for_expr: Processing expression kind AST_ID at line 12
[IR_DBG]    Case AST_ID
[IR_DBG] Creating new name operand: in
[IR_DBG] << generate_ir_for_expr: Finished processing expression kind AST_ID
[IR_DBG] Emitting instruction with opcode 20
[IR_DBG] Creating new temporary: t7
[IR_DBG] Creating new constant: 1
[IR_DBG] Creating new name operand: fib
[IR_DBG] Emitting instruction with opcode 22
[IR_DBG] << generate_ir_for_expr: Finished processing expression kind AST_CALL
[IR_DBG] Creating new name operand: r
[IR_DBG] Emitting instruction with opcode 0
[IR_DBG] << generate_ir_for_expr: Finished processing expression kind AST_ASSIGN
[IR_DBG] < generate_ir_for_node: Finished processing node kind AST_ASSIGN
[IR_DBG] > generate_ir_for_node: Processing node kind AST_CALL at line 13
[IR_DBG]   Case AST_CALL (as statement)
[IR_DBG] >> generate_ir_for_expr: Processing expression kind AST_CALL at line 13
[IR_DBG]    Case AST_CALL for function 'output'
[IR_DBG] >> generate_ir_for_expr: Processing expression kind AST_ID at line 13
[IR_DBG]    Case AST_ID
[IR_DBG] Creating new name operand: r
[IR_DBG] << generate_ir_for_expr: Finished processing expression kind AST_ID
[IR_DBG] Emitting instruction with opcode 20
[IR_DBG] Creating new constant: 1
[IR_DBG] Creating new name operand: output
[IR_DBG] Emitting instruction with opcode 21
[IR_DBG] << generate_ir_for_expr: Finished processing expression kind AST_CALL
[IR_DBG] < generate_ir_for_node: Finished processing node kind AST_CALL
[IR_DBG] < generate_ir_for_node: Finished processing node kind AST_BLOCK
[IR_DBG] Emitting instruction with opcode 18
[IR_DBG] < generate_ir_for_node: Finished processing node kind AST_FUN_DECL
[IR_DBG] < generate_ir_for_node: Finished processing node kind AST_PROGRAM
[IR_DBG] === Finished IR Generation ===

--- BEGIN IR DUMP (Terminal) ---
fib:
  param n
  t0 := n < 2
  if_false t0 goto L0
  return n
L0:
L1:
  t1 := n - 1
  arg t1
  t2 := call fib, 1
  t3 := n - 2
  arg t3
  t4 := call fib, 1
  t5 := t2 + t4
  return t5
main:
  t6 := call input, 0
  in := t6
  arg in
  t7 := call fib, 1
  r := t7
  arg r
  call output, 1
  return _
--- END IR DUMP ---
IR dump has been saved to: docs/generated/intermediate/semantic/ir/generated_IR.txt
======= SYMBOL TABLE =======
Name            Scope      Kind   Decl Lines           Use Lines            Type  
--------------------------------------------------------------------------
r               main#block1 VAR    10	12,13	INT
in              main#block1 VAR    9	11,12	INT
main            global     FUNC   7		VOID
n               fib        VAR    1	3,3,4,4	INT
fib             global     FUNC   1	4,4,12	INT
output          global     FUNC   0	13	VOID
input           global     FUNC   0	11	INT
======= END OF TABLE =======
Symbol table has been saved to: docs/generated/frontend/symbol_table/symbol_table.txt
